INFO:project.database.mongodb_operations:MongoDB connection established to localhost
INFO:project.service.staged_pipeline_service:Starting staged pipeline with 50 symbols
INFO:project.service.staged_pipeline_service:
================================================================================
INFO:project.service.staged_pipeline_service:Stage 1: Earnings Filter
INFO:project.service.staged_pipeline_service:================================================================================
INFO:project.indicator.staged_data_loader:Loading E data for 50 symbols
INFO:project.database.mongodb_operations:MongoDB connection established to localhost
INFO:project.indicator.data_frame_generator:Initialized DataFrameGenerator for US market with 50 symbols
INFO:project.indicator.data_frame_generator:Starting parallel database loading...
INFO:project.indicator.data_frame_generator:Successfully read data for 16 symbols from NasDataBase_E
INFO:project.indicator.data_frame_generator:Loaded E data successfully
INFO:project.indicator.data_frame_generator:Successfully read data for 19 symbols from NasDataBase_F
INFO:project.indicator.data_frame_generator:Loaded F data successfully
INFO:project.indicator.data_frame_generator:Successfully read data for 17 symbols from NasDataBase_RS
INFO:project.indicator.data_frame_generator:Loaded RS data successfully
INFO:project.indicator.data_frame_generator:Successfully read data for 27 symbols from NasDataBase_AD
INFO:project.indicator.data_frame_generator:Loaded AD data successfully
INFO:project.indicator.data_frame_generator:Successfully read data for 27 symbols from NasDataBase_W
INFO:project.indicator.data_frame_generator:Loaded W data successfully
INFO:project.indicator.data_frame_generator:Database loading complete. Common tickers: 14
INFO:project.indicator.data_frame_generator:Post-processing dataframes...
INFO:project.indicator.data_frame_generator:Processing US fundamental data...
INFO:project.indicator.staged_data_loader:Loaded E data: 14 symbols with data
INFO:project.database.mongodb_operations:MongoDB connection closed
INFO:project.service.staged_pipeline_service:Loaded E data: 14 symbols
INFO:project.service.staged_pipeline_service:Stage 1 complete: 10/50 passed (1.20s)
INFO:project.service.staged_pipeline_service:
================================================================================
INFO:project.service.staged_pipeline_service:Stage 2: Fundamental Filter
INFO:project.service.staged_pipeline_service:================================================================================
INFO:project.indicator.staged_data_loader:Loading F data for 10 symbols
INFO:project.database.mongodb_operations:MongoDB connection established to localhost
INFO:project.indicator.data_frame_generator:Initialized DataFrameGenerator for US market with 10 symbols
INFO:project.indicator.data_frame_generator:Starting parallel database loading...
INFO:project.indicator.data_frame_generator:Successfully read data for 10 symbols from NasDataBase_E
INFO:project.indicator.data_frame_generator:Loaded E data successfully
INFO:project.indicator.data_frame_generator:Successfully read data for 10 symbols from NasDataBase_F
INFO:project.indicator.data_frame_generator:Loaded F data successfully
INFO:project.indicator.data_frame_generator:Successfully read data for 10 symbols from NasDataBase_AD
INFO:project.indicator.data_frame_generator:Loaded AD data successfully
INFO:project.indicator.data_frame_generator:Successfully read data for 10 symbols from NasDataBase_RS
INFO:project.indicator.data_frame_generator:Loaded RS data successfully
INFO:project.indicator.data_frame_generator:Successfully read data for 10 symbols from NasDataBase_W
INFO:project.indicator.data_frame_generator:Loaded W data successfully
INFO:project.indicator.data_frame_generator:Database loading complete. Common tickers: 10
INFO:project.indicator.data_frame_generator:Post-processing dataframes...
INFO:project.indicator.data_frame_generator:Processing US fundamental data...
INFO:project.indicator.staged_data_loader:Loaded F data: 10 symbols with data
INFO:project.database.mongodb_operations:MongoDB connection closed
INFO:project.service.staged_pipeline_service:Loaded F data: 10 symbols
INFO:project.service.staged_pipeline_service:Stage 2 complete: 10/10 passed (0.45s)
INFO:project.service.staged_pipeline_service:
================================================================================
INFO:project.service.staged_pipeline_service:Stage 3: Weekly Filter
INFO:project.service.staged_pipeline_service:================================================================================
INFO:project.indicator.staged_data_loader:Loading W data for 10 symbols
INFO:project.database.mongodb_operations:MongoDB connection established to localhost
INFO:project.indicator.data_frame_generator:Initialized DataFrameGenerator for US market with 10 symbols
INFO:project.indicator.data_frame_generator:Starting parallel database loading...
INFO:project.indicator.data_frame_generator:Successfully read data for 10 symbols from NasDataBase_E
INFO:project.indicator.data_frame_generator:Loaded E data successfully
INFO:project.indicator.data_frame_generator:Successfully read data for 10 symbols from NasDataBase_F
INFO:project.indicator.data_frame_generator:Loaded F data successfully
INFO:project.indicator.data_frame_generator:Successfully read data for 10 symbols from NasDataBase_AD
INFO:project.indicator.data_frame_generator:Loaded AD data successfully
INFO:project.indicator.data_frame_generator:Successfully read data for 10 symbols from NasDataBase_RS
INFO:project.indicator.data_frame_generator:Loaded RS data successfully
INFO:project.indicator.data_frame_generator:Successfully read data for 10 symbols from NasDataBase_W
INFO:project.indicator.data_frame_generator:Loaded W data successfully
INFO:project.indicator.data_frame_generator:Database loading complete. Common tickers: 10
INFO:project.indicator.data_frame_generator:Post-processing dataframes...
INFO:project.indicator.data_frame_generator:Processing US fundamental data...
INFO:project.indicator.staged_data_loader:Loaded W data: 10 symbols with data
INFO:project.database.mongodb_operations:MongoDB connection closed
INFO:project.service.staged_pipeline_service:Loaded W data: 10 symbols
INFO:project.service.staged_pipeline_service:Stage 3 complete: 3/10 passed (0.46s)
INFO:project.service.staged_pipeline_service:
================================================================================
INFO:project.service.staged_pipeline_service:Stage 4: Relative Strength Filter
INFO:project.service.staged_pipeline_service:================================================================================
INFO:project.indicator.staged_data_loader:Loading RS data for 3 symbols
INFO:project.database.mongodb_operations:MongoDB connection established to localhost
INFO:project.indicator.data_frame_generator:Initialized DataFrameGenerator for US market with 3 symbols
INFO:project.indicator.data_frame_generator:Starting parallel database loading...
INFO:project.indicator.data_frame_generator:Successfully read data for 3 symbols from NasDataBase_E
INFO:project.indicator.data_frame_generator:Loaded E data successfully
INFO:project.indicator.data_frame_generator:Successfully read data for 3 symbols from NasDataBase_F
INFO:project.indicator.data_frame_generator:Loaded F data successfully
INFO:project.indicator.data_frame_generator:Successfully read data for 3 symbols from NasDataBase_AD
INFO:project.indicator.data_frame_generator:Loaded AD data successfully
INFO:project.indicator.data_frame_generator:Successfully read data for 3 symbols from NasDataBase_RS
INFO:project.indicator.data_frame_generator:Loaded RS data successfully
INFO:project.indicator.data_frame_generator:Successfully read data for 3 symbols from NasDataBase_W
INFO:project.indicator.data_frame_generator:Loaded W data successfully
INFO:project.indicator.data_frame_generator:Database loading complete. Common tickers: 3
INFO:project.indicator.data_frame_generator:Post-processing dataframes...
INFO:project.indicator.data_frame_generator:Processing US fundamental data...
INFO:project.indicator.staged_data_loader:Loaded RS data: 3 symbols with data
INFO:project.database.mongodb_operations:MongoDB connection closed
INFO:project.service.staged_pipeline_service:Loaded RS data: 3 symbols
INFO:project.service.staged_pipeline_service:Stage 4 complete: 3/3 passed (0.15s)
INFO:project.service.staged_pipeline_service:
================================================================================
INFO:project.service.staged_pipeline_service:Stage 5: Daily Filter (Final)
INFO:project.service.staged_pipeline_service:================================================================================
INFO:project.indicator.staged_data_loader:Loading D data for 3 symbols
INFO:project.database.mongodb_operations:MongoDB connection established to localhost
INFO:project.indicator.data_frame_generator:Initialized DataFrameGenerator for US market with 3 symbols
INFO:project.indicator.data_frame_generator:Starting parallel database loading...
INFO:project.indicator.data_frame_generator:Successfully read data for 3 symbols from NasDataBase_F
INFO:project.indicator.data_frame_generator:Successfully read data for 3 symbols from NasDataBase_E
INFO:project.indicator.data_frame_generator:Loaded F data successfully
INFO:project.indicator.data_frame_generator:Loaded E data successfully
INFO:project.indicator.data_frame_generator:Successfully read data for 3 symbols from NasDataBase_AD
INFO:project.indicator.data_frame_generator:Loaded AD data successfully
INFO:project.indicator.data_frame_generator:Successfully read data for 3 symbols from NasDataBase_RS
INFO:project.indicator.data_frame_generator:Loaded RS data successfully
INFO:project.indicator.data_frame_generator:Successfully read data for 3 symbols from NasDataBase_W
INFO:project.indicator.data_frame_generator:Loaded W data successfully
INFO:project.indicator.data_frame_generator:Database loading complete. Common tickers: 3
INFO:project.indicator.data_frame_generator:Post-processing dataframes...
INFO:project.indicator.data_frame_generator:Processing US fundamental data...
INFO:project.indicator.staged_data_loader:Loaded D data: 3 symbols with data
INFO:project.database.mongodb_operations:MongoDB connection closed
INFO:project.service.staged_pipeline_service:Loaded D data: 3 symbols
INFO:project.service.staged_pipeline_service:Stage 5 complete: 3/3 passed (0.20s)
INFO:project.service.daily_backtest_service:Strategy Layer is available - using integrated calculations
INFO:project.service.daily_backtest_service:DailyBacktestService initialized with config: BacktestConfig(initial_cash=0.001, max_positions=10, slippage=0.002, std_risk=0.1, init_risk=0.03, half_sell_threshold=0.2, half_sell_risk_multiplier=2.0, enable_whipsaw=True, enable_half_sell=True, enable_rebuying=True, message_output=True)
INFO:project.service.daily_backtest_service:Starting daily backtest for 3 stocks

================================================================================
STAGED BACKTEST TEST
================================================================================
DEBUG ¸ðµå: ON
¹éÅ×½ºÆ® ¸ðµå: FULL

¹éÅ×½ºÆ® ±â°£: 2025-04-16 ~ 2025-10-13

Á¾¸ñ ·Îµå Áß...

Loading symbols in BACKTEST mode...
  NASDAQ: 8944 symbols
  NYSE: 6277 symbols
  Total unique: 15106 symbols
Å×½ºÆ® Á¾¸ñ: 50°³
============================================================
Staged Pipeline ¹éÅ×½ºÆ® ½ÇÇà
============================================================

[Staged Pipeline] ´Ü°èº° ÇÊÅÍ¸µ ½ÃÀÛ...

================================================================================
STAGED PIPELINE EXECUTION SUMMARY
================================================================================

Filtering Funnel:
--------------------------------------------------------------------------------

Stage 1: Earnings
  Input:         50 symbols
  Passed:        10 symbols
  Filtered:      40 symbols (20.00%)

Stage 2: Fundamental
  Input:         10 symbols
  Passed:        10 symbols
  Filtered:       0 symbols (100.00%)

Stage 3: Weekly
  Input:         10 symbols
  Passed:         3 symbols
  Filtered:       7 symbols (30.00%)

Stage 4: Relative Strength
  Input:          3 symbols
  Passed:         3 symbols
  Filtered:       0 symbols (100.00%)

Stage 5: Daily
  Input:          3 symbols
  Passed:         3 symbols
  Filtered:       0 symbols (100.00%)

--------------------------------------------------------------------------------

Final Candidates: 3 symbols

Total Pipeline Time: 2.46s

Stage Execution Times:
  Earnings            : 1.20s
  Fundamental         : 0.45s
  Weekly              : 0.46s
  Relative Strength   : 0.15s
  Daily               : 0.20s

================================================================================


ÃÖÁ¾ ¸Å¸Å ÈÄº¸: 3 Á¾¸ñ

ÃÖÁ¾ ÈÄº¸ 3°³ Á¾¸ñÀÇ µ¥ÀÌÅÍ ·Îµù Áß...
[DEBUG] Converted data for 14 symbols
[DEBUG] Symbols with D data: 3 out of 14
[DEBUG] Symbols with D data: ['BPYPN', 'TCRT', 'MDGL']
[DEBUG] First symbol BPYPN has stages: ['E', 'F', 'W', 'RS', 'D']
[DEBUG] D data shape: (1425, 18)
[DEBUG] D data first 5 index values: [0, 1, 2, 3, 4]
[DEBUG] D data last 5 index values: [1420, 1421, 1422, 1423, 1424]
[DEBUG] D data columns: ['_id', 'Date', 'volume', 'dividend_factor', 'split_factor', 'adfac', 'Cumadfac', 'Dopen', 'Dhigh', 'Dlow', 'Dclose', 'SMA20', 'SMA50', 'SMA200', 'Daily_Range']

============================================================
¹éÅ×½ºÆ® ½ÇÇà Áß...
============================================================
1970-01-01 | Balance: [91m0.00[0m | W/L Ratio: [95m0.00%[0m | Profit/Loss Ratio: [94m0.00[0m | Positions: 0/10 | Cash: [93m100.00[0m% | Trades: 0 | Candidates: 3
1970-01-01 | Balance: [91m0.00[0m | W/L Ratio: [95m0.00%[0m | Profit/Loss Ratio: [94m0.00[0m | Positions: 0/10 | Cash: [93m100.00[0m% | Trades: 0 | Candidates: 3
1970-01-01 | Balance: [91m0.00[0m | W/L Ratio: [95m0.00%[0m | Profit/Loss Ratio: [94m0.00[0m | Positions: 0/10 | Cash: [93m100.00[0m% | Trades: 0 | Candidates: 3
1970-01-01 | Balance: [91m0.00[0m | W/L Ratio: [95m0.00%[0m | Profit/Loss Ratio: [94m0.00[0m | Positions: 0/10 | Cash: [93m100.00[0m% | Trades: 0 | Candidates: 3
1970-01-01 | Balance: [91m0.00[0m | W/L Ratio: [95m0.00%[0m | Profit/Loss Ratio: [94m0.00[0m | Positions: 0/10 | Cash: [93m100.00[0m% | Trades: 0 | Candidates: 3
1970-01-01 | Balance: [91m0.00[0m | W/L Ratio: [95m0.00%[0m | Profit/Loss Ratio: [94m0.00[0m | Positions: 0/10 | Cash: [93m100.00[0m% | Trades: 0 | Candidates: 3
1970-01-01 | Balance: [91m0.00[0m | W/L Ratio: [95m0.00%[0m | Profit/Loss Ratio: [94m0.00[0m | Positions: 0/10 | Cash: [93m100.00[0m% | Trades: 0 | Candidates: 3
1970-01-01 | Balance: [91m0.00[0m | W/L Ratio: [95m0.00%[0m | Profit/Loss Ratio: [94m0.00[0m | Positions: 0/10 | Cash: [93m100.00[0m% | Trades: 0 | Candidates: 3
1970-01-01 | Balance: [91m0.00[0m | W/L Ratio: [95m0.00%[0m | Profit/Loss Ratio: [94m0.00[0m | Positions: 0/10 | Cash: [93m100.00[0m% | Trades: 0 | Candidates: 3
1970-01-01 | Balance: [91m0.00[0m | W/L Ratio: [95m0.00%[0m | Profit/Loss Ratio: [94m0.00[0m | Positions: 0/10 | Cash: [93m100.00[0m% | Trades: 0 | Candidates: 3
1970-01-01 | Balance: [91m0.00[0m | W/L Ratio: [95m0.00%[0m | Profit/Loss Ratio: [94m0.00[0m | Positions: 0/10 | Cash: [93m100.00[0m% | Trades: 0 | Candidates: 3
1970-01-01 | Balance: [91m0.00[0m | W/L Ratio: [95m0.00%[0m | Profit/Loss Ratio: [94m0.00[0m | Positions: 0/10 | Cash: [93m100.00[0m% | Trades: 0 | Candidates: 3
1970-01-01 | Balance: [91m0.00[0m | W/L Ratio: [95m0.00%[0m | Profit/Loss Ratio: [94m0.00[0m | Positions: 0/10 | Cash: [93m100.00[0m% | Trades: 0 | Candidates: 3
1970-01-01 | Balance: [91m0.00[0m | W/L Ratio: [95m0.00%[0m | Profit/Loss Ratio: [94m0.00[0m | Positions: 0/10 | Cash: [93m100.00[0m% | Trades: 0 | Candidates: 3
1970-01-01 | Balance: [91m0.00[0m | W/L Ratio: [95m0.00%[0m | Profit/Loss Ratio: [94m0.00[0m | Positions: 0/10 | Cash: [93m100.00[0m% | Trades: 0 | Candidates: 3
1970-01-01 | Balance: [91m0.00[0m | W/L Ratio: [95m0.00%[0m | Profit/Loss Ratio: [94m0.00[0m | Positions: 0/10 | Cash: [93m100.00[0m% | Trades: 0 | Candidates: 3
1970-01-01 | Balance: [91m0.00[0m | W/L Ratio: [95m0.00%[0m | Profit/Loss Ratio: [94m0.00[0m | Positions: 0/10 | Cash: [93m100.00[0m% | Trades: 0 | Candidates: 3
1970-01-01 | Balance: [91m0.00[0m | W/L Ratio: [95m0.00%[0m | Profit/Loss Ratio: [94m0.00[0m | Positions: 0/10 | Cash: [93m100.00[0m% | Trades: 0 | Candidates: 3
1970-01-01 | Balance: [91m0.00[0m | W/L Ratio: [95m0.00%[0m | Profit/Loss Ratio: [94m0.00[0m | Positions: 0/10 | Cash: [93m100.00[0m% | Trades: 0 | Candidates: 3
1970-01-01 | Balance: [91m0.00[0m | W/L Ratio: [95m0.00%[0m | Profit/Loss Ratio: [94m0.00[0m | Positions: 0/10 | Cash: [93m100.00[0m% | Trades: 0 | Candidates: 3
1970-01-01 | Balance: [91m0.00[0m | W/L Ratio: [95m0.00%[0m | Profit/Loss Ratio: [94m0.00[0m | Positions: 0/10 | Cash: [93m100.00[0m% | Trades: 0 | Candidates: 3
1970-01-01 | Balance: [91m0.00[0m | W/L Ratio: [95m0.00%[0m | Profit/Loss Ratio: [94m0.00[0m | Positions: 0/10 | Cash: [93m100.00[0m% | Trades: 0 | Candidates: 3
1970-01-01 | Balance: [91m0.00[0m | W/L Ratio: [95m0.00%[0m | Profit/Loss Ratio: [94m0.00[0m | Positions: 0/10 | Cash: [93m100.00[0m% | Trades: 0 | Candidates: 3
1970-01-01 | Balance: [91m0.00[0m | W/L Ratio: [95m0.00%[0m | Profit/Loss Ratio: [94m0.00[0m | Positions: 0/10 | Cash: [93m100.00[0m% | Trades: 0 | Candidates: 3
1970-01-01 | Balance: [91m0.00[0m | W/L Ratio: [95m0.00%[0m | Profit/Loss Ratio: [94m0.00[0m | Positions: 0/10 | Cash: [93m100.00[0m% | Trades: 0 | Candidates: 3
1970-01-01 | Balance: [91m0.00[0m | W/L Ratio: [95m0.00%[0m | Profit/Loss Ratio: [94m0.00[0m | Positions: 0/10 | Cash: [93m100.00[0m% | Trades: 0 | Candidates: 3
1970-01-01 | Balance: [91m0.00[0m | W/L Ratio: [95m0.00%[0m | Profit/Loss Ratio: [94m0.00[0m | Positions: 0/10 | Cash: [93m100.00[0m% | Trades: 0 | Candidates: 3
1970-01-01 | Balance: [91m0.00[0m | W/L Ratio: [95m0.00%[0m | Profit/Loss Ratio: [94m0.00[0m | Positions: 0/10 | Cash: [93m100.00[0m% | Trades: 0 | Candidates: 3
1970-01-01 | Balance: [91m0.00[0m | W/L Ratio: [95m0.00%[0m | Profit/Loss Ratio: [94m0.00[0m | Positions: 0/10 | Cash: [93m100.00[0m% | Trades: 0 | Candidates: 3
1970-01-01 | Balance: [91m0.00[0m | W/L Ratio: [95m0.00%[0m | Profit/Loss Ratio: [94m0.00[0m | Positions: 0/10 | Cash: [93m100.00[0m% | Trades: 0 | Candidates: 3
1970-01-01 | Balance: [91m0.00[0m | W/L Ratio: [95m0.00%[0m | Profit/Loss Ratio: [94m0.00[0m | Positions: 0/10 | Cash: [93m100.00[0m% | Trades: 0 | Candidates: 3
1970-01-01 | Balance: [91m0.00[0m | W/L Ratio: [95m0.00%[0m | Profit/Loss Ratio: [94m0.00[0m | Positions: 0/10 | Cash: [93m100.00[0m% | Trades: 0 | Candidates: 3
1970-01-01 | Balance: [91m0.00[0m | W/L Ratio: [95m0.00%[0m | Profit/Loss Ratio: [94m0.00[0m | Positions: 0/10 | Cash: [93m100.00[0m% | Trades: 0 | Candidates: 3
1970-01-01 | Balance: [91m0.00[0m | W/L Ratio: [95m0.00%[0m | Profit/Loss Ratio: [94m0.00[0m | Positions: 0/10 | Cash: [93m100.00[0m% | Trades: 0 | Candidates: 3
1970-01-01 | Balance: [91m0.00[0m | W/L Ratio: [95m0.00%[0m | Profit/Loss Ratio: [94m0.00[0m | Positions: 0/10 | Cash: [93m100.00[0m% | Trades: 0 | Candidates: 3
1970-01-01 | Balance: [91m0.00[0m | W/L Ratio: [95m0.00%[0m | Profit/Loss Ratio: [94m0.00[0m | Positions: 0/10 | Cash: [93m100.00[0m% | Trades: 0 | Candidates: 3
1970-01-01 | Balance: [91m0.00[0m | W/L Ratio: [95m0.00%[0m | Profit/Loss Ratio: [94m0.00[0m | Positions: 0/10 | Cash: [93m100.00[0m% | Trades: 0 | Candidates: 3
1970-01-01 | Balance: [91m0.00[0m | W/L Ratio: [95m0.00%[0m | Profit/Loss Ratio: [94m0.00[0m | Positions: 0/10 | Cash: [93m100.00[0m% | Trades: 0 | Candidates: 3
1970-01-01 | Balance: [91m0.00[0m | W/L Ratio: [95m0.00%[0m | Profit/Loss Ratio: [94m0.00[0m | Positions: 0/10 | Cash: [93m100.00[0m% | Trades: 0 | Candidates: 3
1970-01-01 | Balance: [91m0.00[0m | W/L Ratio: [95m0.00%[0m | Profit/Loss Ratio: [94m0.00[0m | Positions: 0/10 | Cash: [93m100.00[0m% | Trades: 0 | Candidates: 3
1970-01-01 | Balance: [91m0.00[0m | W/L Ratio: [95m0.00%[0m | Profit/Loss Ratio: [94m0.00[0m | Positions: 0/10 | Cash: [93m100.00[0m% | Trades: 0 | Candidates: 3
1970-01-01 | Balance: [91m0.00[0m | W/L Ratio: [95m0.00%[0m | Profit/Loss Ratio: [94m0.00[0m | Positions: 0/10 | Cash: [93m100.00[0m% | Trades: 0 | Candidates: 3
1970-01-01 | Balance: [91m0.00[0m | W/L Ratio: [95m0.00%[0m | Profit/Loss Ratio: [94m0.00[0m | Positions: 0/10 | Cash: [93m100.00[0m% | Trades: 0 | Candidates: 3
1970-01-01 | Balance: [91m0.00[0m | W/L Ratio: [95m0.00%[0m | Profit/Loss Ratio: [94m0.00[0m | Positions: 0/10 | Cash: [93m100.00[0m% | Trades: 0 | Candidates: 3
1970-01-01 | Balance: [91m0.00[0m | W/L Ratio: [95m0.00%[0m | Profit/Loss Ratio: [94m0.00[0m | Positions: 0/10 | Cash: [93m100.00[0m% | Trades: 0 | Candidates: 3
1970-01-01 | Balance: [91m0.00[0m | W/L Ratio: [95m0.00%[0m | Profit/Loss Ratio: [94m0.00[0m | Positions: 0/10 | Cash: [93m100.00[0m% | Trades: 0 | Candidates: 3
1970-01-01 | Balance: [91m0.00[0m | W/L Ratio: [95m0.00%[0m | Profit/Loss Ratio: [94m0.00[0m | Positions: 0/10 | Cash: [93m100.00[0m% | Trades: 0 | Candidates: 3
1970-01-01 | Balance: [91m0.00[0m | W/L Ratio: [95m0.00%[0m | Profit/Loss Ratio: [94m0.00[0m | Positions: 0/10 | Cash: [93m100.00[0m% | Trades: 0 | Candidates: 3
1970-01-01 | Balance: [91m0.00[0m | W/L Ratio: [95m0.00%[0m | Profit/Loss Ratio: [94m0.00[0m | Positions: 0/10 | Cash: [93m100.00[0m% | Trades: 0 | Candidates: 3
1970-01-01 | Balance: [91m0.00[0m | W/L Ratio: [95m0.00%[0m | Profit/Loss Ratio: [94m0.00[0m | Positions: 0/10 | Cash: [93m100.00[0m% | Trades: 0 | Candidates: 3
1970-01-01 | Balance: [91m0.00[0m | W/L Ratio: [95m0.00%[0m | Profit/Loss Ratio: [94m0.00[0m | Positions: 0/10 | Cash: [93m100.00[0m% | Trades: 0 | Candidates: 3
1970-01-01 | Balance: [91m0.00[0m | W/L Ratio: [95m0.00%[0m | Profit/Loss Ratio: [94m0.00[0m | Positions: 0/10 | Cash: [93m100.00[0m% | Trades: 0 | Candidates: 3
1970-01-01 | Balance: [91m0.00[0m | W/L Ratio: [95m0.00%[0m | Profit/Loss Ratio: [94m0.00[0m | Positions: 0/10 | Cash: [93m100.00[0m% | Trades: 0 | Candidates: 3
1970-01-01 | Balance: [91m0.00[0m | W/L Ratio: [95m0.00%[0m | Profit/Loss Ratio: [94m0.00[0m | Positions: 0/10 | Cash: [93m100.00[0m% | Trades: 0 | Candidates: 3
1970-01-01 | Balance: [91m0.00[0m | W/L Ratio: [95m0.00%[0m | Profit/Loss Ratio: [94m0.00[0m | Positions: 0/10 | Cash: [93m100.00[0m% | Trades: 0 | Candidates: 3
1970-01-01 | Balance: [91m0.00[0m | W/L Ratio: [95m0.00%[0m | Profit/Loss Ratio: [94m0.00[0m | Positions: 0/10 | Cash: [93m100.00[0m% | Trades: 0 | Candidates: 3
1970-01-01 | Balance: [91m0.00[0m | W/L Ratio: [95m0.00%[0m | Profit/Loss Ratio: [94m0.00[0m | Positions: 0/10 | Cash: [93m100.00[0m% | Trades: 0 | Candidates: 3
1970-01-01 | Balance: [91m0.00[0m | W/L Ratio: [95m0.00%[0m | Profit/Loss Ratio: [94m0.00[0m | Positions: 0/10 | Cash: [93m100.00[0m% | Trades: 0 | Candidates: 3
1970-01-01 | Balance: [91m0.00[0m | W/L Ratio: [95m0.00%[0m | Profit/Loss Ratio: [94m0.00[0m | Positions: 0/10 | Cash: [93m100.00[0m% | Trades: 0 | Candidates: 3
1970-01-01 | Balance: [91m0.00[0m | W/L Ratio: [95m0.00%[0m | Profit/Loss Ratio: [94m0.00[0m | Positions: 0/10 | Cash: [93m100.00[0m% | Trades: 0 | Candidates: 3
1970-01-01 | Balance: [91m0.00[0m | W/L Ratio: [95m0.00%[0m | Profit/Loss Ratio: [94m0.00[0m | Positions: 0/10 | Cash: [93m100.00[0m% | Trades: 0 | Candidates: 3
1970-01-01 | Balance: [91m0.00[0m | W/L Ratio: [95m0.00%[0m | Profit/Loss Ratio: [94m0.00[0m | Positions: 0/10 | Cash: [93m100.00[0m% | Trades: 0 | Candidates: 3
1970-01-01 | Balance: [91m0.00[0m | W/L Ratio: [95m0.00%[0m | Profit/Loss Ratio: [94m0.00[0m | Positions: 0/10 | Cash: [93m100.00[0m% | Trades: 0 | Candidates: 3
1970-01-01 | Balance: [91m0.00[0m | W/L Ratio: [95m0.00%[0m | Profit/Loss Ratio: [94m0.00[0m | Positions: 0/10 | Cash: [93m100.00[0m% | Trades: 0 | Candidates: 3
1970-01-01 | Balance: [91m0.00[0m | W/L Ratio: [95m0.00%[0m | Profit/Loss Ratio: [94m0.00[0m | Positions: 0/10 | Cash: [93m100.00[0m% | Trades: 0 | Candidates: 3
1970-01-01 | Balance: [91m0.00[0m | W/L Ratio: [95m0.00%[0m | Profit/Loss Ratio: [94m0.00[0m | Positions: 0/10 | Cash: [93m100.00[0m% | Trades: 0 | Candidates: 3
1970-01-01 | Balance: [91m0.00[0m | W/L Ratio: [95m0.00%[0m | Profit/Loss Ratio: [94m0.00[0m | Positions: 0/10 | Cash: [93m100.00[0m% | Trades: 0 | Candidates: 3
1970-01-01 | Balance: [91m0.00[0m | W/L Ratio: [95m0.00%[0m | Profit/Loss Ratio: [94m0.00[0m | Positions: 0/10 | Cash: [93m100.00[0m% | Trades: 0 | Candidates: 3
1970-01-01 | Balance: [91m0.00[0m | W/L Ratio: [95m0.00%[0m | Profit/Loss Ratio: [94m0.00[0m | Positions: 0/10 | Cash: [93m100.00[0m% | Trades: 0 | Candidates: 3
1970-01-01 | Balance: [91m0.00[0m | W/L Ratio: [95m0.00%[0m | Profit/Loss Ratio: [94m0.00[0m | Positions: 0/10 | Cash: [93m100.00[0m% | Trades: 0 | Candidates: 3
1970-01-01 | Balance: [91m0.00[0m | W/L Ratio: [95m0.00%[0m | Profit/Loss Ratio: [94m0.00[0m | Positions: 0/10 | Cash: [93m100.00[0m% | Trades: 0 | Candidates: 3
1970-01-01 | Balance: [91m0.00[0m | W/L Ratio: [95m0.00%[0m | Profit/Loss Ratio: [94m0.00[0m | Positions: 0/10 | Cash: [93m100.00[0m% | Trades: 0 | Candidates: 3
1970-01-01 | Balance: [91m0.00[0m | W/L Ratio: [95m0.00%[0m | Profit/Loss Ratio: [94m0.00[0m | Positions: 0/10 | Cash: [93m100.00[0m% | Trades: 0 | Candidates: 3
1970-01-01 | Balance: [91m0.00[0m | W/L Ratio: [95m0.00%[0m | Profit/Loss Ratio: [94m0.00[0m | Positions: 0/10 | Cash: [93m100.00[0m% | Trades: 0 | Candidates: 3
1970-01-01 | Balance: [91m0.00[0m | W/L Ratio: [95m0.00%[0m | Profit/Loss Ratio: [94m0.00[0m | Positions: 0/10 | Cash: [93m100.00[0m% | Trades: 0 | Candidates: 3
1970-01-01 | Balance: [91m0.00[0m | W/L Ratio: [95m0.00%[0m | Profit/Loss Ratio: [94m0.00[0m | Positions: 0/10 | Cash: [93m100.00[0m% | Trades: 0 | Candidates: 3
1970-01-01 | Balance: [91m0.00[0m | W/L Ratio: [95m0.00%[0m | Profit/Loss Ratio: [94m0.00[0m | Positions: 0/10 | Cash: [93m100.00[0m% | Trades: 0 | Candidates: 3
1970-01-01 | Balance: [91m0.00[0m | W/L Ratio: [95m0.00%[0m | Profit/Loss Ratio: [94m0.00[0m | Positions: 0/10 | Cash: [93m100.00[0m% | Trades: 0 | Candidates: 3
1970-01-01 | Balance: [91m0.00[0m | W/L Ratio: [95m0.00%[0m | Profit/Loss Ratio: [94m0.00[0m | Positions: 0/10 | Cash: [93m100.00[0m% | Trades: 0 | Candidates: 3
1970-01-01 | Balance: [91m0.00[0m | W/L Ratio: [95m0.00%[0m | Profit/Loss Ratio: [94m0.00[0m | Positions: 0/10 | Cash: [93m100.00[0m% | Trades: 0 | Candidates: 3
1970-01-01 | Balance: [91m0.00[0m | W/L Ratio: [95m0.00%[0m | Profit/Loss Ratio: [94m0.00[0m | Positions: 0/10 | Cash: [93m100.00[0m% | Trades: 0 | Candidates: 3
1970-01-01 | Balance: [91m0.00[0m | W/L Ratio: [95m0.00%[0m | Profit/Loss Ratio: [94m0.00[0m | Positions: 0/10 | Cash: [93m100.00[0m% | Trades: 0 | Candidates: 3
1970-01-01 | Balance: [91m0.00[0m | W/L Ratio: [95m0.00%[0m | Profit/Loss Ratio: [94m0.00[0m | Positions: 0/10 | Cash: [93m100.00[0m% | Trades: 0 | Candidates: 3
1970-01-01 | Balance: [91m0.00[0m | W/L Ratio: [95m0.00%[0m | Profit/Loss Ratio: [94m0.00[0m | Positions: 0/10 | Cash: [93m100.00[0m% | Trades: 0 | Candidates: 3
1970-01-01 | Balance: [91m0.00[0m | W/L Ratio: [95m0.00%[0m | Profit/Loss Ratio: [94m0.00[0m | Positions: 0/10 | Cash: [93m100.00[0m% | Trades: 0 | Candidates: 3
1970-01-01 | Balance: [91m0.00[0m | W/L Ratio: [95m0.00%[0m | Profit/Loss Ratio: [94m0.00[0m | Positions: 0/10 | Cash: [93m100.00[0m% | Trades: 0 | Candidates: 3
1970-01-01 | Balance: [91m0.00[0m | W/L Ratio: [95m0.00%[0m | Profit/Loss Ratio: [94m0.00[0m | Positions: 0/10 | Cash: [93m100.00[0m% | Trades: 0 | Candidates: 3
1970-01-01 | Balance: [91m0.00[0m | W/L Ratio: [95m0.00%[0m | Profit/Loss Ratio: [94m0.00[0m | Positions: 0/10 | Cash: [93m100.00[0m% | Trades: 0 | Candidates: 3
1970-01-01 | Balance: [91m0.00[0m | W/L Ratio: [95m0.00%[0m | Profit/Loss Ratio: [94m0.00[0m | Positions: 0/10 | Cash: [93m100.00[0m% | Trades: 0 | Candidates: 3
1970-01-01 | Balance: [91m0.00[0m | W/L Ratio: [95m0.00%[0m | Profit/Loss Ratio: [94m0.00[0m | Positions: 0/10 | Cash: [93m100.00[0m% | Trades: 0 | Candidates: 3
1970-01-01 | Balance: [91m0.00[0m | W/L Ratio: [95m0.00%[0m | Profit/Loss Ratio: [94m0.00[0m | Positions: 0/10 | Cash: [93m100.00[0m% | Trades: 0 | Candidates: 3
1970-01-01 | Balance: [91m0.00[0m | W/L Ratio: [95m0.00%[0m | Profit/Loss Ratio: [94m0.00[0m | Positions: 0/10 | Cash: [93m100.00[0m% | Trades: 0 | Candidates: 3
1970-01-01 | Balance: [91m0.00[0m | W/L Ratio: [95m0.00%[0m | Profit/Loss Ratio: [94m0.00[0m | Positions: 0/10 | Cash: [93m100.00[0m% | Trades: 0 | Candidates: 3
1970-01-01 | Balance: [91m0.00[0m | W/L Ratio: [95m0.00%[0m | Profit/Loss Ratio: [94m0.00[0m | Positions: 0/10 | Cash: [93m100.00[0m% | Trades: 0 | Candidates: 3
1970-01-01 | Balance: [91m0.00[0m | W/L Ratio: [95m0.00%[0m | Profit/Loss Ratio: [94m0.00[0m | Positions: 0/10 | Cash: [93m100.00[0m% | Trades: 0 | Candidates: 3
1970-01-01 | Balance: [91m0.00[0m | W/L Ratio: [95m0.00%[0m | Profit/Loss Ratio: [94m0.00[0m | Positions: 0/10 | Cash: [93m100.00[0m% | Trades: 0 | Candidates: 3
1970-01-01 | Balance: [91m0.00[0m | W/L Ratio: [95m0.00%[0m | Profit/Loss Ratio: [94m0.00[0m | Positions: 0/10 | Cash: [93m100.00[0m% | Trades: 0 | Candidates: 3
1970-01-01 | Balance: [91m0.00[0m | W/L Ratio: [95m0.00%[0m | Profit/Loss Ratio: [94m0.00[0m | Positions: 0/10 | Cash: [93m100.00[0m% | Trades: 0 | Candidates: 3
1970-01-01 | Balance: [91m0.00[0m | W/L Ratio: [95m0.00%[0m | Profit/Loss Ratio: [94m0.00[0m | Positions: 0/10 | Cash: [93m100.00[0m% | Trades: 0 | Candidates: 3
1970-01-01 | Balance: [91m0.00[0m | W/L Ratio: [95m0.00%[0m | Profit/Loss Ratio: [94m0.00[0m | Positions: 0/10 | Cash: [93m100.00[0m% | Trades: 0 | Candidates: 3
1970-01-01 | Balance: [91m0.00[0m | W/L Ratio: [95m0.00%[0m | Profit/Loss Ratio: [94m0.00[0m | Positions: 0/10 | Cash: [93m100.00[0m% | Trades: 0 | Candidates: 3
1970-01-01 | Balance: [91m0.00[0m | W/L Ratio: [95m0.00%[0m | Profit/Loss Ratio: [94m0.00[0m | Positions: 0/10 | Cash: [93m100.00[0m% | Trades: 0 | Candidates: 3
1970-01-01 | Balance: [91m0.00[0m | W/L Ratio: [95m0.00%[0m | Profit/Loss Ratio: [94m0.00[0m | Positions: 0/10 | Cash: [93m100.00[0m% | Trades: 0 | Candidates: 3
1970-01-01 | Balance: [91m0.00[0m | W/L Ratio: [95m0.00%[0m | Profit/Loss Ratio: [94m0.00[0m | Positions: 0/10 | Cash: [93m100.00[0m% | Trades: 0 | Candidates: 3
1970-01-01 | Balance: [91m0.00[0m | W/L Ratio: [95m0.00%[0m | Profit/Loss Ratio: [94m0.00[0m | Positions: 0/10 | Cash: [93m100.00[0m% | Trades: 0 | Candidates: 3
1970-01-01 | Balance: [91m0.00[0m | W/L Ratio: [95m0.00%[0m | Profit/Loss Ratio: [94m0.00[0m | Positions: 0/10 | Cash: [93m100.00[0m% | Trades: 0 | Candidates: 3
1970-01-01 | Balance: [91m0.00[0m | W/L Ratio: [95m0.00%[0m | Profit/Loss Ratio: [94m0.00[0m | Positions: 0/10 | Cash: [93m100.00[0m% | Trades: 0 | Candidates: 3
1970-01-01 | Balance: [91m0.00[0m | W/L Ratio: [95m0.00%[0m | Profit/Loss Ratio: [94m0.00[0m | Positions: 0/10 | Cash: [93m100.00[0m% | Trades: 0 | Candidates: 3
1970-01-01 | Balance: [91m0.00[0m | W/L Ratio: [95m0.00%[0m | Profit/Loss Ratio: [94m0.00[0m | Positions: 0/10 | Cash: [93m100.00[0m% | Trades: 0 | Candidates: 3
1970-01-01 | Balance: [91m0.00[0m | W/L Ratio: [95m0.00%[0m | Profit/Loss Ratio: [94m0.00[0m | Positions: 0/10 | Cash: [93m100.00[0m% | Trades: 0 | Candidates: 3
1970-01-01 | Balance: [91m0.00[0m | W/L Ratio: [95m0.00%[0m | Profit/Loss Ratio: [94m0.00[0m | Positions: 0/10 | Cash: [93m100.00[0m% | Trades: 0 | Candidates: 3
1970-01-01 | Balance: [91m0.00[0m | W/L Ratio: [95m0.00%[0m | Profit/Loss Ratio: [94m0.00[0m | Positions: 0/10 | Cash: [93m100.00[0m% | Trades: 0 | Candidates: 3
1970-01-01 | Balance: [91m0.00[0m | W/L Ratio: [95m0.00%[0m | Profit/Loss Ratio: [94m0.00[0m | Positions: 0/10 | Cash: [93m100.00[0m% | Trades: 0 | Candidates: 3
1970-01-01 | Balance: [91m0.00[0m | W/L Ratio: [95m0.00%[0m | Profit/Loss Ratio: [94m0.00[0m | Positions: 0/10 | Cash: [93m100.00[0m% | Trades: 0 | Candidates: 3
1970-01-01 | Balance: [91m0.00[0m | W/L Ratio: [95m0.00%[0m | Profit/Loss Ratio: [94m0.00[0m | Positions: 0/10 | Cash: [93m100.00[0m% | Trades: 0 | Candidates: 3
1970-01-01 | Balance: [91m0.00[0m | W/L Ratio: [95m0.00%[0m | Profit/Loss Ratio: [94m0.00[0m | Positions: 0/10 | Cash: [93m100.00[0m% | Trades: 0 | Candidates: 3
1970-01-01 | Balance: [91m0.00[0m | W/L Ratio: [95m0.00%[0m | Profit/Loss Ratio: [94m0.00[0m | Positions: 0/10 | Cash: [93m100.00[0m% | Trades: 0 | Candidates: 3
1970-01-01 | Balance: [91m0.00[0m | W/L Ratio: [95m0.00%[0m | Profit/Loss Ratio: [94m0.00[0m | Positions: 0/10 | Cash: [93m100.00[0m% | Trades: 0 | Candidates: 3
1970-01-01 | Balance: [91m0.00[0m | W/L Ratio: [95m0.00%[0m | Profit/Loss Ratio: [94m0.00[0m | Positions: 0/10 | Cash: [93m100.00[0m% | Trades: 0 | Candidates: 3
1970-01-01 | Balance: [91m0.00[0m | W/L Ratio: [95m0.00%[0m | Profit/Loss Ratio: [94m0.00[0m | Positions: 0/10 | Cash: [93m100.00[0m% | Trades: 0 | Candidates: 3
1970-01-01 | Balance: [91m0.00[0m | W/L Ratio: [95m0.00%[0m | Profit/Loss Ratio: [94m0.00[0m | Positions: 0/10 | Cash: [93m100.00[0m% | Trades: 0 | Candidates: 3
1970-01-01 | Balance: [91m0.00[0m | W/L Ratio: [95m0.00%[0m | Profit/Loss Ratio: [94m0.00[0m | Positions: 0/10 | Cash: [93m100.00[0m% | Trades: 0 | Candidates: 3
1970-01-01 | Balance: [91m0.00[0m | W/L Ratio: [95m0.00%[0m | Profit/Loss Ratio: [94m0.00[0m | Positions: 0/10 | Cash: [93m100.00[0m% | Trades: 0 | Candidates: 3
1970-01-01 | Balance: [91m0.00[0m | W/L Ratio: [95m0.00%[0m | Profit/Loss Ratio: [94m0.00[0m | Positions: 0/10 | Cash: [93m100.00[0m% | Trades: 0 | Candidates: 3
1970-01-01 | Balance: [91m0.00[0m | W/L Ratio: [95m0.00%[0m | Profit/Loss Ratio: [94m0.00[0m | Positions: 0/10 | Cash: [93m100.00[0m% | Trades: 0 | Candidates: 3
1970-01-01 | Balance: [91m0.00[0m | W/L Ratio: [95m0.00%[0m | Profit/Loss Ratio: [94m0.00[0m | Positions: 0/10 | Cash: [93m100.00[0m% | Trades: 0 | Candidates: 3
1970-01-01 | Balance: [91m0.00[0m | W/L Ratio: [95m0.00%[0m | Profit/Loss Ratio: [94m0.00[0m | Positions: 0/10 | Cash: [93m100.00[0m% | Trades: 0 | Candidates: 3
1970-01-01 | Balance: [91m0.00[0m | W/L Ratio: [95m0.00%[0m | Profit/Loss Ratio: [94m0.00[0m | Positions: 0/10 | Cash: [93m100.00[0m% | Trades: 0 | Candidates: 3
1970-01-01 | Balance: [91m0.00[0m | W/L Ratio: [95m0.00%[0m | Profit/Loss Ratio: [94m0.00[0m | Positions: 0/10 | Cash: [93m100.00[0m% | Trades: 0 | Candidates: 3
1970-01-01 | Balance: [91m0.00[0m | W/L Ratio: [95m0.00%[0m | Profit/Loss Ratio: [94m0.00[0m | Positions: 0/10 | Cash: [93m100.00[0m% | Trades: 0 | Candidates: 3
1970-01-01 | Balance: [91m0.00[0m | W/L Ratio: [95m0.00%[0m | Profit/Loss Ratio: [94m0.00[0m | Positions: 0/10 | Cash: [93m100.00[0m% | Trades: 0 | Candidates: 3
1970-01-01 | Balance: [91m0.00[0m | W/L Ratio: [95m0.00%[0m | Profit/Loss Ratio: [94m0.00[0m | Positions: 0/10 | Cash: [93m100.00[0m% | Trades: 0 | Candidates: 3
1970-01-01 | Balance: [91m0.00[0m | W/L Ratio: [95m0.00%[0m | Profit/Loss Ratio: [94m0.00[0m | Positions: 0/10 | Cash: [93m100.00[0m% | Trades: 0 | Candidates: 3
1970-01-01 | Balance: [91m0.00[0m | W/L Ratio: [95m0.00%[0m | Profit/Loss Ratio: [94m0.00[0m | Positions: 0/10 | Cash: [93m100.00[0m% | Trades: 0 | Candidates: 3
1970-01-01 | Balance: [91m0.00[0m | W/L Ratio: [95m0.00%[0m | Profit/Loss Ratio: [94m0.00[0m | Positions: 0/10 | Cash: [93m100.00[0m% | Trades: 0 | Candidates: 3
1970-01-01 | Balance: [91m0.00[0m | W/L Ratio: [95m0.00%[0m | Profit/Loss Ratio: [94m0.00[0m | Positions: 0/10 | Cash: [93m100.00[0m% | Trades: 0 | Candidates: 3
1970-01-01 | Balance: [91m0.00[0m | W/L Ratio: [95m0.00%[0m | Profit/Loss Ratio: [94m0.00[0m | Positions: 0/10 | Cash: [93m100.00[0m% | Trades: 0 | Candidates: 3
1970-01-01 | Balance: [91m0.00[0m | W/L Ratio: [95m0.00%[0m | Profit/Loss Ratio: [94m0.00[0m | Positions: 0/10 | Cash: [93m100.00[0m% | Trades: 0 | Candidates: 3
1970-01-01 | Balance: [91m0.00[0m | W/L Ratio: [95m0.00%[0m | Profit/Loss Ratio: [94m0.00[0m | Positions: 0/10 | Cash: [93m100.00[0m% | Trades: 0 | Candidates: 3
1970-01-01 | Balance: [91m0.00[0m | W/L Ratio: [95m0.00%[0m | Profit/Loss Ratio: [94m0.00[0m | Positions: 0/10 | Cash: [93m100.00[0m% | Trades: 0 | Candidates: 3
1970-01-01 | Balance: [91m0.00[0m | W/L Ratio: [95m0.00%[0m | Profit/Loss Ratio: [94m0.00[0m | Positions: 0/10 | Cash: [93m100.00[0m% | Trades: 0 | Candidates: 3
1970-01-01 | Balance: [91m0.00[0m | W/L Ratio: [95m0.00%[0m | Profit/Loss Ratio: [94m0.00[0m | Positions: 0/10 | Cash: [93m100.00[0m% | Trades: 0 | Candidates: 3
1970-01-01 | Balance: [91m0.00[0m | W/L Ratio: [95m0.00%[0m | Profit/Loss Ratio: [94m0.00[0m | Positions: 0/10 | Cash: [93m100.00[0m% | Trades: 0 | Candidates: 3
1970-01-01 | Balance: [91m0.00[0m | W/L Ratio: [95m0.00%[0m | Profit/Loss Ratio: [94m0.00[0m | Positions: 0/10 | Cash: [93m100.00[0m% | Trades: 0 | Candidates: 3
1970-01-01 | Balance: [91m0.00[0m | W/L Ratio: [95m0.00%[0m | Profit/Loss Ratio: [94m0.00[0m | Positions: 0/10 | Cash: [93m100.00[0m% | Trades: 0 | Candidates: 3
1970-01-01 | Balance: [91m0.00[0m | W/L Ratio: [95m0.00%[0m | Profit/Loss Ratio: [94m0.00[0m | Positions: 0/10 | Cash: [93m100.00[0m% | Trades: 0 | Candidates: 3
1970-01-01 | Balance: [91m0.00[0m | W/L Ratio: [95m0.00%[0m | Profit/Loss Ratio: [94m0.00[0m | Positions: 0/10 | Cash: [93m100.00[0m% | Trades: 0 | Candidates: 3
1970-01-01 | Balance: [91m0.00[0m | W/L Ratio: [95m0.00%[0m | Profit/Loss Ratio: [94m0.00[0m | Positions: 0/10 | Cash: [93m100.00[0m% | Trades: 0 | Candidates: 3
1970-01-01 | Balance: [91m0.00[0m | W/L Ratio: [95m0.00%[0m | Profit/Loss Ratio: [94m0.00[0m | Positions: 0/10 | Cash: [93m100.00[0m% | Trades: 0 | Candidates: 3
1970-01-01 | Balance: [91m0.00[0m | W/L Ratio: [95m0.00%[0m | Profit/Loss Ratio: [94m0.00[0m | Positions: 0/10 | Cash: [93m100.00[0m% | Trades: 0 | Candidates: 3
1970-01-01 | Balance: [91m0.00[0m | W/L Ratio: [95m0.00%[0m | Profit/Loss Ratio: [94m0.00[0m | Positions: 0/10 | Cash: [93m100.00[0m% | Trades: 0 | Candidates: 3
1970-01-01 | Balance: [91m0.00[0m | W/L Ratio: [95m0.00%[0m | Profit/Loss Ratio: [94m0.00[0m | Positions: 0/10 | Cash: [93m100.00[0m% | Trades: 0 | Candidates: 3
1970-01-01 | Balance: [91m0.00[0m | W/L Ratio: [95m0.00%[0m | Profit/Loss Ratio: [94m0.00[0m | Positions: 0/10 | Cash: [93m100.00[0m% | Trades: 0 | Candidates: 3
1970-01-01 | Balance: [91m0.00[0m | W/L Ratio: [95m0.00%[0m | Profit/Loss Ratio: [94m0.00[0m | Positions: 0/10 | Cash: [93m100.00[0m% | Trades: 0 | Candidates: 3
1970-01-01 | Balance: [91m0.00[0m | W/L Ratio: [95m0.00%[0m | Profit/Loss Ratio: [94m0.00[0m | Positions: 0/10 | Cash: [93m100.00[0m% | Trades: 0 | Candidates: 3
1970-01-01 | Balance: [91m0.00[0m | W/L Ratio: [95m0.00%[0m | Profit/Loss Ratio: [94m0.00[0m | Positions: 0/10 | Cash: [93m100.00[0m% | Trades: 0 | Candidates: 3
1970-01-01 | Balance: [91m0.00[0m | W/L Ratio: [95m0.00%[0m | Profit/Loss Ratio: [94m0.00[0m | Positions: 0/10 | Cash: [93m100.00[0m% | Trades: 0 | Candidates: 3
1970-01-01 | Balance: [91m0.00[0m | W/L Ratio: [95m0.00%[0m | Profit/Loss Ratio: [94m0.00[0m | Positions: 0/10 | Cash: [93m100.00[0m% | Trades: 0 | Candidates: 3
1970-01-01 | Balance: [91m0.00[0m | W/L Ratio: [95m0.00%[0m | Profit/Loss Ratio: [94m0.00[0m | Positions: 0/10 | Cash: [93m100.00[0m% | Trades: 0 | Candidates: 3
1970-01-01 | Balance: [91m0.00[0m | W/L Ratio: [95m0.00%[0m | Profit/Loss Ratio: [94m0.00[0m | Positions: 0/10 | Cash: [93m100.00[0m% | Trades: 0 | Candidates: 3
1970-01-01 | Balance: [91m0.00[0m | W/L Ratio: [95m0.00%[0m | Profit/Loss Ratio: [94m0.00[0m | Positions: 0/10 | Cash: [93m100.00[0m% | Trades: 0 | Candidates: 3
1970-01-01 | Balance: [91m0.00[0m | W/L Ratio: [95m0.00%[0m | Profit/Loss Ratio: [94m0.00[0m | Positions: 0/10 | Cash: [93m100.00[0m% | Trades: 0 | Candidates: 3
1970-01-01 | Balance: [91m0.00[0m | W/L Ratio: [95m0.00%[0m | Profit/Loss Ratio: [94m0.00[0m | Positions: 0/10 | Cash: [93m100.00[0m% | Trades: 0 | Candidates: 3
1970-01-01 | Balance: [91m0.00[0m | W/L Ratio: [95m0.00%[0m | Profit/Loss Ratio: [94m0.00[0m | Positions: 0/10 | Cash: [93m100.00[0m% | Trades: 0 | Candidates: 3
1970-01-01 | Balance: [91m0.00[0m | W/L Ratio: [95m0.00%[0m | Profit/Loss Ratio: [94m0.00[0m | Positions: 0/10 | Cash: [93m100.00[0m% | Trades: 0 | Candidates: 3
1970-01-01 | Balance: [91m0.00[0m | W/L Ratio: [95m0.00%[0m | Profit/Loss Ratio: [94m0.00[0m | Positions: 0/10 | Cash: [93m100.00[0m% | Trades: 0 | Candidates: 3
1970-01-01 | Balance: [91m0.00[0m | W/L Ratio: [95m0.00%[0m | Profit/Loss Ratio: [94m0.00[0m | Positions: 0/10 | Cash: [93m100.00[0m% | Trades: 0 | Candidates: 3
1970-01-01 | Balance: [91m0.00[0m | W/L Ratio: [95m0.00%[0m | Profit/Loss Ratio: [94m0.00[0m | Positions: 0/10 | Cash: [93m100.00[0m% | Trades: 0 | Candidates: 3
1970-01-01 | Balance: [91m0.00[0m | W/L Ratio: [95m0.00%[0m | Profit/Loss Ratio: [94m0.00[0m | Positions: 0/10 | Cash: [93m100.00[0m% | Trades: 0 | Candidates: 3
1970-01-01 | Balance: [91m0.00[0m | W/L Ratio: [95m0.00%[0m | Profit/Loss Ratio: [94m0.00[0m | Positions: 0/10 | Cash: [93m100.00[0m% | Trades: 0 | Candidates: 3
1970-01-01 | Balance: [91m0.00[0m | W/L Ratio: [95m0.00%[0m | Profit/Loss Ratio: [94m0.00[0m | Positions: 0/10 | Cash: [93m100.00[0m% | Trades: 0 | Candidates: 3
1970-01-01 | Balance: [91m0.00[0m | W/L Ratio: [95m0.00%[0m | Profit/Loss Ratio: [94m0.00[0m | Positions: 0/10 | Cash: [93m100.00[0m% | Trades: 0 | Candidates: 3
1970-01-01 | Balance: [91m0.00[0m | W/L Ratio: [95m0.00%[0m | Profit/Loss Ratio: [94m0.00[0m | Positions: 0/10 | Cash: [93m100.00[0m% | Trades: 0 | Candidates: 3
1970-01-01 | Balance: [91m0.00[0m | W/L Ratio: [95m0.00%[0m | Profit/Loss Ratio: [94m0.00[0m | Positions: 0/10 | Cash: [93m100.00[0m% | Trades: 0 | Candidates: 3
1970-01-01 | Balance: [91m0.00[0m | W/L Ratio: [95m0.00%[0m | Profit/Loss Ratio: [94m0.00[0m | Positions: 0/10 | Cash: [93m100.00[0m% | Trades: 0 | Candidates: 3
1970-01-01 | Balance: [91m0.00[0m | W/L Ratio: [95m0.00%[0m | Profit/Loss Ratio: [94m0.00[0m | Positions: 0/10 | Cash: [93m100.00[0m% | Trades: 0 | Candidates: 3
1970-01-01 | Balance: [91m0.00[0m | W/L Ratio: [95m0.00%[0m | Profit/Loss Ratio: [94m0.00[0m | Positions: 0/10 | Cash: [93m100.00[0m% | Trades: 0 | Candidates: 3
1970-01-01 | Balance: [91m0.00[0m | W/L Ratio: [95m0.00%[0m | Profit/Loss Ratio: [94m0.00[0m | Positions: 0/10 | Cash: [93m100.00[0m% | Trades: 0 | Candidates: 3
1970-01-01 | Balance: [91m0.00[0m | W/L Ratio: [95m0.00%[0m | Profit/Loss Ratio: [94m0.00[0m | Positions: 0/10 | Cash: [93m100.00[0m% | Trades: 0 | Candidates: 3
1970-01-01 | Balance: [91m0.00[0m | W/L Ratio: [95m0.00%[0m | Profit/Loss Ratio: [94m0.00[0m | Positions: 0/10 | Cash: [93m100.00[0m% | Trades: 0 | Candidates: 3
1970-01-01 | Balance: [91m0.00[0m | W/L Ratio: [95m0.00%[0m | Profit/Loss Ratio: [94m0.00[0m | Positions: 0/10 | Cash: [93m100.00[0m% | Trades: 0 | Candidates: 3
1970-01-01 | Balance: [91m0.00[0m | W/L Ratio: [95m0.00%[0m | Profit/Loss Ratio: [94m0.00[0m | Positions: 0/10 | Cash: [93m100.00[0m% | Trades: 0 | Candidates: 3
1970-01-01 | Balance: [91m0.00[0m | W/L Ratio: [95m0.00%[0m | Profit/Loss Ratio: [94m0.00[0m | Positions: 0/10 | Cash: [93m100.00[0m% | Trades: 0 | Candidates: 3
1970-01-01 | Balance: [91m0.00[0m | W/L Ratio: [95m0.00%[0m | Profit/Loss Ratio: [94m0.00[0m | Positions: 0/10 | Cash: [93m100.00[0m% | Trades: 0 | Candidates: 3
1970-01-01 | Balance: [91m0.00[0m | W/L Ratio: [95m0.00%[0m | Profit/Loss Ratio: [94m0.00[0m | Positions: 0/10 | Cash: [93m100.00[0m% | Trades: 0 | Candidates: 3
1970-01-01 | Balance: [91m0.00[0m | W/L Ratio: [95m0.00%[0m | Profit/Loss Ratio: [94m0.00[0m | Positions: 0/10 | Cash: [93m100.00[0m% | Trades: 0 | Candidates: 3
1970-01-01 | Balance: [91m0.00[0m | W/L Ratio: [95m0.00%[0m | Profit/Loss Ratio: [94m0.00[0m | Positions: 0/10 | Cash: [93m100.00[0m% | Trades: 0 | Candidates: 3
1970-01-01 | Balance: [91m0.00[0m | W/L Ratio: [95m0.00%[0m | Profit/Loss Ratio: [94m0.00[0m | Positions: 0/10 | Cash: [93m100.00[0m% | Trades: 0 | Candidates: 3
1970-01-01 | Balance: [91m0.00[0m | W/L Ratio: [95m0.00%[0m | Profit/Loss Ratio: [94m0.00[0m | Positions: 0/10 | Cash: [93m100.00[0m% | Trades: 0 | Candidates: 3
1970-01-01 | Balance: [91m0.00[0m | W/L Ratio: [95m0.00%[0m | Profit/Loss Ratio: [94m0.00[0m | Positions: 0/10 | Cash: [93m100.00[0m% | Trades: 0 | Candidates: 3
1970-01-01 | Balance: [91m0.00[0m | W/L Ratio: [95m0.00%[0m | Profit/Loss Ratio: [94m0.00[0m | Positions: 0/10 | Cash: [93m100.00[0m% | Trades: 0 | Candidates: 3
1970-01-01 | Balance: [91m0.00[0m | W/L Ratio: [95m0.00%[0m | Profit/Loss Ratio: [94m0.00[0m | Positions: 0/10 | Cash: [93m100.00[0m% | Trades: 0 | Candidates: 3
1970-01-01 | Balance: [91m0.00[0m | W/L Ratio: [95m0.00%[0m | Profit/Loss Ratio: [94m0.00[0m | Positions: 0/10 | Cash: [93m100.00[0m% | Trades: 0 | Candidates: 3
1970-01-01 | Balance: [91m0.00[0m | W/L Ratio: [95m0.00%[0m | Profit/Loss Ratio: [94m0.00[0m | Positions: 0/10 | Cash: [93m100.00[0m% | Trades: 0 | Candidates: 3
1970-01-01 | Balance: [91m0.00[0m | W/L Ratio: [95m0.00%[0m | Profit/Loss Ratio: [94m0.00[0m | Positions: 0/10 | Cash: [93m100.00[0m% | Trades: 0 | Candidates: 3
1970-01-01 | Balance: [91m0.00[0m | W/L Ratio: [95m0.00%[0m | Profit/Loss Ratio: [94m0.00[0m | Positions: 0/10 | Cash: [93m100.00[0m% | Trades: 0 | Candidates: 3
1970-01-01 | Balance: [91m0.00[0m | W/L Ratio: [95m0.00%[0m | Profit/Loss Ratio: [94m0.00[0m | Positions: 0/10 | Cash: [93m100.00[0m% | Trades: 0 | Candidates: 3
1970-01-01 | Balance: [91m0.00[0m | W/L Ratio: [95m0.00%[0m | Profit/Loss Ratio: [94m0.00[0m | Positions: 0/10 | Cash: [93m100.00[0m% | Trades: 0 | Candidates: 3
1970-01-01 | Balance: [91m0.00[0m | W/L Ratio: [95m0.00%[0m | Profit/Loss Ratio: [94m0.00[0m | Positions: 0/10 | Cash: [93m100.00[0m% | Trades: 0 | Candidates: 3
1970-01-01 | Balance: [91m0.00[0m | W/L Ratio: [95m0.00%[0m | Profit/Loss Ratio: [94m0.00[0m | Positions: 0/10 | Cash: [93m100.00[0m% | Trades: 0 | Candidates: 3
1970-01-01 | Balance: [91m0.00[0m | W/L Ratio: [95m0.00%[0m | Profit/Loss Ratio: [94m0.00[0m | Positions: 0/10 | Cash: [93m100.00[0m% | Trades: 0 | Candidates: 3
1970-01-01 | Balance: [91m0.00[0m | W/L Ratio: [95m0.00%[0m | Profit/Loss Ratio: [94m0.00[0m | Positions: 0/10 | Cash: [93m100.00[0m% | Trades: 0 | Candidates: 3
1970-01-01 | Balance: [91m0.00[0m | W/L Ratio: [95m0.00%[0m | Profit/Loss Ratio: [94m0.00[0m | Positions: 0/10 | Cash: [93m100.00[0m% | Trades: 0 | Candidates: 3
1970-01-01 | Balance: [91m0.00[0m | W/L Ratio: [95m0.00%[0m | Profit/Loss Ratio: [94m0.00[0m | Positions: 0/10 | Cash: [93m100.00[0m% | Trades: 0 | Candidates: 3
1970-01-01 | Balance: [91m0.00[0m | W/L Ratio: [95m0.00%[0m | Profit/Loss Ratio: [94m0.00[0m | Positions: 0/10 | Cash: [93m100.00[0m% | Trades: 0 | Candidates: 3
1970-01-01 | Balance: [91m0.00[0m | W/L Ratio: [95m0.00%[0m | Profit/Loss Ratio: [94m0.00[0m | Positions: 0/10 | Cash: [93m100.00[0m% | Trades: 0 | Candidates: 3
1970-01-01 | Balance: [91m0.00[0m | W/L Ratio: [95m0.00%[0m | Profit/Loss Ratio: [94m0.00[0m | Positions: 0/10 | Cash: [93m100.00[0m% | Trades: 0 | Candidates: 3
1970-01-01 | Balance: [91m0.00[0m | W/L Ratio: [95m0.00%[0m | Profit/Loss Ratio: [94m0.00[0m | Positions: 0/10 | Cash: [93m100.00[0m% | Trades: 0 | Candidates: 3
1970-01-01 | Balance: [91m0.00[0m | W/L Ratio: [95m0.00%[0m | Profit/Loss Ratio: [94m0.00[0m | Positions: 0/10 | Cash: [93m100.00[0m% | Trades: 0 | Candidates: 3
1970-01-01 | Balance: [91m0.00[0m | W/L Ratio: [95m0.00%[0m | Profit/Loss Ratio: [94m0.00[0m | Positions: 0/10 | Cash: [93m100.00[0m% | Trades: 0 | Candidates: 3
1970-01-01 | Balance: [91m0.00[0m | W/L Ratio: [95m0.00%[0m | Profit/Loss Ratio: [94m0.00[0m | Positions: 0/10 | Cash: [93m100.00[0m% | Trades: 0 | Candidates: 3
1970-01-01 | Balance: [91m0.00[0m | W/L Ratio: [95m0.00%[0m | Profit/Loss Ratio: [94m0.00[0m | Positions: 0/10 | Cash: [93m100.00[0m% | Trades: 0 | Candidates: 3
1970-01-01 | Balance: [91m0.00[0m | W/L Ratio: [95m0.00%[0m | Profit/Loss Ratio: [94m0.00[0m | Positions: 0/10 | Cash: [93m100.00[0m% | Trades: 0 | Candidates: 3
1970-01-01 | Balance: [91m0.00[0m | W/L Ratio: [95m0.00%[0m | Profit/Loss Ratio: [94m0.00[0m | Positions: 0/10 | Cash: [93m100.00[0m% | Trades: 0 | Candidates: 3
1970-01-01 | Balance: [91m0.00[0m | W/L Ratio: [95m0.00%[0m | Profit/Loss Ratio: [94m0.00[0m | Positions: 0/10 | Cash: [93m100.00[0m% | Trades: 0 | Candidates: 3
1970-01-01 | Balance: [91m0.00[0m | W/L Ratio: [95m0.00%[0m | Profit/Loss Ratio: [94m0.00[0m | Positions: 0/10 | Cash: [93m100.00[0m% | Trades: 0 | Candidates: 3
1970-01-01 | Balance: [91m0.00[0m | W/L Ratio: [95m0.00%[0m | Profit/Loss Ratio: [94m0.00[0m | Positions: 0/10 | Cash: [93m100.00[0m% | Trades: 0 | Candidates: 3
1970-01-01 | Balance: [91m0.00[0m | W/L Ratio: [95m0.00%[0m | Profit/Loss Ratio: [94m0.00[0m | Positions: 0/10 | Cash: [93m100.00[0m% | Trades: 0 | Candidates: 3
1970-01-01 | Balance: [91m0.00[0m | W/L Ratio: [95m0.00%[0m | Profit/Loss Ratio: [94m0.00[0m | Positions: 0/10 | Cash: [93m100.00[0m% | Trades: 0 | Candidates: 3
1970-01-01 | Balance: [91m0.00[0m | W/L Ratio: [95m0.00%[0m | Profit/Loss Ratio: [94m0.00[0m | Positions: 0/10 | Cash: [93m100.00[0m% | Trades: 0 | Candidates: 3
1970-01-01 | Balance: [91m0.00[0m | W/L Ratio: [95m0.00%[0m | Profit/Loss Ratio: [94m0.00[0m | Positions: 0/10 | Cash: [93m100.00[0m% | Trades: 0 | Candidates: 3
1970-01-01 | Balance: [91m0.00[0m | W/L Ratio: [95m0.00%[0m | Profit/Loss Ratio: [94m0.00[0m | Positions: 0/10 | Cash: [93m100.00[0m% | Trades: 0 | Candidates: 3
1970-01-01 | Balance: [91m0.00[0m | W/L Ratio: [95m0.00%[0m | Profit/Loss Ratio: [94m0.00[0m | Positions: 0/10 | Cash: [93m100.00[0m% | Trades: 0 | Candidates: 3
1970-01-01 | Balance: [91m0.00[0m | W/L Ratio: [95m0.00%[0m | Profit/Loss Ratio: [94m0.00[0m | Positions: 0/10 | Cash: [93m100.00[0m% | Trades: 0 | Candidates: 3
1970-01-01 | Balance: [91m0.00[0m | W/L Ratio: [95m0.00%[0m | Profit/Loss Ratio: [94m0.00[0m | Positions: 0/10 | Cash: [93m100.00[0m% | Trades: 0 | Candidates: 3
1970-01-01 | Balance: [91m0.00[0m | W/L Ratio: [95m0.00%[0m | Profit/Loss Ratio: [94m0.00[0m | Positions: 0/10 | Cash: [93m100.00[0m% | Trades: 0 | Candidates: 3
1970-01-01 | Balance: [91m0.00[0m | W/L Ratio: [95m0.00%[0m | Profit/Loss Ratio: [94m0.00[0m | Positions: 0/10 | Cash: [93m100.00[0m% | Trades: 0 | Candidates: 3
1970-01-01 | Balance: [91m0.00[0m | W/L Ratio: [95m0.00%[0m | Profit/Loss Ratio: [94m0.00[0m | Positions: 0/10 | Cash: [93m100.00[0m% | Trades: 0 | Candidates: 3
1970-01-01 | Balance: [91m0.00[0m | W/L Ratio: [95m0.00%[0m | Profit/Loss Ratio: [94m0.00[0m | Positions: 0/10 | Cash: [93m100.00[0m% | Trades: 0 | Candidates: 3
1970-01-01 | Balance: [91m0.00[0m | W/L Ratio: [95m0.00%[0m | Profit/Loss Ratio: [94m0.00[0m | Positions: 0/10 | Cash: [93m100.00[0m% | Trades: 0 | Candidates: 3
1970-01-01 | Balance: [91m0.00[0m | W/L Ratio: [95m0.00%[0m | Profit/Loss Ratio: [94m0.00[0m | Positions: 0/10 | Cash: [93m100.00[0m% | Trades: 0 | Candidates: 3
1970-01-01 | Balance: [91m0.00[0m | W/L Ratio: [95m0.00%[0m | Profit/Loss Ratio: [94m0.00[0m | Positions: 0/10 | Cash: [93m100.00[0m% | Trades: 0 | Candidates: 3
1970-01-01 | Balance: [91m0.00[0m | W/L Ratio: [95m0.00%[0m | Profit/Loss Ratio: [94m0.00[0m | Positions: 0/10 | Cash: [93m100.00[0m% | Trades: 0 | Candidates: 3
1970-01-01 | Balance: [91m0.00[0m | W/L Ratio: [95m0.00%[0m | Profit/Loss Ratio: [94m0.00[0m | Positions: 0/10 | Cash: [93m100.00[0m% | Trades: 0 | Candidates: 3
1970-01-01 | Balance: [91m0.00[0m | W/L Ratio: [95m0.00%[0m | Profit/Loss Ratio: [94m0.00[0m | Positions: 0/10 | Cash: [93m100.00[0m% | Trades: 0 | Candidates: 3
1970-01-01 | Balance: [91m0.00[0m | W/L Ratio: [95m0.00%[0m | Profit/Loss Ratio: [94m0.00[0m | Positions: 0/10 | Cash: [93m100.00[0m% | Trades: 0 | Candidates: 3
1970-01-01 | Balance: [91m0.00[0m | W/L Ratio: [95m0.00%[0m | Profit/Loss Ratio: [94m0.00[0m | Positions: 0/10 | Cash: [93m100.00[0m% | Trades: 0 | Candidates: 3
1970-01-01 | Balance: [91m0.00[0m | W/L Ratio: [95m0.00%[0m | Profit/Loss Ratio: [94m0.00[0m | Positions: 0/10 | Cash: [93m100.00[0m% | Trades: 0 | Candidates: 3
1970-01-01 | Balance: [91m0.00[0m | W/L Ratio: [95m0.00%[0m | Profit/Loss Ratio: [94m0.00[0m | Positions: 0/10 | Cash: [93m100.00[0m% | Trades: 0 | Candidates: 3
1970-01-01 | Balance: [91m0.00[0m | W/L Ratio: [95m0.00%[0m | Profit/Loss Ratio: [94m0.00[0m | Positions: 0/10 | Cash: [93m100.00[0m% | Trades: 0 | Candidates: 3
1970-01-01 | Balance: [91m0.00[0m | W/L Ratio: [95m0.00%[0m | Profit/Loss Ratio: [94m0.00[0m | Positions: 0/10 | Cash: [93m100.00[0m% | Trades: 0 | Candidates: 3
1970-01-01 | Balance: [91m0.00[0m | W/L Ratio: [95m0.00%[0m | Profit/Loss Ratio: [94m0.00[0m | Positions: 0/10 | Cash: [93m100.00[0m% | Trades: 0 | Candidates: 3
1970-01-01 | Balance: [91m0.00[0m | W/L Ratio: [95m0.00%[0m | Profit/Loss Ratio: [94m0.00[0m | Positions: 0/10 | Cash: [93m100.00[0m% | Trades: 0 | Candidates: 3
1970-01-01 | Balance: [91m0.00[0m | W/L Ratio: [95m0.00%[0m | Profit/Loss Ratio: [94m0.00[0m | Positions: 0/10 | Cash: [93m100.00[0m% | Trades: 0 | Candidates: 3
1970-01-01 | Balance: [91m0.00[0m | W/L Ratio: [95m0.00%[0m | Profit/Loss Ratio: [94m0.00[0m | Positions: 0/10 | Cash: [93m100.00[0m% | Trades: 0 | Candidates: 3
1970-01-01 | Balance: [91m0.00[0m | W/L Ratio: [95m0.00%[0m | Profit/Loss Ratio: [94m0.00[0m | Positions: 0/10 | Cash: [93m100.00[0m% | Trades: 0 | Candidates: 3
1970-01-01 | Balance: [91m0.00[0m | W/L Ratio: [95m0.00%[0m | Profit/Loss Ratio: [94m0.00[0m | Positions: 0/10 | Cash: [93m100.00[0m% | Trades: 0 | Candidates: 3
1970-01-01 | Balance: [91m0.00[0m | W/L Ratio: [95m0.00%[0m | Profit/Loss Ratio: [94m0.00[0m | Positions: 0/10 | Cash: [93m100.00[0m% | Trades: 0 | Candidates: 3
1970-01-01 | Balance: [91m0.00[0m | W/L Ratio: [95m0.00%[0m | Profit/Loss Ratio: [94m0.00[0m | Positions: 0/10 | Cash: [93m100.00[0m% | Trades: 0 | Candidates: 3
1970-01-01 | Balance: [91m0.00[0m | W/L Ratio: [95m0.00%[0m | Profit/Loss Ratio: [94m0.00[0m | Positions: 0/10 | Cash: [93m100.00[0m% | Trades: 0 | Candidates: 3
1970-01-01 | Balance: [91m0.00[0m | W/L Ratio: [95m0.00%[0m | Profit/Loss Ratio: [94m0.00[0m | Positions: 0/10 | Cash: [93m100.00[0m% | Trades: 0 | Candidates: 3
1970-01-01 | Balance: [91m0.00[0m | W/L Ratio: [95m0.00%[0m | Profit/Loss Ratio: [94m0.00[0m | Positions: 0/10 | Cash: [93m100.00[0m% | Trades: 0 | Candidates: 3
1970-01-01 | Balance: [91m0.00[0m | W/L Ratio: [95m0.00%[0m | Profit/Loss Ratio: [94m0.00[0m | Positions: 0/10 | Cash: [93m100.00[0m% | Trades: 0 | Candidates: 3
1970-01-01 | Balance: [91m0.00[0m | W/L Ratio: [95m0.00%[0m | Profit/Loss Ratio: [94m0.00[0m | Positions: 0/10 | Cash: [93m100.00[0m% | Trades: 0 | Candidates: 3
1970-01-01 | Balance: [91m0.00[0m | W/L Ratio: [95m0.00%[0m | Profit/Loss Ratio: [94m0.00[0m | Positions: 0/10 | Cash: [93m100.00[0m% | Trades: 0 | Candidates: 3
1970-01-01 | Balance: [91m0.00[0m | W/L Ratio: [95m0.00%[0m | Profit/Loss Ratio: [94m0.00[0m | Positions: 0/10 | Cash: [93m100.00[0m% | Trades: 0 | Candidates: 3
1970-01-01 | Balance: [91m0.00[0m | W/L Ratio: [95m0.00%[0m | Profit/Loss Ratio: [94m0.00[0m | Positions: 0/10 | Cash: [93m100.00[0m% | Trades: 0 | Candidates: 3
1970-01-01 | Balance: [91m0.00[0m | W/L Ratio: [95m0.00%[0m | Profit/Loss Ratio: [94m0.00[0m | Positions: 0/10 | Cash: [93m100.00[0m% | Trades: 0 | Candidates: 3
1970-01-01 | Balance: [91m0.00[0m | W/L Ratio: [95m0.00%[0m | Profit/Loss Ratio: [94m0.00[0m | Positions: 0/10 | Cash: [93m100.00[0m% | Trades: 0 | Candidates: 3
1970-01-01 | Balance: [91m0.00[0m | W/L Ratio: [95m0.00%[0m | Profit/Loss Ratio: [94m0.00[0m | Positions: 0/10 | Cash: [93m100.00[0m% | Trades: 0 | Candidates: 3
1970-01-01 | Balance: [91m0.00[0m | W/L Ratio: [95m0.00%[0m | Profit/Loss Ratio: [94m0.00[0m | Positions: 0/10 | Cash: [93m100.00[0m% | Trades: 0 | Candidates: 3
1970-01-01 | Balance: [91m0.00[0m | W/L Ratio: [95m0.00%[0m | Profit/Loss Ratio: [94m0.00[0m | Positions: 0/10 | Cash: [93m100.00[0m% | Trades: 0 | Candidates: 3
1970-01-01 | Balance: [91m0.00[0m | W/L Ratio: [95m0.00%[0m | Profit/Loss Ratio: [94m0.00[0m | Positions: 0/10 | Cash: [93m100.00[0m% | Trades: 0 | Candidates: 3
1970-01-01 | Balance: [91m0.00[0m | W/L Ratio: [95m0.00%[0m | Profit/Loss Ratio: [94m0.00[0m | Positions: 0/10 | Cash: [93m100.00[0m% | Trades: 0 | Candidates: 3
1970-01-01 | Balance: [91m0.00[0m | W/L Ratio: [95m0.00%[0m | Profit/Loss Ratio: [94m0.00[0m | Positions: 0/10 | Cash: [93m100.00[0m% | Trades: 0 | Candidates: 3
1970-01-01 | Balance: [91m0.00[0m | W/L Ratio: [95m0.00%[0m | Profit/Loss Ratio: [94m0.00[0m | Positions: 0/10 | Cash: [93m100.00[0m% | Trades: 0 | Candidates: 3
1970-01-01 | Balance: [91m0.00[0m | W/L Ratio: [95m0.00%[0m | Profit/Loss Ratio: [94m0.00[0m | Positions: 0/10 | Cash: [93m100.00[0m% | Trades: 0 | Candidates: 3
1970-01-01 | Balance: [91m0.00[0m | W/L Ratio: [95m0.00%[0m | Profit/Loss Ratio: [94m0.00[0m | Positions: 0/10 | Cash: [93m100.00[0m% | Trades: 0 | Candidates: 3
1970-01-01 | Balance: [91m0.00[0m | W/L Ratio: [95m0.00%[0m | Profit/Loss Ratio: [94m0.00[0m | Positions: 0/10 | Cash: [93m100.00[0m% | Trades: 0 | Candidates: 3
1970-01-01 | Balance: [91m0.00[0m | W/L Ratio: [95m0.00%[0m | Profit/Loss Ratio: [94m0.00[0m | Positions: 0/10 | Cash: [93m100.00[0m% | Trades: 0 | Candidates: 3
1970-01-01 | Balance: [91m0.00[0m | W/L Ratio: [95m0.00%[0m | Profit/Loss Ratio: [94m0.00[0m | Positions: 0/10 | Cash: [93m100.00[0m% | Trades: 0 | Candidates: 3
1970-01-01 | Balance: [91m0.00[0m | W/L Ratio: [95m0.00%[0m | Profit/Loss Ratio: [94m0.00[0m | Positions: 0/10 | Cash: [93m100.00[0m% | Trades: 0 | Candidates: 3
1970-01-01 | Balance: [91m0.00[0m | W/L Ratio: [95m0.00%[0m | Profit/Loss Ratio: [94m0.00[0m | Positions: 0/10 | Cash: [93m100.00[0m% | Trades: 0 | Candidates: 3
1970-01-01 | Balance: [91m0.00[0m | W/L Ratio: [95m0.00%[0m | Profit/Loss Ratio: [94m0.00[0m | Positions: 0/10 | Cash: [93m100.00[0m% | Trades: 0 | Candidates: 3
1970-01-01 | Balance: [91m0.00[0m | W/L Ratio: [95m0.00%[0m | Profit/Loss Ratio: [94m0.00[0m | Positions: 0/10 | Cash: [93m100.00[0m% | Trades: 0 | Candidates: 3
1970-01-01 | Balance: [91m0.00[0m | W/L Ratio: [95m0.00%[0m | Profit/Loss Ratio: [94m0.00[0m | Positions: 0/10 | Cash: [93m100.00[0m% | Trades: 0 | Candidates: 3
1970-01-01 | Balance: [91m0.00[0m | W/L Ratio: [95m0.00%[0m | Profit/Loss Ratio: [94m0.00[0m | Positions: 0/10 | Cash: [93m100.00[0m% | Trades: 0 | Candidates: 3
1970-01-01 | Balance: [91m0.00[0m | W/L Ratio: [95m0.00%[0m | Profit/Loss Ratio: [94m0.00[0m | Positions: 0/10 | Cash: [93m100.00[0m% | Trades: 0 | Candidates: 3
1970-01-01 | Balance: [91m0.00[0m | W/L Ratio: [95m0.00%[0m | Profit/Loss Ratio: [94m0.00[0m | Positions: 0/10 | Cash: [93m100.00[0m% | Trades: 0 | Candidates: 3
1970-01-01 | Balance: [91m0.00[0m | W/L Ratio: [95m0.00%[0m | Profit/Loss Ratio: [94m0.00[0m | Positions: 0/10 | Cash: [93m100.00[0m% | Trades: 0 | Candidates: 3
1970-01-01 | Balance: [91m0.00[0m | W/L Ratio: [95m0.00%[0m | Profit/Loss Ratio: [94m0.00[0m | Positions: 0/10 | Cash: [93m100.00[0m% | Trades: 0 | Candidates: 3
1970-01-01 | Balance: [91m0.00[0m | W/L Ratio: [95m0.00%[0m | Profit/Loss Ratio: [94m0.00[0m | Positions: 0/10 | Cash: [93m100.00[0m% | Trades: 0 | Candidates: 3
1970-01-01 | Balance: [91m0.00[0m | W/L Ratio: [95m0.00%[0m | Profit/Loss Ratio: [94m0.00[0m | Positions: 0/10 | Cash: [93m100.00[0m% | Trades: 0 | Candidates: 3
1970-01-01 | Balance: [91m0.00[0m | W/L Ratio: [95m0.00%[0m | Profit/Loss Ratio: [94m0.00[0m | Positions: 0/10 | Cash: [93m100.00[0m% | Trades: 0 | Candidates: 3
1970-01-01 | Balance: [91m0.00[0m | W/L Ratio: [95m0.00%[0m | Profit/Loss Ratio: [94m0.00[0m | Positions: 0/10 | Cash: [93m100.00[0m% | Trades: 0 | Candidates: 3
1970-01-01 | Balance: [91m0.00[0m | W/L Ratio: [95m0.00%[0m | Profit/Loss Ratio: [94m0.00[0m | Positions: 0/10 | Cash: [93m100.00[0m% | Trades: 0 | Candidates: 3
1970-01-01 | Balance: [91m0.00[0m | W/L Ratio: [95m0.00%[0m | Profit/Loss Ratio: [94m0.00[0m | Positions: 0/10 | Cash: [93m100.00[0m% | Trades: 0 | Candidates: 3
1970-01-01 | Balance: [91m0.00[0m | W/L Ratio: [95m0.00%[0m | Profit/Loss Ratio: [94m0.00[0m | Positions: 0/10 | Cash: [93m100.00[0m% | Trades: 0 | Candidates: 3
1970-01-01 | Balance: [91m0.00[0m | W/L Ratio: [95m0.00%[0m | Profit/Loss Ratio: [94m0.00[0m | Positions: 0/10 | Cash: [93m100.00[0m% | Trades: 0 | Candidates: 3
1970-01-01 | Balance: [91m0.00[0m | W/L Ratio: [95m0.00%[0m | Profit/Loss Ratio: [94m0.00[0m | Positions: 0/10 | Cash: [93m100.00[0m% | Trades: 0 | Candidates: 3
1970-01-01 | Balance: [91m0.00[0m | W/L Ratio: [95m0.00%[0m | Profit/Loss Ratio: [94m0.00[0m | Positions: 0/10 | Cash: [93m100.00[0m% | Trades: 0 | Candidates: 3
1970-01-01 | Balance: [91m0.00[0m | W/L Ratio: [95m0.00%[0m | Profit/Loss Ratio: [94m0.00[0m | Positions: 0/10 | Cash: [93m100.00[0m% | Trades: 0 | Candidates: 3
1970-01-01 | Balance: [91m0.00[0m | W/L Ratio: [95m0.00%[0m | Profit/Loss Ratio: [94m0.00[0m | Positions: 0/10 | Cash: [93m100.00[0m% | Trades: 0 | Candidates: 3
1970-01-01 | Balance: [91m0.00[0m | W/L Ratio: [95m0.00%[0m | Profit/Loss Ratio: [94m0.00[0m | Positions: 0/10 | Cash: [93m100.00[0m% | Trades: 0 | Candidates: 3
1970-01-01 | Balance: [91m0.00[0m | W/L Ratio: [95m0.00%[0m | Profit/Loss Ratio: [94m0.00[0m | Positions: 0/10 | Cash: [93m100.00[0m% | Trades: 0 | Candidates: 3
1970-01-01 | Balance: [91m0.00[0m | W/L Ratio: [95m0.00%[0m | Profit/Loss Ratio: [94m0.00[0m | Positions: 0/10 | Cash: [93m100.00[0m% | Trades: 0 | Candidates: 3
1970-01-01 | Balance: [91m0.00[0m | W/L Ratio: [95m0.00%[0m | Profit/Loss Ratio: [94m0.00[0m | Positions: 0/10 | Cash: [93m100.00[0m% | Trades: 0 | Candidates: 3
1970-01-01 | Balance: [91m0.00[0m | W/L Ratio: [95m0.00%[0m | Profit/Loss Ratio: [94m0.00[0m | Positions: 0/10 | Cash: [93m100.00[0m% | Trades: 0 | Candidates: 3
1970-01-01 | Balance: [91m0.00[0m | W/L Ratio: [95m0.00%[0m | Profit/Loss Ratio: [94m0.00[0m | Positions: 0/10 | Cash: [93m100.00[0m% | Trades: 0 | Candidates: 3
1970-01-01 | Balance: [91m0.00[0m | W/L Ratio: [95m0.00%[0m | Profit/Loss Ratio: [94m0.00[0m | Positions: 0/10 | Cash: [93m100.00[0m% | Trades: 0 | Candidates: 3
1970-01-01 | Balance: [91m0.00[0m | W/L Ratio: [95m0.00%[0m | Profit/Loss Ratio: [94m0.00[0m | Positions: 0/10 | Cash: [93m100.00[0m% | Trades: 0 | Candidates: 3
1970-01-01 | Balance: [91m0.00[0m | W/L Ratio: [95m0.00%[0m | Profit/Loss Ratio: [94m0.00[0m | Positions: 0/10 | Cash: [93m100.00[0m% | Trades: 0 | Candidates: 3
1970-01-01 | Balance: [91m0.00[0m | W/L Ratio: [95m0.00%[0m | Profit/Loss Ratio: [94m0.00[0m | Positions: 0/10 | Cash: [93m100.00[0m% | Trades: 0 | Candidates: 3
1970-01-01 | Balance: [91m0.00[0m | W/L Ratio: [95m0.00%[0m | Profit/Loss Ratio: [94m0.00[0m | Positions: 0/10 | Cash: [93m100.00[0m% | Trades: 0 | Candidates: 3
1970-01-01 | Balance: [91m0.00[0m | W/L Ratio: [95m0.00%[0m | Profit/Loss Ratio: [94m0.00[0m | Positions: 0/10 | Cash: [93m100.00[0m% | Trades: 0 | Candidates: 3
1970-01-01 | Balance: [91m0.00[0m | W/L Ratio: [95m0.00%[0m | Profit/Loss Ratio: [94m0.00[0m | Positions: 0/10 | Cash: [93m100.00[0m% | Trades: 0 | Candidates: 3
1970-01-01 | Balance: [91m0.00[0m | W/L Ratio: [95m0.00%[0m | Profit/Loss Ratio: [94m0.00[0m | Positions: 0/10 | Cash: [93m100.00[0m% | Trades: 0 | Candidates: 3
1970-01-01 | Balance: [91m0.00[0m | W/L Ratio: [95m0.00%[0m | Profit/Loss Ratio: [94m0.00[0m | Positions: 0/10 | Cash: [93m100.00[0m% | Trades: 0 | Candidates: 3
1970-01-01 | Balance: [91m0.00[0m | W/L Ratio: [95m0.00%[0m | Profit/Loss Ratio: [94m0.00[0m | Positions: 0/10 | Cash: [93m100.00[0m% | Trades: 0 | Candidates: 3
1970-01-01 | Balance: [91m0.00[0m | W/L Ratio: [95m0.00%[0m | Profit/Loss Ratio: [94m0.00[0m | Positions: 0/10 | Cash: [93m100.00[0m% | Trades: 0 | Candidates: 3
1970-01-01 | Balance: [91m0.00[0m | W/L Ratio: [95m0.00%[0m | Profit/Loss Ratio: [94m0.00[0m | Positions: 0/10 | Cash: [93m100.00[0m% | Trades: 0 | Candidates: 3
1970-01-01 | Balance: [91m0.00[0m | W/L Ratio: [95m0.00%[0m | Profit/Loss Ratio: [94m0.00[0m | Positions: 0/10 | Cash: [93m100.00[0m% | Trades: 0 | Candidates: 3
1970-01-01 | Balance: [91m0.00[0m | W/L Ratio: [95m0.00%[0m | Profit/Loss Ratio: [94m0.00[0m | Positions: 0/10 | Cash: [93m100.00[0m% | Trades: 0 | Candidates: 3
1970-01-01 | Balance: [91m0.00[0m | W/L Ratio: [95m0.00%[0m | Profit/Loss Ratio: [94m0.00[0m | Positions: 0/10 | Cash: [93m100.00[0m% | Trades: 0 | Candidates: 3
1970-01-01 | Balance: [91m0.00[0m | W/L Ratio: [95m0.00%[0m | Profit/Loss Ratio: [94m0.00[0m | Positions: 0/10 | Cash: [93m100.00[0m% | Trades: 0 | Candidates: 3
1970-01-01 | Balance: [91m0.00[0m | W/L Ratio: [95m0.00%[0m | Profit/Loss Ratio: [94m0.00[0m | Positions: 0/10 | Cash: [93m100.00[0m% | Trades: 0 | Candidates: 3
1970-01-01 | Balance: [91m0.00[0m | W/L Ratio: [95m0.00%[0m | Profit/Loss Ratio: [94m0.00[0m | Positions: 0/10 | Cash: [93m100.00[0m% | Trades: 0 | Candidates: 3
1970-01-01 | Balance: [91m0.00[0m | W/L Ratio: [95m0.00%[0m | Profit/Loss Ratio: [94m0.00[0m | Positions: 0/10 | Cash: [93m100.00[0m% | Trades: 0 | Candidates: 3
1970-01-01 | Balance: [91m0.00[0m | W/L Ratio: [95m0.00%[0m | Profit/Loss Ratio: [94m0.00[0m | Positions: 0/10 | Cash: [93m100.00[0m% | Trades: 0 | Candidates: 3
1970-01-01 | Balance: [91m0.00[0m | W/L Ratio: [95m0.00%[0m | Profit/Loss Ratio: [94m0.00[0m | Positions: 0/10 | Cash: [93m100.00[0m% | Trades: 0 | Candidates: 3
1970-01-01 | Balance: [91m0.00[0m | W/L Ratio: [95m0.00%[0m | Profit/Loss Ratio: [94m0.00[0m | Positions: 0/10 | Cash: [93m100.00[0m% | Trades: 0 | Candidates: 3
1970-01-01 | Balance: [91m0.00[0m | W/L Ratio: [95m0.00%[0m | Profit/Loss Ratio: [94m0.00[0m | Positions: 0/10 | Cash: [93m100.00[0m% | Trades: 0 | Candidates: 3
1970-01-01 | Balance: [91m0.00[0m | W/L Ratio: [95m0.00%[0m | Profit/Loss Ratio: [94m0.00[0m | Positions: 0/10 | Cash: [93m100.00[0m% | Trades: 0 | Candidates: 3
1970-01-01 | Balance: [91m0.00[0m | W/L Ratio: [95m0.00%[0m | Profit/Loss Ratio: [94m0.00[0m | Positions: 0/10 | Cash: [93m100.00[0m% | Trades: 0 | Candidates: 3
1970-01-01 | Balance: [91m0.00[0m | W/L Ratio: [95m0.00%[0m | Profit/Loss Ratio: [94m0.00[0m | Positions: 0/10 | Cash: [93m100.00[0m% | Trades: 0 | Candidates: 3
1970-01-01 | Balance: [91m0.00[0m | W/L Ratio: [95m0.00%[0m | Profit/Loss Ratio: [94m0.00[0m | Positions: 0/10 | Cash: [93m100.00[0m% | Trades: 0 | Candidates: 3
1970-01-01 | Balance: [91m0.00[0m | W/L Ratio: [95m0.00%[0m | Profit/Loss Ratio: [94m0.00[0m | Positions: 0/10 | Cash: [93m100.00[0m% | Trades: 0 | Candidates: 3
1970-01-01 | Balance: [91m0.00[0m | W/L Ratio: [95m0.00%[0m | Profit/Loss Ratio: [94m0.00[0m | Positions: 0/10 | Cash: [93m100.00[0m% | Trades: 0 | Candidates: 3
1970-01-01 | Balance: [91m0.00[0m | W/L Ratio: [95m0.00%[0m | Profit/Loss Ratio: [94m0.00[0m | Positions: 0/10 | Cash: [93m100.00[0m% | Trades: 0 | Candidates: 3
1970-01-01 | Balance: [91m0.00[0m | W/L Ratio: [95m0.00%[0m | Profit/Loss Ratio: [94m0.00[0m | Positions: 0/10 | Cash: [93m100.00[0m% | Trades: 0 | Candidates: 3
1970-01-01 | Balance: [91m0.00[0m | W/L Ratio: [95m0.00%[0m | Profit/Loss Ratio: [94m0.00[0m | Positions: 0/10 | Cash: [93m100.00[0m% | Trades: 0 | Candidates: 3
1970-01-01 | Balance: [91m0.00[0m | W/L Ratio: [95m0.00%[0m | Profit/Loss Ratio: [94m0.00[0m | Positions: 0/10 | Cash: [93m100.00[0m% | Trades: 0 | Candidates: 3
1970-01-01 | Balance: [91m0.00[0m | W/L Ratio: [95m0.00%[0m | Profit/Loss Ratio: [94m0.00[0m | Positions: 0/10 | Cash: [93m100.00[0m% | Trades: 0 | Candidates: 3
1970-01-01 | Balance: [91m0.00[0m | W/L Ratio: [95m0.00%[0m | Profit/Loss Ratio: [94m0.00[0m | Positions: 0/10 | Cash: [93m100.00[0m% | Trades: 0 | Candidates: 3
1970-01-01 | Balance: [91m0.00[0m | W/L Ratio: [95m0.00%[0m | Profit/Loss Ratio: [94m0.00[0m | Positions: 0/10 | Cash: [93m100.00[0m% | Trades: 0 | Candidates: 3
1970-01-01 | Balance: [91m0.00[0m | W/L Ratio: [95m0.00%[0m | Profit/Loss Ratio: [94m0.00[0m | Positions: 0/10 | Cash: [93m100.00[0m% | Trades: 0 | Candidates: 3
1970-01-01 | Balance: [91m0.00[0m | W/L Ratio: [95m0.00%[0m | Profit/Loss Ratio: [94m0.00[0m | Positions: 0/10 | Cash: [93m100.00[0m% | Trades: 0 | Candidates: 3
1970-01-01 | Balance: [91m0.00[0m | W/L Ratio: [95m0.00%[0m | Profit/Loss Ratio: [94m0.00[0m | Positions: 0/10 | Cash: [93m100.00[0m% | Trades: 0 | Candidates: 3
1970-01-01 | Balance: [91m0.00[0m | W/L Ratio: [95m0.00%[0m | Profit/Loss Ratio: [94m0.00[0m | Positions: 0/10 | Cash: [93m100.00[0m% | Trades: 0 | Candidates: 3
1970-01-01 | Balance: [91m0.00[0m | W/L Ratio: [95m0.00%[0m | Profit/Loss Ratio: [94m0.00[0m | Positions: 0/10 | Cash: [93m100.00[0m% | Trades: 0 | Candidates: 3
1970-01-01 | Balance: [91m0.00[0m | W/L Ratio: [95m0.00%[0m | Profit/Loss Ratio: [94m0.00[0m | Positions: 0/10 | Cash: [93m100.00[0m% | Trades: 0 | Candidates: 3
1970-01-01 | Balance: [91m0.00[0m | W/L Ratio: [95m0.00%[0m | Profit/Loss Ratio: [94m0.00[0m | Positions: 0/10 | Cash: [93m100.00[0m% | Trades: 0 | Candidates: 3
1970-01-01 | Balance: [91m0.00[0m | W/L Ratio: [95m0.00%[0m | Profit/Loss Ratio: [94m0.00[0m | Positions: 0/10 | Cash: [93m100.00[0m% | Trades: 0 | Candidates: 3
1970-01-01 | Balance: [91m0.00[0m | W/L Ratio: [95m0.00%[0m | Profit/Loss Ratio: [94m0.00[0m | Positions: 0/10 | Cash: [93m100.00[0m% | Trades: 0 | Candidates: 3
1970-01-01 | Balance: [91m0.00[0m | W/L Ratio: [95m0.00%[0m | Profit/Loss Ratio: [94m0.00[0m | Positions: 0/10 | Cash: [93m100.00[0m% | Trades: 0 | Candidates: 3
1970-01-01 | Balance: [91m0.00[0m | W/L Ratio: [95m0.00%[0m | Profit/Loss Ratio: [94m0.00[0m | Positions: 0/10 | Cash: [93m100.00[0m% | Trades: 0 | Candidates: 3
1970-01-01 | Balance: [91m0.00[0m | W/L Ratio: [95m0.00%[0m | Profit/Loss Ratio: [94m0.00[0m | Positions: 0/10 | Cash: [93m100.00[0m% | Trades: 0 | Candidates: 3
1970-01-01 | Balance: [91m0.00[0m | W/L Ratio: [95m0.00%[0m | Profit/Loss Ratio: [94m0.00[0m | Positions: 0/10 | Cash: [93m100.00[0m% | Trades: 0 | Candidates: 3
1970-01-01 | Balance: [91m0.00[0m | W/L Ratio: [95m0.00%[0m | Profit/Loss Ratio: [94m0.00[0m | Positions: 0/10 | Cash: [93m100.00[0m% | Trades: 0 | Candidates: 3
1970-01-01 | Balance: [91m0.00[0m | W/L Ratio: [95m0.00%[0m | Profit/Loss Ratio: [94m0.00[0m | Positions: 0/10 | Cash: [93m100.00[0m% | Trades: 0 | Candidates: 3
1970-01-01 | Balance: [91m0.00[0m | W/L Ratio: [95m0.00%[0m | Profit/Loss Ratio: [94m0.00[0m | Positions: 0/10 | Cash: [93m100.00[0m% | Trades: 0 | Candidates: 3
1970-01-01 | Balance: [91m0.00[0m | W/L Ratio: [95m0.00%[0m | Profit/Loss Ratio: [94m0.00[0m | Positions: 0/10 | Cash: [93m100.00[0m% | Trades: 0 | Candidates: 3
1970-01-01 | Balance: [91m0.00[0m | W/L Ratio: [95m0.00%[0m | Profit/Loss Ratio: [94m0.00[0m | Positions: 0/10 | Cash: [93m100.00[0m% | Trades: 0 | Candidates: 3
1970-01-01 | Balance: [91m0.00[0m | W/L Ratio: [95m0.00%[0m | Profit/Loss Ratio: [94m0.00[0m | Positions: 0/10 | Cash: [93m100.00[0m% | Trades: 0 | Candidates: 3
1970-01-01 | Balance: [91m0.00[0m | W/L Ratio: [95m0.00%[0m | Profit/Loss Ratio: [94m0.00[0m | Positions: 0/10 | Cash: [93m100.00[0m% | Trades: 0 | Candidates: 3
1970-01-01 | Balance: [91m0.00[0m | W/L Ratio: [95m0.00%[0m | Profit/Loss Ratio: [94m0.00[0m | Positions: 0/10 | Cash: [93m100.00[0m% | Trades: 0 | Candidates: 3
1970-01-01 | Balance: [91m0.00[0m | W/L Ratio: [95m0.00%[0m | Profit/Loss Ratio: [94m0.00[0m | Positions: 0/10 | Cash: [93m100.00[0m% | Trades: 0 | Candidates: 3
1970-01-01 | Balance: [91m0.00[0m | W/L Ratio: [95m0.00%[0m | Profit/Loss Ratio: [94m0.00[0m | Positions: 0/10 | Cash: [93m100.00[0m% | Trades: 0 | Candidates: 3
1970-01-01 | Balance: [91m0.00[0m | W/L Ratio: [95m0.00%[0m | Profit/Loss Ratio: [94m0.00[0m | Positions: 0/10 | Cash: [93m100.00[0m% | Trades: 0 | Candidates: 3
1970-01-01 | Balance: [91m0.00[0m | W/L Ratio: [95m0.00%[0m | Profit/Loss Ratio: [94m0.00[0m | Positions: 0/10 | Cash: [93m100.00[0m% | Trades: 0 | Candidates: 3
1970-01-01 | Balance: [91m0.00[0m | W/L Ratio: [95m0.00%[0m | Profit/Loss Ratio: [94m0.00[0m | Positions: 0/10 | Cash: [93m100.00[0m% | Trades: 0 | Candidates: 3
1970-01-01 | Balance: [91m0.00[0m | W/L Ratio: [95m0.00%[0m | Profit/Loss Ratio: [94m0.00[0m | Positions: 0/10 | Cash: [93m100.00[0m% | Trades: 0 | Candidates: 3
1970-01-01 | Balance: [91m0.00[0m | W/L Ratio: [95m0.00%[0m | Profit/Loss Ratio: [94m0.00[0m | Positions: 0/10 | Cash: [93m100.00[0m% | Trades: 0 | Candidates: 3
1970-01-01 | Balance: [91m0.00[0m | W/L Ratio: [95m0.00%[0m | Profit/Loss Ratio: [94m0.00[0m | Positions: 0/10 | Cash: [93m100.00[0m% | Trades: 0 | Candidates: 3
1970-01-01 | Balance: [91m0.00[0m | W/L Ratio: [95m0.00%[0m | Profit/Loss Ratio: [94m0.00[0m | Positions: 0/10 | Cash: [93m100.00[0m% | Trades: 0 | Candidates: 3
1970-01-01 | Balance: [91m0.00[0m | W/L Ratio: [95m0.00%[0m | Profit/Loss Ratio: [94m0.00[0m | Positions: 0/10 | Cash: [93m100.00[0m% | Trades: 0 | Candidates: 3
1970-01-01 | Balance: [91m0.00[0m | W/L Ratio: [95m0.00%[0m | Profit/Loss Ratio: [94m0.00[0m | Positions: 0/10 | Cash: [93m100.00[0m% | Trades: 0 | Candidates: 3
1970-01-01 | Balance: [91m0.00[0m | W/L Ratio: [95m0.00%[0m | Profit/Loss Ratio: [94m0.00[0m | Positions: 0/10 | Cash: [93m100.00[0m% | Trades: 0 | Candidates: 3
1970-01-01 | Balance: [91m0.00[0m | W/L Ratio: [95m0.00%[0m | Profit/Loss Ratio: [94m0.00[0m | Positions: 0/10 | Cash: [93m100.00[0m% | Trades: 0 | Candidates: 3
1970-01-01 | Balance: [91m0.00[0m | W/L Ratio: [95m0.00%[0m | Profit/Loss Ratio: [94m0.00[0m | Positions: 0/10 | Cash: [93m100.00[0m% | Trades: 0 | Candidates: 3
1970-01-01 | Balance: [91m0.00[0m | W/L Ratio: [95m0.00%[0m | Profit/Loss Ratio: [94m0.00[0m | Positions: 0/10 | Cash: [93m100.00[0m% | Trades: 0 | Candidates: 3
1970-01-01 | Balance: [91m0.00[0m | W/L Ratio: [95m0.00%[0m | Profit/Loss Ratio: [94m0.00[0m | Positions: 0/10 | Cash: [93m100.00[0m% | Trades: 0 | Candidates: 3
1970-01-01 | Balance: [91m0.00[0m | W/L Ratio: [95m0.00%[0m | Profit/Loss Ratio: [94m0.00[0m | Positions: 0/10 | Cash: [93m100.00[0m% | Trades: 0 | Candidates: 3
1970-01-01 | Balance: [91m0.00[0m | W/L Ratio: [95m0.00%[0m | Profit/Loss Ratio: [94m0.00[0m | Positions: 0/10 | Cash: [93m100.00[0m% | Trades: 0 | Candidates: 3
1970-01-01 | Balance: [91m0.00[0m | W/L Ratio: [95m0.00%[0m | Profit/Loss Ratio: [94m0.00[0m | Positions: 0/10 | Cash: [93m100.00[0m% | Trades: 0 | Candidates: 3
1970-01-01 | Balance: [91m0.00[0m | W/L Ratio: [95m0.00%[0m | Profit/Loss Ratio: [94m0.00[0m | Positions: 0/10 | Cash: [93m100.00[0m% | Trades: 0 | Candidates: 3
1970-01-01 | Balance: [91m0.00[0m | W/L Ratio: [95m0.00%[0m | Profit/Loss Ratio: [94m0.00[0m | Positions: 0/10 | Cash: [93m100.00[0m% | Trades: 0 | Candidates: 3
1970-01-01 | Balance: [91m0.00[0m | W/L Ratio: [95m0.00%[0m | Profit/Loss Ratio: [94m0.00[0m | Positions: 0/10 | Cash: [93m100.00[0m% | Trades: 0 | Candidates: 3
1970-01-01 | Balance: [91m0.00[0m | W/L Ratio: [95m0.00%[0m | Profit/Loss Ratio: [94m0.00[0m | Positions: 0/10 | Cash: [93m100.00[0m% | Trades: 0 | Candidates: 3
1970-01-01 | Balance: [91m0.00[0m | W/L Ratio: [95m0.00%[0m | Profit/Loss Ratio: [94m0.00[0m | Positions: 0/10 | Cash: [93m100.00[0m% | Trades: 0 | Candidates: 3
1970-01-01 | Balance: [91m0.00[0m | W/L Ratio: [95m0.00%[0m | Profit/Loss Ratio: [94m0.00[0m | Positions: 0/10 | Cash: [93m100.00[0m% | Trades: 0 | Candidates: 3
1970-01-01 | Balance: [91m0.00[0m | W/L Ratio: [95m0.00%[0m | Profit/Loss Ratio: [94m0.00[0m | Positions: 0/10 | Cash: [93m100.00[0m% | Trades: 0 | Candidates: 3
1970-01-01 | Balance: [91m0.00[0m | W/L Ratio: [95m0.00%[0m | Profit/Loss Ratio: [94m0.00[0m | Positions: 0/10 | Cash: [93m100.00[0m% | Trades: 0 | Candidates: 3
1970-01-01 | Balance: [91m0.00[0m | W/L Ratio: [95m0.00%[0m | Profit/Loss Ratio: [94m0.00[0m | Positions: 0/10 | Cash: [93m100.00[0m% | Trades: 0 | Candidates: 3
1970-01-01 | Balance: [91m0.00[0m | W/L Ratio: [95m0.00%[0m | Profit/Loss Ratio: [94m0.00[0m | Positions: 0/10 | Cash: [93m100.00[0m% | Trades: 0 | Candidates: 3
1970-01-01 | Balance: [91m0.00[0m | W/L Ratio: [95m0.00%[0m | Profit/Loss Ratio: [94m0.00[0m | Positions: 0/10 | Cash: [93m100.00[0m% | Trades: 0 | Candidates: 3
1970-01-01 | Balance: [91m0.00[0m | W/L Ratio: [95m0.00%[0m | Profit/Loss Ratio: [94m0.00[0m | Positions: 0/10 | Cash: [93m100.00[0m% | Trades: 0 | Candidates: 3
1970-01-01 | Balance: [91m0.00[0m | W/L Ratio: [95m0.00%[0m | Profit/Loss Ratio: [94m0.00[0m | Positions: 0/10 | Cash: [93m100.00[0m% | Trades: 0 | Candidates: 3
1970-01-01 | Balance: [91m0.00[0m | W/L Ratio: [95m0.00%[0m | Profit/Loss Ratio: [94m0.00[0m | Positions: 0/10 | Cash: [93m100.00[0m% | Trades: 0 | Candidates: 3
1970-01-01 | Balance: [91m0.00[0m | W/L Ratio: [95m0.00%[0m | Profit/Loss Ratio: [94m0.00[0m | Positions: 0/10 | Cash: [93m100.00[0m% | Trades: 0 | Candidates: 3
1970-01-01 | Balance: [91m0.00[0m | W/L Ratio: [95m0.00%[0m | Profit/Loss Ratio: [94m0.00[0m | Positions: 0/10 | Cash: [93m100.00[0m% | Trades: 0 | Candidates: 3
1970-01-01 | Balance: [91m0.00[0m | W/L Ratio: [95m0.00%[0m | Profit/Loss Ratio: [94m0.00[0m | Positions: 0/10 | Cash: [93m100.00[0m% | Trades: 0 | Candidates: 3
1970-01-01 | Balance: [91m0.00[0m | W/L Ratio: [95m0.00%[0m | Profit/Loss Ratio: [94m0.00[0m | Positions: 0/10 | Cash: [93m100.00[0m% | Trades: 0 | Candidates: 3
1970-01-01 | Balance: [91m0.00[0m | W/L Ratio: [95m0.00%[0m | Profit/Loss Ratio: [94m0.00[0m | Positions: 0/10 | Cash: [93m100.00[0m% | Trades: 0 | Candidates: 3
1970-01-01 | Balance: [91m0.00[0m | W/L Ratio: [95m0.00%[0m | Profit/Loss Ratio: [94m0.00[0m | Positions: 0/10 | Cash: [93m100.00[0m% | Trades: 0 | Candidates: 3
1970-01-01 | Balance: [91m0.00[0m | W/L Ratio: [95m0.00%[0m | Profit/Loss Ratio: [94m0.00[0m | Positions: 0/10 | Cash: [93m100.00[0m% | Trades: 0 | Candidates: 3
1970-01-01 | Balance: [91m0.00[0m | W/L Ratio: [95m0.00%[0m | Profit/Loss Ratio: [94m0.00[0m | Positions: 0/10 | Cash: [93m100.00[0m% | Trades: 0 | Candidates: 3
1970-01-01 | Balance: [91m0.00[0m | W/L Ratio: [95m0.00%[0m | Profit/Loss Ratio: [94m0.00[0m | Positions: 0/10 | Cash: [93m100.00[0m% | Trades: 0 | Candidates: 3
1970-01-01 | Balance: [91m0.00[0m | W/L Ratio: [95m0.00%[0m | Profit/Loss Ratio: [94m0.00[0m | Positions: 0/10 | Cash: [93m100.00[0m% | Trades: 0 | Candidates: 3
1970-01-01 | Balance: [91m0.00[0m | W/L Ratio: [95m0.00%[0m | Profit/Loss Ratio: [94m0.00[0m | Positions: 0/10 | Cash: [93m100.00[0m% | Trades: 0 | Candidates: 3
1970-01-01 | Balance: [91m0.00[0m | W/L Ratio: [95m0.00%[0m | Profit/Loss Ratio: [94m0.00[0m | Positions: 0/10 | Cash: [93m100.00[0m% | Trades: 0 | Candidates: 3
1970-01-01 | Balance: [91m0.00[0m | W/L Ratio: [95m0.00%[0m | Profit/Loss Ratio: [94m0.00[0m | Positions: 0/10 | Cash: [93m100.00[0m% | Trades: 0 | Candidates: 3
1970-01-01 | Balance: [91m0.00[0m | W/L Ratio: [95m0.00%[0m | Profit/Loss Ratio: [94m0.00[0m | Positions: 0/10 | Cash: [93m100.00[0m% | Trades: 0 | Candidates: 3
1970-01-01 | Balance: [91m0.00[0m | W/L Ratio: [95m0.00%[0m | Profit/Loss Ratio: [94m0.00[0m | Positions: 0/10 | Cash: [93m100.00[0m% | Trades: 0 | Candidates: 3
1970-01-01 | Balance: [91m0.00[0m | W/L Ratio: [95m0.00%[0m | Profit/Loss Ratio: [94m0.00[0m | Positions: 0/10 | Cash: [93m100.00[0m% | Trades: 0 | Candidates: 3
1970-01-01 | Balance: [91m0.00[0m | W/L Ratio: [95m0.00%[0m | Profit/Loss Ratio: [94m0.00[0m | Positions: 0/10 | Cash: [93m100.00[0m% | Trades: 0 | Candidates: 3
1970-01-01 | Balance: [91m0.00[0m | W/L Ratio: [95m0.00%[0m | Profit/Loss Ratio: [94m0.00[0m | Positions: 0/10 | Cash: [93m100.00[0m% | Trades: 0 | Candidates: 3
1970-01-01 | Balance: [91m0.00[0m | W/L Ratio: [95m0.00%[0m | Profit/Loss Ratio: [94m0.00[0m | Positions: 0/10 | Cash: [93m100.00[0m% | Trades: 0 | Candidates: 3
1970-01-01 | Balance: [91m0.00[0m | W/L Ratio: [95m0.00%[0m | Profit/Loss Ratio: [94m0.00[0m | Positions: 0/10 | Cash: [93m100.00[0m% | Trades: 0 | Candidates: 3
1970-01-01 | Balance: [91m0.00[0m | W/L Ratio: [95m0.00%[0m | Profit/Loss Ratio: [94m0.00[0m | Positions: 0/10 | Cash: [93m100.00[0m% | Trades: 0 | Candidates: 3
1970-01-01 | Balance: [91m0.00[0m | W/L Ratio: [95m0.00%[0m | Profit/Loss Ratio: [94m0.00[0m | Positions: 0/10 | Cash: [93m100.00[0m% | Trades: 0 | Candidates: 3
1970-01-01 | Balance: [91m0.00[0m | W/L Ratio: [95m0.00%[0m | Profit/Loss Ratio: [94m0.00[0m | Positions: 0/10 | Cash: [93m100.00[0m% | Trades: 0 | Candidates: 3
1970-01-01 | Balance: [91m0.00[0m | W/L Ratio: [95m0.00%[0m | Profit/Loss Ratio: [94m0.00[0m | Positions: 0/10 | Cash: [93m100.00[0m% | Trades: 0 | Candidates: 3
1970-01-01 | Balance: [91m0.00[0m | W/L Ratio: [95m0.00%[0m | Profit/Loss Ratio: [94m0.00[0m | Positions: 0/10 | Cash: [93m100.00[0m% | Trades: 0 | Candidates: 3
1970-01-01 | Balance: [91m0.00[0m | W/L Ratio: [95m0.00%[0m | Profit/Loss Ratio: [94m0.00[0m | Positions: 0/10 | Cash: [93m100.00[0m% | Trades: 0 | Candidates: 3
1970-01-01 | Balance: [91m0.00[0m | W/L Ratio: [95m0.00%[0m | Profit/Loss Ratio: [94m0.00[0m | Positions: 0/10 | Cash: [93m100.00[0m% | Trades: 0 | Candidates: 3
1970-01-01 | Balance: [91m0.00[0m | W/L Ratio: [95m0.00%[0m | Profit/Loss Ratio: [94m0.00[0m | Positions: 0/10 | Cash: [93m100.00[0m% | Trades: 0 | Candidates: 3
1970-01-01 | Balance: [91m0.00[0m | W/L Ratio: [95m0.00%[0m | Profit/Loss Ratio: [94m0.00[0m | Positions: 0/10 | Cash: [93m100.00[0m% | Trades: 0 | Candidates: 3
1970-01-01 | Balance: [91m0.00[0m | W/L Ratio: [95m0.00%[0m | Profit/Loss Ratio: [94m0.00[0m | Positions: 0/10 | Cash: [93m100.00[0m% | Trades: 0 | Candidates: 3
1970-01-01 | Balance: [91m0.00[0m | W/L Ratio: [95m0.00%[0m | Profit/Loss Ratio: [94m0.00[0m | Positions: 0/10 | Cash: [93m100.00[0m% | Trades: 0 | Candidates: 3
1970-01-01 | Balance: [91m0.00[0m | W/L Ratio: [95m0.00%[0m | Profit/Loss Ratio: [94m0.00[0m | Positions: 0/10 | Cash: [93m100.00[0m% | Trades: 0 | Candidates: 3
1970-01-01 | Balance: [91m0.00[0m | W/L Ratio: [95m0.00%[0m | Profit/Loss Ratio: [94m0.00[0m | Positions: 0/10 | Cash: [93m100.00[0m% | Trades: 0 | Candidates: 3
1970-01-01 | Balance: [91m0.00[0m | W/L Ratio: [95m0.00%[0m | Profit/Loss Ratio: [94m0.00[0m | Positions: 0/10 | Cash: [93m100.00[0m% | Trades: 0 | Candidates: 3
1970-01-01 | Balance: [91m0.00[0m | W/L Ratio: [95m0.00%[0m | Profit/Loss Ratio: [94m0.00[0m | Positions: 0/10 | Cash: [93m100.00[0m% | Trades: 0 | Candidates: 3
1970-01-01 | Balance: [91m0.00[0m | W/L Ratio: [95m0.00%[0m | Profit/Loss Ratio: [94m0.00[0m | Positions: 0/10 | Cash: [93m100.00[0m% | Trades: 0 | Candidates: 3
1970-01-01 | Balance: [91m0.00[0m | W/L Ratio: [95m0.00%[0m | Profit/Loss Ratio: [94m0.00[0m | Positions: 0/10 | Cash: [93m100.00[0m% | Trades: 0 | Candidates: 3
1970-01-01 | Balance: [91m0.00[0m | W/L Ratio: [95m0.00%[0m | Profit/Loss Ratio: [94m0.00[0m | Positions: 0/10 | Cash: [93m100.00[0m% | Trades: 0 | Candidates: 3
1970-01-01 | Balance: [91m0.00[0m | W/L Ratio: [95m0.00%[0m | Profit/Loss Ratio: [94m0.00[0m | Positions: 0/10 | Cash: [93m100.00[0m% | Trades: 0 | Candidates: 3
1970-01-01 | Balance: [91m0.00[0m | W/L Ratio: [95m0.00%[0m | Profit/Loss Ratio: [94m0.00[0m | Positions: 0/10 | Cash: [93m100.00[0m% | Trades: 0 | Candidates: 3
1970-01-01 | Balance: [91m0.00[0m | W/L Ratio: [95m0.00%[0m | Profit/Loss Ratio: [94m0.00[0m | Positions: 0/10 | Cash: [93m100.00[0m% | Trades: 0 | Candidates: 3
1970-01-01 | Balance: [91m0.00[0m | W/L Ratio: [95m0.00%[0m | Profit/Loss Ratio: [94m0.00[0m | Positions: 0/10 | Cash: [93m100.00[0m% | Trades: 0 | Candidates: 3
1970-01-01 | Balance: [91m0.00[0m | W/L Ratio: [95m0.00%[0m | Profit/Loss Ratio: [94m0.00[0m | Positions: 0/10 | Cash: [93m100.00[0m% | Trades: 0 | Candidates: 3
1970-01-01 | Balance: [91m0.00[0m | W/L Ratio: [95m0.00%[0m | Profit/Loss Ratio: [94m0.00[0m | Positions: 0/10 | Cash: [93m100.00[0m% | Trades: 0 | Candidates: 3
1970-01-01 | Balance: [91m0.00[0m | W/L Ratio: [95m0.00%[0m | Profit/Loss Ratio: [94m0.00[0m | Positions: 0/10 | Cash: [93m100.00[0m% | Trades: 0 | Candidates: 3
1970-01-01 | Balance: [91m0.00[0m | W/L Ratio: [95m0.00%[0m | Profit/Loss Ratio: [94m0.00[0m | Positions: 0/10 | Cash: [93m100.00[0m% | Trades: 0 | Candidates: 3
1970-01-01 | Balance: [91m0.00[0m | W/L Ratio: [95m0.00%[0m | Profit/Loss Ratio: [94m0.00[0m | Positions: 0/10 | Cash: [93m100.00[0m% | Trades: 0 | Candidates: 3
1970-01-01 | Balance: [91m0.00[0m | W/L Ratio: [95m0.00%[0m | Profit/Loss Ratio: [94m0.00[0m | Positions: 0/10 | Cash: [93m100.00[0m% | Trades: 0 | Candidates: 3
1970-01-01 | Balance: [91m0.00[0m | W/L Ratio: [95m0.00%[0m | Profit/Loss Ratio: [94m0.00[0m | Positions: 0/10 | Cash: [93m100.00[0m% | Trades: 0 | Candidates: 3
1970-01-01 | Balance: [91m0.00[0m | W/L Ratio: [95m0.00%[0m | Profit/Loss Ratio: [94m0.00[0m | Positions: 0/10 | Cash: [93m100.00[0m% | Trades: 0 | Candidates: 3
1970-01-01 | Balance: [91m0.00[0m | W/L Ratio: [95m0.00%[0m | Profit/Loss Ratio: [94m0.00[0m | Positions: 0/10 | Cash: [93m100.00[0m% | Trades: 0 | Candidates: 3
1970-01-01 | Balance: [91m0.00[0m | W/L Ratio: [95m0.00%[0m | Profit/Loss Ratio: [94m0.00[0m | Positions: 0/10 | Cash: [93m100.00[0m% | Trades: 0 | Candidates: 3
1970-01-01 | Balance: [91m0.00[0m | W/L Ratio: [95m0.00%[0m | Profit/Loss Ratio: [94m0.00[0m | Positions: 0/10 | Cash: [93m100.00[0m% | Trades: 0 | Candidates: 3
1970-01-01 | Balance: [91m0.00[0m | W/L Ratio: [95m0.00%[0m | Profit/Loss Ratio: [94m0.00[0m | Positions: 0/10 | Cash: [93m100.00[0m% | Trades: 0 | Candidates: 3
1970-01-01 | Balance: [91m0.00[0m | W/L Ratio: [95m0.00%[0m | Profit/Loss Ratio: [94m0.00[0m | Positions: 0/10 | Cash: [93m100.00[0m% | Trades: 0 | Candidates: 3
1970-01-01 | Balance: [91m0.00[0m | W/L Ratio: [95m0.00%[0m | Profit/Loss Ratio: [94m0.00[0m | Positions: 0/10 | Cash: [93m100.00[0m% | Trades: 0 | Candidates: 3
1970-01-01 | Balance: [91m0.00[0m | W/L Ratio: [95m0.00%[0m | Profit/Loss Ratio: [94m0.00[0m | Positions: 0/10 | Cash: [93m100.00[0m% | Trades: 0 | Candidates: 3
1970-01-01 | Balance: [91m0.00[0m | W/L Ratio: [95m0.00%[0m | Profit/Loss Ratio: [94m0.00[0m | Positions: 0/10 | Cash: [93m100.00[0m% | Trades: 0 | Candidates: 3
1970-01-01 | Balance: [91m0.00[0m | W/L Ratio: [95m0.00%[0m | Profit/Loss Ratio: [94m0.00[0m | Positions: 0/10 | Cash: [93m100.00[0m% | Trades: 0 | Candidates: 3
1970-01-01 | Balance: [91m0.00[0m | W/L Ratio: [95m0.00%[0m | Profit/Loss Ratio: [94m0.00[0m | Positions: 0/10 | Cash: [93m100.00[0m% | Trades: 0 | Candidates: 3
1970-01-01 | Balance: [91m0.00[0m | W/L Ratio: [95m0.00%[0m | Profit/Loss Ratio: [94m0.00[0m | Positions: 0/10 | Cash: [93m100.00[0m% | Trades: 0 | Candidates: 3
1970-01-01 | Balance: [91m0.00[0m | W/L Ratio: [95m0.00%[0m | Profit/Loss Ratio: [94m0.00[0m | Positions: 0/10 | Cash: [93m100.00[0m% | Trades: 0 | Candidates: 3
1970-01-01 | Balance: [91m0.00[0m | W/L Ratio: [95m0.00%[0m | Profit/Loss Ratio: [94m0.00[0m | Positions: 0/10 | Cash: [93m100.00[0m% | Trades: 0 | Candidates: 3
1970-01-01 | Balance: [91m0.00[0m | W/L Ratio: [95m0.00%[0m | Profit/Loss Ratio: [94m0.00[0m | Positions: 0/10 | Cash: [93m100.00[0m% | Trades: 0 | Candidates: 3
1970-01-01 | Balance: [91m0.00[0m | W/L Ratio: [95m0.00%[0m | Profit/Loss Ratio: [94m0.00[0m | Positions: 0/10 | Cash: [93m100.00[0m% | Trades: 0 | Candidates: 3
1970-01-01 | Balance: [91m0.00[0m | W/L Ratio: [95m0.00%[0m | Profit/Loss Ratio: [94m0.00[0m | Positions: 0/10 | Cash: [93m100.00[0m% | Trades: 0 | Candidates: 3
1970-01-01 | Balance: [91m0.00[0m | W/L Ratio: [95m0.00%[0m | Profit/Loss Ratio: [94m0.00[0m | Positions: 0/10 | Cash: [93m100.00[0m% | Trades: 0 | Candidates: 3
1970-01-01 | Balance: [91m0.00[0m | W/L Ratio: [95m0.00%[0m | Profit/Loss Ratio: [94m0.00[0m | Positions: 0/10 | Cash: [93m100.00[0m% | Trades: 0 | Candidates: 3
1970-01-01 | Balance: [91m0.00[0m | W/L Ratio: [95m0.00%[0m | Profit/Loss Ratio: [94m0.00[0m | Positions: 0/10 | Cash: [93m100.00[0m% | Trades: 0 | Candidates: 3
1970-01-01 | Balance: [91m0.00[0m | W/L Ratio: [95m0.00%[0m | Profit/Loss Ratio: [94m0.00[0m | Positions: 0/10 | Cash: [93m100.00[0m% | Trades: 0 | Candidates: 3
1970-01-01 | Balance: [91m0.00[0m | W/L Ratio: [95m0.00%[0m | Profit/Loss Ratio: [94m0.00[0m | Positions: 0/10 | Cash: [93m100.00[0m% | Trades: 0 | Candidates: 3
1970-01-01 | Balance: [91m0.00[0m | W/L Ratio: [95m0.00%[0m | Profit/Loss Ratio: [94m0.00[0m | Positions: 0/10 | Cash: [93m100.00[0m% | Trades: 0 | Candidates: 3
1970-01-01 | Balance: [91m0.00[0m | W/L Ratio: [95m0.00%[0m | Profit/Loss Ratio: [94m0.00[0m | Positions: 0/10 | Cash: [93m100.00[0m% | Trades: 0 | Candidates: 3
1970-01-01 | Balance: [91m0.00[0m | W/L Ratio: [95m0.00%[0m | Profit/Loss Ratio: [94m0.00[0m | Positions: 0/10 | Cash: [93m100.00[0m% | Trades: 0 | Candidates: 3
1970-01-01 | Balance: [91m0.00[0m | W/L Ratio: [95m0.00%[0m | Profit/Loss Ratio: [94m0.00[0m | Positions: 0/10 | Cash: [93m100.00[0m% | Trades: 0 | Candidates: 3
1970-01-01 | Balance: [91m0.00[0m | W/L Ratio: [95m0.00%[0m | Profit/Loss Ratio: [94m0.00[0m | Positions: 0/10 | Cash: [93m100.00[0m% | Trades: 0 | Candidates: 3
1970-01-01 | Balance: [91m0.00[0m | W/L Ratio: [95m0.00%[0m | Profit/Loss Ratio: [94m0.00[0m | Positions: 0/10 | Cash: [93m100.00[0m% | Trades: 0 | Candidates: 3
1970-01-01 | Balance: [91m0.00[0m | W/L Ratio: [95m0.00%[0m | Profit/Loss Ratio: [94m0.00[0m | Positions: 0/10 | Cash: [93m100.00[0m% | Trades: 0 | Candidates: 3
1970-01-01 | Balance: [91m0.00[0m | W/L Ratio: [95m0.00%[0m | Profit/Loss Ratio: [94m0.00[0m | Positions: 0/10 | Cash: [93m100.00[0m% | Trades: 0 | Candidates: 3
1970-01-01 | Balance: [91m0.00[0m | W/L Ratio: [95m0.00%[0m | Profit/Loss Ratio: [94m0.00[0m | Positions: 0/10 | Cash: [93m100.00[0m% | Trades: 0 | Candidates: 3
1970-01-01 | Balance: [91m0.00[0m | W/L Ratio: [95m0.00%[0m | Profit/Loss Ratio: [94m0.00[0m | Positions: 0/10 | Cash: [93m100.00[0m% | Trades: 0 | Candidates: 3
1970-01-01 | Balance: [91m0.00[0m | W/L Ratio: [95m0.00%[0m | Profit/Loss Ratio: [94m0.00[0m | Positions: 0/10 | Cash: [93m100.00[0m% | Trades: 0 | Candidates: 3
1970-01-01 | Balance: [91m0.00[0m | W/L Ratio: [95m0.00%[0m | Profit/Loss Ratio: [94m0.00[0m | Positions: 0/10 | Cash: [93m100.00[0m% | Trades: 0 | Candidates: 3
1970-01-01 | Balance: [91m0.00[0m | W/L Ratio: [95m0.00%[0m | Profit/Loss Ratio: [94m0.00[0m | Positions: 0/10 | Cash: [93m100.00[0m% | Trades: 0 | Candidates: 3
1970-01-01 | Balance: [91m0.00[0m | W/L Ratio: [95m0.00%[0m | Profit/Loss Ratio: [94m0.00[0m | Positions: 0/10 | Cash: [93m100.00[0m% | Trades: 0 | Candidates: 3
1970-01-01 | Balance: [91m0.00[0m | W/L Ratio: [95m0.00%[0m | Profit/Loss Ratio: [94m0.00[0m | Positions: 0/10 | Cash: [93m100.00[0m% | Trades: 0 | Candidates: 3
1970-01-01 | Balance: [91m0.00[0m | W/L Ratio: [95m0.00%[0m | Profit/Loss Ratio: [94m0.00[0m | Positions: 0/10 | Cash: [93m100.00[0m% | Trades: 0 | Candidates: 3
1970-01-01 | Balance: [91m0.00[0m | W/L Ratio: [95m0.00%[0m | Profit/Loss Ratio: [94m0.00[0m | Positions: 0/10 | Cash: [93m100.00[0m% | Trades: 0 | Candidates: 3
1970-01-01 | Balance: [91m0.00[0m | W/L Ratio: [95m0.00%[0m | Profit/Loss Ratio: [94m0.00[0m | Positions: 0/10 | Cash: [93m100.00[0m% | Trades: 0 | Candidates: 3
1970-01-01 | Balance: [91m0.00[0m | W/L Ratio: [95m0.00%[0m | Profit/Loss Ratio: [94m0.00[0m | Positions: 0/10 | Cash: [93m100.00[0m% | Trades: 0 | Candidates: 3
1970-01-01 | Balance: [91m0.00[0m | W/L Ratio: [95m0.00%[0m | Profit/Loss Ratio: [94m0.00[0m | Positions: 0/10 | Cash: [93m100.00[0m% | Trades: 0 | Candidates: 3
1970-01-01 | Balance: [91m0.00[0m | W/L Ratio: [95m0.00%[0m | Profit/Loss Ratio: [94m0.00[0m | Positions: 0/10 | Cash: [93m100.00[0m% | Trades: 0 | Candidates: 3
1970-01-01 | Balance: [91m0.00[0m | W/L Ratio: [95m0.00%[0m | Profit/Loss Ratio: [94m0.00[0m | Positions: 0/10 | Cash: [93m100.00[0m% | Trades: 0 | Candidates: 3
1970-01-01 | Balance: [91m0.00[0m | W/L Ratio: [95m0.00%[0m | Profit/Loss Ratio: [94m0.00[0m | Positions: 0/10 | Cash: [93m100.00[0m% | Trades: 0 | Candidates: 3
1970-01-01 | Balance: [91m0.00[0m | W/L Ratio: [95m0.00%[0m | Profit/Loss Ratio: [94m0.00[0m | Positions: 0/10 | Cash: [93m100.00[0m% | Trades: 0 | Candidates: 3
1970-01-01 | Balance: [91m0.00[0m | W/L Ratio: [95m0.00%[0m | Profit/Loss Ratio: [94m0.00[0m | Positions: 0/10 | Cash: [93m100.00[0m% | Trades: 0 | Candidates: 3
1970-01-01 | Balance: [91m0.00[0m | W/L Ratio: [95m0.00%[0m | Profit/Loss Ratio: [94m0.00[0m | Positions: 0/10 | Cash: [93m100.00[0m% | Trades: 0 | Candidates: 3
1970-01-01 | Balance: [91m0.00[0m | W/L Ratio: [95m0.00%[0m | Profit/Loss Ratio: [94m0.00[0m | Positions: 0/10 | Cash: [93m100.00[0m% | Trades: 0 | Candidates: 3
1970-01-01 | Balance: [91m0.00[0m | W/L Ratio: [95m0.00%[0m | Profit/Loss Ratio: [94m0.00[0m | Positions: 0/10 | Cash: [93m100.00[0m% | Trades: 0 | Candidates: 3
1970-01-01 | Balance: [91m0.00[0m | W/L Ratio: [95m0.00%[0m | Profit/Loss Ratio: [94m0.00[0m | Positions: 0/10 | Cash: [93m100.00[0m% | Trades: 0 | Candidates: 3
1970-01-01 | Balance: [91m0.00[0m | W/L Ratio: [95m0.00%[0m | Profit/Loss Ratio: [94m0.00[0m | Positions: 0/10 | Cash: [93m100.00[0m% | Trades: 0 | Candidates: 3
1970-01-01 | Balance: [91m0.00[0m | W/L Ratio: [95m0.00%[0m | Profit/Loss Ratio: [94m0.00[0m | Positions: 0/10 | Cash: [93m100.00[0m% | Trades: 0 | Candidates: 3
1970-01-01 | Balance: [91m0.00[0m | W/L Ratio: [95m0.00%[0m | Profit/Loss Ratio: [94m0.00[0m | Positions: 0/10 | Cash: [93m100.00[0m% | Trades: 0 | Candidates: 3
1970-01-01 | Balance: [91m0.00[0m | W/L Ratio: [95m0.00%[0m | Profit/Loss Ratio: [94m0.00[0m | Positions: 0/10 | Cash: [93m100.00[0m% | Trades: 0 | Candidates: 3
1970-01-01 | Balance: [91m0.00[0m | W/L Ratio: [95m0.00%[0m | Profit/Loss Ratio: [94m0.00[0m | Positions: 0/10 | Cash: [93m100.00[0m% | Trades: 0 | Candidates: 3
1970-01-01 | Balance: [91m0.00[0m | W/L Ratio: [95m0.00%[0m | Profit/Loss Ratio: [94m0.00[0m | Positions: 0/10 | Cash: [93m100.00[0m% | Trades: 0 | Candidates: 3
1970-01-01 | Balance: [91m0.00[0m | W/L Ratio: [95m0.00%[0m | Profit/Loss Ratio: [94m0.00[0m | Positions: 0/10 | Cash: [93m100.00[0m% | Trades: 0 | Candidates: 3
1970-01-01 | Balance: [91m0.00[0m | W/L Ratio: [95m0.00%[0m | Profit/Loss Ratio: [94m0.00[0m | Positions: 0/10 | Cash: [93m100.00[0m% | Trades: 0 | Candidates: 3
1970-01-01 | Balance: [91m0.00[0m | W/L Ratio: [95m0.00%[0m | Profit/Loss Ratio: [94m0.00[0m | Positions: 0/10 | Cash: [93m100.00[0m% | Trades: 0 | Candidates: 3
1970-01-01 | Balance: [91m0.00[0m | W/L Ratio: [95m0.00%[0m | Profit/Loss Ratio: [94m0.00[0m | Positions: 0/10 | Cash: [93m100.00[0m% | Trades: 0 | Candidates: 3
1970-01-01 | Balance: [91m0.00[0m | W/L Ratio: [95m0.00%[0m | Profit/Loss Ratio: [94m0.00[0m | Positions: 0/10 | Cash: [93m100.00[0m% | Trades: 0 | Candidates: 3
1970-01-01 | Balance: [91m0.00[0m | W/L Ratio: [95m0.00%[0m | Profit/Loss Ratio: [94m0.00[0m | Positions: 0/10 | Cash: [93m100.00[0m% | Trades: 0 | Candidates: 3
1970-01-01 | Balance: [91m0.00[0m | W/L Ratio: [95m0.00%[0m | Profit/Loss Ratio: [94m0.00[0m | Positions: 0/10 | Cash: [93m100.00[0m% | Trades: 0 | Candidates: 3
1970-01-01 | Balance: [91m0.00[0m | W/L Ratio: [95m0.00%[0m | Profit/Loss Ratio: [94m0.00[0m | Positions: 0/10 | Cash: [93m100.00[0m% | Trades: 0 | Candidates: 3
1970-01-01 | Balance: [91m0.00[0m | W/L Ratio: [95m0.00%[0m | Profit/Loss Ratio: [94m0.00[0m | Positions: 0/10 | Cash: [93m100.00[0m% | Trades: 0 | Candidates: 3
1970-01-01 | Balance: [91m0.00[0m | W/L Ratio: [95m0.00%[0m | Profit/Loss Ratio: [94m0.00[0m | Positions: 0/10 | Cash: [93m100.00[0m% | Trades: 0 | Candidates: 3
1970-01-01 | Balance: [91m0.00[0m | W/L Ratio: [95m0.00%[0m | Profit/Loss Ratio: [94m0.00[0m | Positions: 0/10 | Cash: [93m100.00[0m% | Trades: 0 | Candidates: 3
1970-01-01 | Balance: [91m0.00[0m | W/L Ratio: [95m0.00%[0m | Profit/Loss Ratio: [94m0.00[0m | Positions: 0/10 | Cash: [93m100.00[0m% | Trades: 0 | Candidates: 3
1970-01-01 | Balance: [91m0.00[0m | W/L Ratio: [95m0.00%[0m | Profit/Loss Ratio: [94m0.00[0m | Positions: 0/10 | Cash: [93m100.00[0m% | Trades: 0 | Candidates: 3
1970-01-01 | Balance: [91m0.00[0m | W/L Ratio: [95m0.00%[0m | Profit/Loss Ratio: [94m0.00[0m | Positions: 0/10 | Cash: [93m100.00[0m% | Trades: 0 | Candidates: 3
1970-01-01 | Balance: [91m0.00[0m | W/L Ratio: [95m0.00%[0m | Profit/Loss Ratio: [94m0.00[0m | Positions: 0/10 | Cash: [93m100.00[0m% | Trades: 0 | Candidates: 3
1970-01-01 | Balance: [91m0.00[0m | W/L Ratio: [95m0.00%[0m | Profit/Loss Ratio: [94m0.00[0m | Positions: 0/10 | Cash: [93m100.00[0m% | Trades: 0 | Candidates: 3
1970-01-01 | Balance: [91m0.00[0m | W/L Ratio: [95m0.00%[0m | Profit/Loss Ratio: [94m0.00[0m | Positions: 0/10 | Cash: [93m100.00[0m% | Trades: 0 | Candidates: 3
1970-01-01 | Balance: [91m0.00[0m | W/L Ratio: [95m0.00%[0m | Profit/Loss Ratio: [94m0.00[0m | Positions: 0/10 | Cash: [93m100.00[0m% | Trades: 0 | Candidates: 3
1970-01-01 | Balance: [91m0.00[0m | W/L Ratio: [95m0.00%[0m | Profit/Loss Ratio: [94m0.00[0m | Positions: 0/10 | Cash: [93m100.00[0m% | Trades: 0 | Candidates: 3
1970-01-01 | Balance: [91m0.00[0m | W/L Ratio: [95m0.00%[0m | Profit/Loss Ratio: [94m0.00[0m | Positions: 0/10 | Cash: [93m100.00[0m% | Trades: 0 | Candidates: 3
1970-01-01 | Balance: [91m0.00[0m | W/L Ratio: [95m0.00%[0m | Profit/Loss Ratio: [94m0.00[0m | Positions: 0/10 | Cash: [93m100.00[0m% | Trades: 0 | Candidates: 3
1970-01-01 | Balance: [91m0.00[0m | W/L Ratio: [95m0.00%[0m | Profit/Loss Ratio: [94m0.00[0m | Positions: 0/10 | Cash: [93m100.00[0m% | Trades: 0 | Candidates: 3
1970-01-01 | Balance: [91m0.00[0m | W/L Ratio: [95m0.00%[0m | Profit/Loss Ratio: [94m0.00[0m | Positions: 0/10 | Cash: [93m100.00[0m% | Trades: 0 | Candidates: 3
1970-01-01 | Balance: [91m0.00[0m | W/L Ratio: [95m0.00%[0m | Profit/Loss Ratio: [94m0.00[0m | Positions: 0/10 | Cash: [93m100.00[0m% | Trades: 0 | Candidates: 3
1970-01-01 | Balance: [91m0.00[0m | W/L Ratio: [95m0.00%[0m | Profit/Loss Ratio: [94m0.00[0m | Positions: 0/10 | Cash: [93m100.00[0m% | Trades: 0 | Candidates: 3
1970-01-01 | Balance: [91m0.00[0m | W/L Ratio: [95m0.00%[0m | Profit/Loss Ratio: [94m0.00[0m | Positions: 0/10 | Cash: [93m100.00[0m% | Trades: 0 | Candidates: 3
1970-01-01 | Balance: [91m0.00[0m | W/L Ratio: [95m0.00%[0m | Profit/Loss Ratio: [94m0.00[0m | Positions: 0/10 | Cash: [93m100.00[0m% | Trades: 0 | Candidates: 3
1970-01-01 | Balance: [91m0.00[0m | W/L Ratio: [95m0.00%[0m | Profit/Loss Ratio: [94m0.00[0m | Positions: 0/10 | Cash: [93m100.00[0m% | Trades: 0 | Candidates: 3
1970-01-01 | Balance: [91m0.00[0m | W/L Ratio: [95m0.00%[0m | Profit/Loss Ratio: [94m0.00[0m | Positions: 0/10 | Cash: [93m100.00[0m% | Trades: 0 | Candidates: 3
1970-01-01 | Balance: [91m0.00[0m | W/L Ratio: [95m0.00%[0m | Profit/Loss Ratio: [94m0.00[0m | Positions: 0/10 | Cash: [93m100.00[0m% | Trades: 0 | Candidates: 3
1970-01-01 | Balance: [91m0.00[0m | W/L Ratio: [95m0.00%[0m | Profit/Loss Ratio: [94m0.00[0m | Positions: 0/10 | Cash: [93m100.00[0m% | Trades: 0 | Candidates: 3
1970-01-01 | Balance: [91m0.00[0m | W/L Ratio: [95m0.00%[0m | Profit/Loss Ratio: [94m0.00[0m | Positions: 0/10 | Cash: [93m100.00[0m% | Trades: 0 | Candidates: 3
1970-01-01 | Balance: [91m0.00[0m | W/L Ratio: [95m0.00%[0m | Profit/Loss Ratio: [94m0.00[0m | Positions: 0/10 | Cash: [93m100.00[0m% | Trades: 0 | Candidates: 3
1970-01-01 | Balance: [91m0.00[0m | W/L Ratio: [95m0.00%[0m | Profit/Loss Ratio: [94m0.00[0m | Positions: 0/10 | Cash: [93m100.00[0m% | Trades: 0 | Candidates: 3
1970-01-01 | Balance: [91m0.00[0m | W/L Ratio: [95m0.00%[0m | Profit/Loss Ratio: [94m0.00[0m | Positions: 0/10 | Cash: [93m100.00[0m% | Trades: 0 | Candidates: 3
1970-01-01 | Balance: [91m0.00[0m | W/L Ratio: [95m0.00%[0m | Profit/Loss Ratio: [94m0.00[0m | Positions: 0/10 | Cash: [93m100.00[0m% | Trades: 0 | Candidates: 3
1970-01-01 | Balance: [91m0.00[0m | W/L Ratio: [95m0.00%[0m | Profit/Loss Ratio: [94m0.00[0m | Positions: 0/10 | Cash: [93m100.00[0m% | Trades: 0 | Candidates: 3
1970-01-01 | Balance: [91m0.00[0m | W/L Ratio: [95m0.00%[0m | Profit/Loss Ratio: [94m0.00[0m | Positions: 0/10 | Cash: [93m100.00[0m% | Trades: 0 | Candidates: 3
1970-01-01 | Balance: [91m0.00[0m | W/L Ratio: [95m0.00%[0m | Profit/Loss Ratio: [94m0.00[0m | Positions: 0/10 | Cash: [93m100.00[0m% | Trades: 0 | Candidates: 3
1970-01-01 | Balance: [91m0.00[0m | W/L Ratio: [95m0.00%[0m | Profit/Loss Ratio: [94m0.00[0m | Positions: 0/10 | Cash: [93m100.00[0m% | Trades: 0 | Candidates: 3
1970-01-01 | Balance: [91m0.00[0m | W/L Ratio: [95m0.00%[0m | Profit/Loss Ratio: [94m0.00[0m | Positions: 0/10 | Cash: [93m100.00[0m% | Trades: 0 | Candidates: 3
1970-01-01 | Balance: [91m0.00[0m | W/L Ratio: [95m0.00%[0m | Profit/Loss Ratio: [94m0.00[0m | Positions: 0/10 | Cash: [93m100.00[0m% | Trades: 0 | Candidates: 3
1970-01-01 | Balance: [91m0.00[0m | W/L Ratio: [95m0.00%[0m | Profit/Loss Ratio: [94m0.00[0m | Positions: 0/10 | Cash: [93m100.00[0m% | Trades: 0 | Candidates: 3
1970-01-01 | Balance: [91m0.00[0m | W/L Ratio: [95m0.00%[0m | Profit/Loss Ratio: [94m0.00[0m | Positions: 0/10 | Cash: [93m100.00[0m% | Trades: 0 | Candidates: 3
1970-01-01 | Balance: [91m0.00[0m | W/L Ratio: [95m0.00%[0m | Profit/Loss Ratio: [94m0.00[0m | Positions: 0/10 | Cash: [93m100.00[0m% | Trades: 0 | Candidates: 3
1970-01-01 | Balance: [91m0.00[0m | W/L Ratio: [95m0.00%[0m | Profit/Loss Ratio: [94m0.00[0m | Positions: 0/10 | Cash: [93m100.00[0m% | Trades: 0 | Candidates: 3
1970-01-01 | Balance: [91m0.00[0m | W/L Ratio: [95m0.00%[0m | Profit/Loss Ratio: [94m0.00[0m | Positions: 0/10 | Cash: [93m100.00[0m% | Trades: 0 | Candidates: 3
1970-01-01 | Balance: [91m0.00[0m | W/L Ratio: [95m0.00%[0m | Profit/Loss Ratio: [94m0.00[0m | Positions: 0/10 | Cash: [93m100.00[0m% | Trades: 0 | Candidates: 3
1970-01-01 | Balance: [91m0.00[0m | W/L Ratio: [95m0.00%[0m | Profit/Loss Ratio: [94m0.00[0m | Positions: 0/10 | Cash: [93m100.00[0m% | Trades: 0 | Candidates: 3
1970-01-01 | Balance: [91m0.00[0m | W/L Ratio: [95m0.00%[0m | Profit/Loss Ratio: [94m0.00[0m | Positions: 0/10 | Cash: [93m100.00[0m% | Trades: 0 | Candidates: 3
1970-01-01 | Balance: [91m0.00[0m | W/L Ratio: [95m0.00%[0m | Profit/Loss Ratio: [94m0.00[0m | Positions: 0/10 | Cash: [93m100.00[0m% | Trades: 0 | Candidates: 3
1970-01-01 | Balance: [91m0.00[0m | W/L Ratio: [95m0.00%[0m | Profit/Loss Ratio: [94m0.00[0m | Positions: 0/10 | Cash: [93m100.00[0m% | Trades: 0 | Candidates: 3
1970-01-01 | Balance: [91m0.00[0m | W/L Ratio: [95m0.00%[0m | Profit/Loss Ratio: [94m0.00[0m | Positions: 0/10 | Cash: [93m100.00[0m% | Trades: 0 | Candidates: 3
1970-01-01 | Balance: [91m0.00[0m | W/L Ratio: [95m0.00%[0m | Profit/Loss Ratio: [94m0.00[0m | Positions: 0/10 | Cash: [93m100.00[0m% | Trades: 0 | Candidates: 3
1970-01-01 | Balance: [91m0.00[0m | W/L Ratio: [95m0.00%[0m | Profit/Loss Ratio: [94m0.00[0m | Positions: 0/10 | Cash: [93m100.00[0m% | Trades: 0 | Candidates: 3
1970-01-01 | Balance: [91m0.00[0m | W/L Ratio: [95m0.00%[0m | Profit/Loss Ratio: [94m0.00[0m | Positions: 0/10 | Cash: [93m100.00[0m% | Trades: 0 | Candidates: 3
1970-01-01 | Balance: [91m0.00[0m | W/L Ratio: [95m0.00%[0m | Profit/Loss Ratio: [94m0.00[0m | Positions: 0/10 | Cash: [93m100.00[0m% | Trades: 0 | Candidates: 3
1970-01-01 | Balance: [91m0.00[0m | W/L Ratio: [95m0.00%[0m | Profit/Loss Ratio: [94m0.00[0m | Positions: 0/10 | Cash: [93m100.00[0m% | Trades: 0 | Candidates: 3
1970-01-01 | Balance: [91m0.00[0m | W/L Ratio: [95m0.00%[0m | Profit/Loss Ratio: [94m0.00[0m | Positions: 0/10 | Cash: [93m100.00[0m% | Trades: 0 | Candidates: 3
1970-01-01 | Balance: [91m0.00[0m | W/L Ratio: [95m0.00%[0m | Profit/Loss Ratio: [94m0.00[0m | Positions: 0/10 | Cash: [93m100.00[0m% | Trades: 0 | Candidates: 3
1970-01-01 | Balance: [91m0.00[0m | W/L Ratio: [95m0.00%[0m | Profit/Loss Ratio: [94m0.00[0m | Positions: 0/10 | Cash: [93m100.00[0m% | Trades: 0 | Candidates: 3
1970-01-01 | Balance: [91m0.00[0m | W/L Ratio: [95m0.00%[0m | Profit/Loss Ratio: [94m0.00[0m | Positions: 0/10 | Cash: [93m100.00[0m% | Trades: 0 | Candidates: 3
1970-01-01 | Balance: [91m0.00[0m | W/L Ratio: [95m0.00%[0m | Profit/Loss Ratio: [94m0.00[0m | Positions: 0/10 | Cash: [93m100.00[0m% | Trades: 0 | Candidates: 3
1970-01-01 | Balance: [91m0.00[0m | W/L Ratio: [95m0.00%[0m | Profit/Loss Ratio: [94m0.00[0m | Positions: 0/10 | Cash: [93m100.00[0m% | Trades: 0 | Candidates: 3
1970-01-01 | Balance: [91m0.00[0m | W/L Ratio: [95m0.00%[0m | Profit/Loss Ratio: [94m0.00[0m | Positions: 0/10 | Cash: [93m100.00[0m% | Trades: 0 | Candidates: 3
1970-01-01 | Balance: [91m0.00[0m | W/L Ratio: [95m0.00%[0m | Profit/Loss Ratio: [94m0.00[0m | Positions: 0/10 | Cash: [93m100.00[0m% | Trades: 0 | Candidates: 3
1970-01-01 | Balance: [91m0.00[0m | W/L Ratio: [95m0.00%[0m | Profit/Loss Ratio: [94m0.00[0m | Positions: 0/10 | Cash: [93m100.00[0m% | Trades: 0 | Candidates: 3
1970-01-01 | Balance: [91m0.00[0m | W/L Ratio: [95m0.00%[0m | Profit/Loss Ratio: [94m0.00[0m | Positions: 0/10 | Cash: [93m100.00[0m% | Trades: 0 | Candidates: 3
1970-01-01 | Balance: [91m0.00[0m | W/L Ratio: [95m0.00%[0m | Profit/Loss Ratio: [94m0.00[0m | Positions: 0/10 | Cash: [93m100.00[0m% | Trades: 0 | Candidates: 3
1970-01-01 | Balance: [91m0.00[0m | W/L Ratio: [95m0.00%[0m | Profit/Loss Ratio: [94m0.00[0m | Positions: 0/10 | Cash: [93m100.00[0m% | Trades: 0 | Candidates: 3
1970-01-01 | Balance: [91m0.00[0m | W/L Ratio: [95m0.00%[0m | Profit/Loss Ratio: [94m0.00[0m | Positions: 0/10 | Cash: [93m100.00[0m% | Trades: 0 | Candidates: 3
1970-01-01 | Balance: [91m0.00[0m | W/L Ratio: [95m0.00%[0m | Profit/Loss Ratio: [94m0.00[0m | Positions: 0/10 | Cash: [93m100.00[0m% | Trades: 0 | Candidates: 3
1970-01-01 | Balance: [91m0.00[0m | W/L Ratio: [95m0.00%[0m | Profit/Loss Ratio: [94m0.00[0m | Positions: 0/10 | Cash: [93m100.00[0m% | Trades: 0 | Candidates: 3
1970-01-01 | Balance: [91m0.00[0m | W/L Ratio: [95m0.00%[0m | Profit/Loss Ratio: [94m0.00[0m | Positions: 0/10 | Cash: [93m100.00[0m% | Trades: 0 | Candidates: 3
1970-01-01 | Balance: [91m0.00[0m | W/L Ratio: [95m0.00%[0m | Profit/Loss Ratio: [94m0.00[0m | Positions: 0/10 | Cash: [93m100.00[0m% | Trades: 0 | Candidates: 3
1970-01-01 | Balance: [91m0.00[0m | W/L Ratio: [95m0.00%[0m | Profit/Loss Ratio: [94m0.00[0m | Positions: 0/10 | Cash: [93m100.00[0m% | Trades: 0 | Candidates: 3
1970-01-01 | Balance: [91m0.00[0m | W/L Ratio: [95m0.00%[0m | Profit/Loss Ratio: [94m0.00[0m | Positions: 0/10 | Cash: [93m100.00[0m% | Trades: 0 | Candidates: 3
1970-01-01 | Balance: [91m0.00[0m | W/L Ratio: [95m0.00%[0m | Profit/Loss Ratio: [94m0.00[0m | Positions: 0/10 | Cash: [93m100.00[0m% | Trades: 0 | Candidates: 3
1970-01-01 | Balance: [91m0.00[0m | W/L Ratio: [95m0.00%[0m | Profit/Loss Ratio: [94m0.00[0m | Positions: 0/10 | Cash: [93m100.00[0m% | Trades: 0 | Candidates: 3
1970-01-01 | Balance: [91m0.00[0m | W/L Ratio: [95m0.00%[0m | Profit/Loss Ratio: [94m0.00[0m | Positions: 0/10 | Cash: [93m100.00[0m% | Trades: 0 | Candidates: 3
1970-01-01 | Balance: [91m0.00[0m | W/L Ratio: [95m0.00%[0m | Profit/Loss Ratio: [94m0.00[0m | Positions: 0/10 | Cash: [93m100.00[0m% | Trades: 0 | Candidates: 3
1970-01-01 | Balance: [91m0.00[0m | W/L Ratio: [95m0.00%[0m | Profit/Loss Ratio: [94m0.00[0m | Positions: 0/10 | Cash: [93m100.00[0m% | Trades: 0 | Candidates: 3
1970-01-01 | Balance: [91m0.00[0m | W/L Ratio: [95m0.00%[0m | Profit/Loss Ratio: [94m0.00[0m | Positions: 0/10 | Cash: [93m100.00[0m% | Trades: 0 | Candidates: 3
1970-01-01 | Balance: [91m0.00[0m | W/L Ratio: [95m0.00%[0m | Profit/Loss Ratio: [94m0.00[0m | Positions: 0/10 | Cash: [93m100.00[0m% | Trades: 0 | Candidates: 3
1970-01-01 | Balance: [91m0.00[0m | W/L Ratio: [95m0.00%[0m | Profit/Loss Ratio: [94m0.00[0m | Positions: 0/10 | Cash: [93m100.00[0m% | Trades: 0 | Candidates: 3
1970-01-01 | Balance: [91m0.00[0m | W/L Ratio: [95m0.00%[0m | Profit/Loss Ratio: [94m0.00[0m | Positions: 0/10 | Cash: [93m100.00[0m% | Trades: 0 | Candidates: 3
1970-01-01 | Balance: [91m0.00[0m | W/L Ratio: [95m0.00%[0m | Profit/Loss Ratio: [94m0.00[0m | Positions: 0/10 | Cash: [93m100.00[0m% | Trades: 0 | Candidates: 3
1970-01-01 | Balance: [91m0.00[0m | W/L Ratio: [95m0.00%[0m | Profit/Loss Ratio: [94m0.00[0m | Positions: 0/10 | Cash: [93m100.00[0m% | Trades: 0 | Candidates: 3
1970-01-01 | Balance: [91m0.00[0m | W/L Ratio: [95m0.00%[0m | Profit/Loss Ratio: [94m0.00[0m | Positions: 0/10 | Cash: [93m100.00[0m% | Trades: 0 | Candidates: 3
1970-01-01 | Balance: [91m0.00[0m | W/L Ratio: [95m0.00%[0m | Profit/Loss Ratio: [94m0.00[0m | Positions: 0/10 | Cash: [93m100.00[0m% | Trades: 0 | Candidates: 3
1970-01-01 | Balance: [91m0.00[0m | W/L Ratio: [95m0.00%[0m | Profit/Loss Ratio: [94m0.00[0m | Positions: 0/10 | Cash: [93m100.00[0m% | Trades: 0 | Candidates: 3
1970-01-01 | Balance: [91m0.00[0m | W/L Ratio: [95m0.00%[0m | Profit/Loss Ratio: [94m0.00[0m | Positions: 0/10 | Cash: [93m100.00[0m% | Trades: 0 | Candidates: 3
1970-01-01 | Balance: [91m0.00[0m | W/L Ratio: [95m0.00%[0m | Profit/Loss Ratio: [94m0.00[0m | Positions: 0/10 | Cash: [93m100.00[0m% | Trades: 0 | Candidates: 3
1970-01-01 | Balance: [91m0.00[0m | W/L Ratio: [95m0.00%[0m | Profit/Loss Ratio: [94m0.00[0m | Positions: 0/10 | Cash: [93m100.00[0m% | Trades: 0 | Candidates: 3
1970-01-01 | Balance: [91m0.00[0m | W/L Ratio: [95m0.00%[0m | Profit/Loss Ratio: [94m0.00[0m | Positions: 0/10 | Cash: [93m100.00[0m% | Trades: 0 | Candidates: 3
1970-01-01 | Balance: [91m0.00[0m | W/L Ratio: [95m0.00%[0m | Profit/Loss Ratio: [94m0.00[0m | Positions: 0/10 | Cash: [93m100.00[0m% | Trades: 0 | Candidates: 3
1970-01-01 | Balance: [91m0.00[0m | W/L Ratio: [95m0.00%[0m | Profit/Loss Ratio: [94m0.00[0m | Positions: 0/10 | Cash: [93m100.00[0m% | Trades: 0 | Candidates: 3
1970-01-01 | Balance: [91m0.00[0m | W/L Ratio: [95m0.00%[0m | Profit/Loss Ratio: [94m0.00[0m | Positions: 0/10 | Cash: [93m100.00[0m% | Trades: 0 | Candidates: 3
1970-01-01 | Balance: [91m0.00[0m | W/L Ratio: [95m0.00%[0m | Profit/Loss Ratio: [94m0.00[0m | Positions: 0/10 | Cash: [93m100.00[0m% | Trades: 0 | Candidates: 3
1970-01-01 | Balance: [91m0.00[0m | W/L Ratio: [95m0.00%[0m | Profit/Loss Ratio: [94m0.00[0m | Positions: 0/10 | Cash: [93m100.00[0m% | Trades: 0 | Candidates: 3
1970-01-01 | Balance: [91m0.00[0m | W/L Ratio: [95m0.00%[0m | Profit/Loss Ratio: [94m0.00[0m | Positions: 0/10 | Cash: [93m100.00[0m% | Trades: 0 | Candidates: 3
1970-01-01 | Balance: [91m0.00[0m | W/L Ratio: [95m0.00%[0m | Profit/Loss Ratio: [94m0.00[0m | Positions: 0/10 | Cash: [93m100.00[0m% | Trades: 0 | Candidates: 3
1970-01-01 | Balance: [91m0.00[0m | W/L Ratio: [95m0.00%[0m | Profit/Loss Ratio: [94m0.00[0m | Positions: 0/10 | Cash: [93m100.00[0m% | Trades: 0 | Candidates: 3
1970-01-01 | Balance: [91m0.00[0m | W/L Ratio: [95m0.00%[0m | Profit/Loss Ratio: [94m0.00[0m | Positions: 0/10 | Cash: [93m100.00[0m% | Trades: 0 | Candidates: 3
1970-01-01 | Balance: [91m0.00[0m | W/L Ratio: [95m0.00%[0m | Profit/Loss Ratio: [94m0.00[0m | Positions: 0/10 | Cash: [93m100.00[0m% | Trades: 0 | Candidates: 3
1970-01-01 | Balance: [91m0.00[0m | W/L Ratio: [95m0.00%[0m | Profit/Loss Ratio: [94m0.00[0m | Positions: 0/10 | Cash: [93m100.00[0m% | Trades: 0 | Candidates: 3
1970-01-01 | Balance: [91m0.00[0m | W/L Ratio: [95m0.00%[0m | Profit/Loss Ratio: [94m0.00[0m | Positions: 0/10 | Cash: [93m100.00[0m% | Trades: 0 | Candidates: 3
1970-01-01 | Balance: [91m0.00[0m | W/L Ratio: [95m0.00%[0m | Profit/Loss Ratio: [94m0.00[0m | Positions: 0/10 | Cash: [93m100.00[0m% | Trades: 0 | Candidates: 3
1970-01-01 | Balance: [91m0.00[0m | W/L Ratio: [95m0.00%[0m | Profit/Loss Ratio: [94m0.00[0m | Positions: 0/10 | Cash: [93m100.00[0m% | Trades: 0 | Candidates: 3
1970-01-01 | Balance: [91m0.00[0m | W/L Ratio: [95m0.00%[0m | Profit/Loss Ratio: [94m0.00[0m | Positions: 0/10 | Cash: [93m100.00[0m% | Trades: 0 | Candidates: 3
1970-01-01 | Balance: [91m0.00[0m | W/L Ratio: [95m0.00%[0m | Profit/Loss Ratio: [94m0.00[0m | Positions: 0/10 | Cash: [93m100.00[0m% | Trades: 0 | Candidates: 3
1970-01-01 | Balance: [91m0.00[0m | W/L Ratio: [95m0.00%[0m | Profit/Loss Ratio: [94m0.00[0m | Positions: 0/10 | Cash: [93m100.00[0m% | Trades: 0 | Candidates: 3
1970-01-01 | Balance: [91m0.00[0m | W/L Ratio: [95m0.00%[0m | Profit/Loss Ratio: [94m0.00[0m | Positions: 0/10 | Cash: [93m100.00[0m% | Trades: 0 | Candidates: 3
1970-01-01 | Balance: [91m0.00[0m | W/L Ratio: [95m0.00%[0m | Profit/Loss Ratio: [94m0.00[0m | Positions: 0/10 | Cash: [93m100.00[0m% | Trades: 0 | Candidates: 3
1970-01-01 | Balance: [91m0.00[0m | W/L Ratio: [95m0.00%[0m | Profit/Loss Ratio: [94m0.00[0m | Positions: 0/10 | Cash: [93m100.00[0m% | Trades: 0 | Candidates: 3
1970-01-01 | Balance: [91m0.00[0m | W/L Ratio: [95m0.00%[0m | Profit/Loss Ratio: [94m0.00[0m | Positions: 0/10 | Cash: [93m100.00[0m% | Trades: 0 | Candidates: 3
1970-01-01 | Balance: [91m0.00[0m | W/L Ratio: [95m0.00%[0m | Profit/Loss Ratio: [94m0.00[0m | Positions: 0/10 | Cash: [93m100.00[0m% | Trades: 0 | Candidates: 3
1970-01-01 | Balance: [91m0.00[0m | W/L Ratio: [95m0.00%[0m | Profit/Loss Ratio: [94m0.00[0m | Positions: 0/10 | Cash: [93m100.00[0m% | Trades: 0 | Candidates: 3
1970-01-01 | Balance: [91m0.00[0m | W/L Ratio: [95m0.00%[0m | Profit/Loss Ratio: [94m0.00[0m | Positions: 0/10 | Cash: [93m100.00[0m% | Trades: 0 | Candidates: 3
1970-01-01 | Balance: [91m0.00[0m | W/L Ratio: [95m0.00%[0m | Profit/Loss Ratio: [94m0.00[0m | Positions: 0/10 | Cash: [93m100.00[0m% | Trades: 0 | Candidates: 3
1970-01-01 | Balance: [91m0.00[0m | W/L Ratio: [95m0.00%[0m | Profit/Loss Ratio: [94m0.00[0m | Positions: 0/10 | Cash: [93m100.00[0m% | Trades: 0 | Candidates: 3
1970-01-01 | Balance: [91m0.00[0m | W/L Ratio: [95m0.00%[0m | Profit/Loss Ratio: [94m0.00[0m | Positions: 0/10 | Cash: [93m100.00[0m% | Trades: 0 | Candidates: 3
1970-01-01 | Balance: [91m0.00[0m | W/L Ratio: [95m0.00%[0m | Profit/Loss Ratio: [94m0.00[0m | Positions: 0/10 | Cash: [93m100.00[0m% | Trades: 0 | Candidates: 3
1970-01-01 | Balance: [91m0.00[0m | W/L Ratio: [95m0.00%[0m | Profit/Loss Ratio: [94m0.00[0m | Positions: 0/10 | Cash: [93m100.00[0m% | Trades: 0 | Candidates: 3
1970-01-01 | Balance: [91m0.00[0m | W/L Ratio: [95m0.00%[0m | Profit/Loss Ratio: [94m0.00[0m | Positions: 0/10 | Cash: [93m100.00[0m% | Trades: 0 | Candidates: 3
1970-01-01 | Balance: [91m0.00[0m | W/L Ratio: [95m0.00%[0m | Profit/Loss Ratio: [94m0.00[0m | Positions: 0/10 | Cash: [93m100.00[0m% | Trades: 0 | Candidates: 3
1970-01-01 | Balance: [91m0.00[0m | W/L Ratio: [95m0.00%[0m | Profit/Loss Ratio: [94m0.00[0m | Positions: 0/10 | Cash: [93m100.00[0m% | Trades: 0 | Candidates: 3
1970-01-01 | Balance: [91m0.00[0m | W/L Ratio: [95m0.00%[0m | Profit/Loss Ratio: [94m0.00[0m | Positions: 0/10 | Cash: [93m100.00[0m% | Trades: 0 | Candidates: 3
1970-01-01 | Balance: [91m0.00[0m | W/L Ratio: [95m0.00%[0m | Profit/Loss Ratio: [94m0.00[0m | Positions: 0/10 | Cash: [93m100.00[0m% | Trades: 0 | Candidates: 3
1970-01-01 | Balance: [91m0.00[0m | W/L Ratio: [95m0.00%[0m | Profit/Loss Ratio: [94m0.00[0m | Positions: 0/10 | Cash: [93m100.00[0m% | Trades: 0 | Candidates: 3
1970-01-01 | Balance: [91m0.00[0m | W/L Ratio: [95m0.00%[0m | Profit/Loss Ratio: [94m0.00[0m | Positions: 0/10 | Cash: [93m100.00[0m% | Trades: 0 | Candidates: 3
1970-01-01 | Balance: [91m0.00[0m | W/L Ratio: [95m0.00%[0m | Profit/Loss Ratio: [94m0.00[0m | Positions: 0/10 | Cash: [93m100.00[0m% | Trades: 0 | Candidates: 3
1970-01-01 | Balance: [91m0.00[0m | W/L Ratio: [95m0.00%[0m | Profit/Loss Ratio: [94m0.00[0m | Positions: 0/10 | Cash: [93m100.00[0m% | Trades: 0 | Candidates: 3
1970-01-01 | Balance: [91m0.00[0m | W/L Ratio: [95m0.00%[0m | Profit/Loss Ratio: [94m0.00[0m | Positions: 0/10 | Cash: [93m100.00[0m% | Trades: 0 | Candidates: 3
1970-01-01 | Balance: [91m0.00[0m | W/L Ratio: [95m0.00%[0m | Profit/Loss Ratio: [94m0.00[0m | Positions: 0/10 | Cash: [93m100.00[0m% | Trades: 0 | Candidates: 3
1970-01-01 | Balance: [91m0.00[0m | W/L Ratio: [95m0.00%[0m | Profit/Loss Ratio: [94m0.00[0m | Positions: 0/10 | Cash: [93m100.00[0m% | Trades: 0 | Candidates: 3
1970-01-01 | Balance: [91m0.00[0m | W/L Ratio: [95m0.00%[0m | Profit/Loss Ratio: [94m0.00[0m | Positions: 0/10 | Cash: [93m100.00[0m% | Trades: 0 | Candidates: 3
1970-01-01 | Balance: [91m0.00[0m | W/L Ratio: [95m0.00%[0m | Profit/Loss Ratio: [94m0.00[0m | Positions: 0/10 | Cash: [93m100.00[0m% | Trades: 0 | Candidates: 3
1970-01-01 | Balance: [91m0.00[0m | W/L Ratio: [95m0.00%[0m | Profit/Loss Ratio: [94m0.00[0m | Positions: 0/10 | Cash: [93m100.00[0m% | Trades: 0 | Candidates: 3
1970-01-01 | Balance: [91m0.00[0m | W/L Ratio: [95m0.00%[0m | Profit/Loss Ratio: [94m0.00[0m | Positions: 0/10 | Cash: [93m100.00[0m% | Trades: 0 | Candidates: 3
1970-01-01 | Balance: [91m0.00[0m | W/L Ratio: [95m0.00%[0m | Profit/Loss Ratio: [94m0.00[0m | Positions: 0/10 | Cash: [93m100.00[0m% | Trades: 0 | Candidates: 3
1970-01-01 | Balance: [91m0.00[0m | W/L Ratio: [95m0.00%[0m | Profit/Loss Ratio: [94m0.00[0m | Positions: 0/10 | Cash: [93m100.00[0m% | Trades: 0 | Candidates: 3
1970-01-01 | Balance: [91m0.00[0m | W/L Ratio: [95m0.00%[0m | Profit/Loss Ratio: [94m0.00[0m | Positions: 0/10 | Cash: [93m100.00[0m% | Trades: 0 | Candidates: 3
1970-01-01 | Balance: [91m0.00[0m | W/L Ratio: [95m0.00%[0m | Profit/Loss Ratio: [94m0.00[0m | Positions: 0/10 | Cash: [93m100.00[0m% | Trades: 0 | Candidates: 3
1970-01-01 | Balance: [91m0.00[0m | W/L Ratio: [95m0.00%[0m | Profit/Loss Ratio: [94m0.00[0m | Positions: 0/10 | Cash: [93m100.00[0m% | Trades: 0 | Candidates: 3
1970-01-01 | Balance: [91m0.00[0m | W/L Ratio: [95m0.00%[0m | Profit/Loss Ratio: [94m0.00[0m | Positions: 0/10 | Cash: [93m100.00[0m% | Trades: 0 | Candidates: 3
1970-01-01 | Balance: [91m0.00[0m | W/L Ratio: [95m0.00%[0m | Profit/Loss Ratio: [94m0.00[0m | Positions: 0/10 | Cash: [93m100.00[0m% | Trades: 0 | Candidates: 3
1970-01-01 | Balance: [91m0.00[0m | W/L Ratio: [95m0.00%[0m | Profit/Loss Ratio: [94m0.00[0m | Positions: 0/10 | Cash: [93m100.00[0m% | Trades: 0 | Candidates: 3
1970-01-01 | Balance: [91m0.00[0m | W/L Ratio: [95m0.00%[0m | Profit/Loss Ratio: [94m0.00[0m | Positions: 0/10 | Cash: [93m100.00[0m% | Trades: 0 | Candidates: 3
1970-01-01 | Balance: [91m0.00[0m | W/L Ratio: [95m0.00%[0m | Profit/Loss Ratio: [94m0.00[0m | Positions: 0/10 | Cash: [93m100.00[0m% | Trades: 0 | Candidates: 3
1970-01-01 | Balance: [91m0.00[0m | W/L Ratio: [95m0.00%[0m | Profit/Loss Ratio: [94m0.00[0m | Positions: 0/10 | Cash: [93m100.00[0m% | Trades: 0 | Candidates: 3
1970-01-01 | Balance: [91m0.00[0m | W/L Ratio: [95m0.00%[0m | Profit/Loss Ratio: [94m0.00[0m | Positions: 0/10 | Cash: [93m100.00[0m% | Trades: 0 | Candidates: 3
1970-01-01 | Balance: [91m0.00[0m | W/L Ratio: [95m0.00%[0m | Profit/Loss Ratio: [94m0.00[0m | Positions: 0/10 | Cash: [93m100.00[0m% | Trades: 0 | Candidates: 3
1970-01-01 | Balance: [91m0.00[0m | W/L Ratio: [95m0.00%[0m | Profit/Loss Ratio: [94m0.00[0m | Positions: 0/10 | Cash: [93m100.00[0m% | Trades: 0 | Candidates: 3
1970-01-01 | Balance: [91m0.00[0m | W/L Ratio: [95m0.00%[0m | Profit/Loss Ratio: [94m0.00[0m | Positions: 0/10 | Cash: [93m100.00[0m% | Trades: 0 | Candidates: 3
1970-01-01 | Balance: [91m0.00[0m | W/L Ratio: [95m0.00%[0m | Profit/Loss Ratio: [94m0.00[0m | Positions: 0/10 | Cash: [93m100.00[0m% | Trades: 0 | Candidates: 3
1970-01-01 | Balance: [91m0.00[0m | W/L Ratio: [95m0.00%[0m | Profit/Loss Ratio: [94m0.00[0m | Positions: 0/10 | Cash: [93m100.00[0m% | Trades: 0 | Candidates: 3
1970-01-01 | Balance: [91m0.00[0m | W/L Ratio: [95m0.00%[0m | Profit/Loss Ratio: [94m0.00[0m | Positions: 0/10 | Cash: [93m100.00[0m% | Trades: 0 | Candidates: 3
1970-01-01 | Balance: [91m0.00[0m | W/L Ratio: [95m0.00%[0m | Profit/Loss Ratio: [94m0.00[0m | Positions: 0/10 | Cash: [93m100.00[0m% | Trades: 0 | Candidates: 3
1970-01-01 | Balance: [91m0.00[0m | W/L Ratio: [95m0.00%[0m | Profit/Loss Ratio: [94m0.00[0m | Positions: 0/10 | Cash: [93m100.00[0m% | Trades: 0 | Candidates: 3
1970-01-01 | Balance: [91m0.00[0m | W/L Ratio: [95m0.00%[0m | Profit/Loss Ratio: [94m0.00[0m | Positions: 0/10 | Cash: [93m100.00[0m% | Trades: 0 | Candidates: 3
1970-01-01 | Balance: [91m0.00[0m | W/L Ratio: [95m0.00%[0m | Profit/Loss Ratio: [94m0.00[0m | Positions: 0/10 | Cash: [93m100.00[0m% | Trades: 0 | Candidates: 3
1970-01-01 | Balance: [91m0.00[0m | W/L Ratio: [95m0.00%[0m | Profit/Loss Ratio: [94m0.00[0m | Positions: 0/10 | Cash: [93m100.00[0m% | Trades: 0 | Candidates: 3
1970-01-01 | Balance: [91m0.00[0m | W/L Ratio: [95m0.00%[0m | Profit/Loss Ratio: [94m0.00[0m | Positions: 0/10 | Cash: [93m100.00[0m% | Trades: 0 | Candidates: 3
1970-01-01 | Balance: [91m0.00[0m | W/L Ratio: [95m0.00%[0m | Profit/Loss Ratio: [94m0.00[0m | Positions: 0/10 | Cash: [93m100.00[0m% | Trades: 0 | Candidates: 3
1970-01-01 | Balance: [91m0.00[0m | W/L Ratio: [95m0.00%[0m | Profit/Loss Ratio: [94m0.00[0m | Positions: 0/10 | Cash: [93m100.00[0m% | Trades: 0 | Candidates: 3
1970-01-01 | Balance: [91m0.00[0m | W/L Ratio: [95m0.00%[0m | Profit/Loss Ratio: [94m0.00[0m | Positions: 0/10 | Cash: [93m100.00[0m% | Trades: 0 | Candidates: 3
1970-01-01 | Balance: [91m0.00[0m | W/L Ratio: [95m0.00%[0m | Profit/Loss Ratio: [94m0.00[0m | Positions: 0/10 | Cash: [93m100.00[0m% | Trades: 0 | Candidates: 3
1970-01-01 | Balance: [91m0.00[0m | W/L Ratio: [95m0.00%[0m | Profit/Loss Ratio: [94m0.00[0m | Positions: 0/10 | Cash: [93m100.00[0m% | Trades: 0 | Candidates: 3
1970-01-01 | Balance: [91m0.00[0m | W/L Ratio: [95m0.00%[0m | Profit/Loss Ratio: [94m0.00[0m | Positions: 0/10 | Cash: [93m100.00[0m% | Trades: 0 | Candidates: 3
1970-01-01 | Balance: [91m0.00[0m | W/L Ratio: [95m0.00%[0m | Profit/Loss Ratio: [94m0.00[0m | Positions: 0/10 | Cash: [93m100.00[0m% | Trades: 0 | Candidates: 3
1970-01-01 | Balance: [91m0.00[0m | W/L Ratio: [95m0.00%[0m | Profit/Loss Ratio: [94m0.00[0m | Positions: 0/10 | Cash: [93m100.00[0m% | Trades: 0 | Candidates: 3
1970-01-01 | Balance: [91m0.00[0m | W/L Ratio: [95m0.00%[0m | Profit/Loss Ratio: [94m0.00[0m | Positions: 0/10 | Cash: [93m100.00[0m% | Trades: 0 | Candidates: 3
1970-01-01 | Balance: [91m0.00[0m | W/L Ratio: [95m0.00%[0m | Profit/Loss Ratio: [94m0.00[0m | Positions: 0/10 | Cash: [93m100.00[0m% | Trades: 0 | Candidates: 3
1970-01-01 | Balance: [91m0.00[0m | W/L Ratio: [95m0.00%[0m | Profit/Loss Ratio: [94m0.00[0m | Positions: 0/10 | Cash: [93m100.00[0m% | Trades: 0 | Candidates: 3
1970-01-01 | Balance: [91m0.00[0m | W/L Ratio: [95m0.00%[0m | Profit/Loss Ratio: [94m0.00[0m | Positions: 0/10 | Cash: [93m100.00[0m% | Trades: 0 | Candidates: 3
1970-01-01 | Balance: [91m0.00[0m | W/L Ratio: [95m0.00%[0m | Profit/Loss Ratio: [94m0.00[0m | Positions: 0/10 | Cash: [93m100.00[0m% | Trades: 0 | Candidates: 3
1970-01-01 | Balance: [91m0.00[0m | W/L Ratio: [95m0.00%[0m | Profit/Loss Ratio: [94m0.00[0m | Positions: 0/10 | Cash: [93m100.00[0m% | Trades: 0 | Candidates: 3
1970-01-01 | Balance: [91m0.00[0m | W/L Ratio: [95m0.00%[0m | Profit/Loss Ratio: [94m0.00[0m | Positions: 0/10 | Cash: [93m100.00[0m% | Trades: 0 | Candidates: 3
1970-01-01 | Balance: [91m0.00[0m | W/L Ratio: [95m0.00%[0m | Profit/Loss Ratio: [94m0.00[0m | Positions: 0/10 | Cash: [93m100.00[0m% | Trades: 0 | Candidates: 3
1970-01-01 | Balance: [91m0.00[0m | W/L Ratio: [95m0.00%[0m | Profit/Loss Ratio: [94m0.00[0m | Positions: 0/10 | Cash: [93m100.00[0m% | Trades: 0 | Candidates: 3
1970-01-01 | Balance: [91m0.00[0m | W/L Ratio: [95m0.00%[0m | Profit/Loss Ratio: [94m0.00[0m | Positions: 0/10 | Cash: [93m100.00[0m% | Trades: 0 | Candidates: 3
1970-01-01 | Balance: [91m0.00[0m | W/L Ratio: [95m0.00%[0m | Profit/Loss Ratio: [94m0.00[0m | Positions: 0/10 | Cash: [93m100.00[0m% | Trades: 0 | Candidates: 3
1970-01-01 | Balance: [91m0.00[0m | W/L Ratio: [95m0.00%[0m | Profit/Loss Ratio: [94m0.00[0m | Positions: 0/10 | Cash: [93m100.00[0m% | Trades: 0 | Candidates: 3
1970-01-01 | Balance: [91m0.00[0m | W/L Ratio: [95m0.00%[0m | Profit/Loss Ratio: [94m0.00[0m | Positions: 0/10 | Cash: [93m100.00[0m% | Trades: 0 | Candidates: 3
1970-01-01 | Balance: [91m0.00[0m | W/L Ratio: [95m0.00%[0m | Profit/Loss Ratio: [94m0.00[0m | Positions: 0/10 | Cash: [93m100.00[0m% | Trades: 0 | Candidates: 3
1970-01-01 | Balance: [91m0.00[0m | W/L Ratio: [95m0.00%[0m | Profit/Loss Ratio: [94m0.00[0m | Positions: 0/10 | Cash: [93m100.00[0m% | Trades: 0 | Candidates: 3
1970-01-01 | Balance: [91m0.00[0m | W/L Ratio: [95m0.00%[0m | Profit/Loss Ratio: [94m0.00[0m | Positions: 0/10 | Cash: [93m100.00[0m% | Trades: 0 | Candidates: 3
1970-01-01 | Balance: [91m0.00[0m | W/L Ratio: [95m0.00%[0m | Profit/Loss Ratio: [94m0.00[0m | Positions: 0/10 | Cash: [93m100.00[0m% | Trades: 0 | Candidates: 3
1970-01-01 | Balance: [91m0.00[0m | W/L Ratio: [95m0.00%[0m | Profit/Loss Ratio: [94m0.00[0m | Positions: 0/10 | Cash: [93m100.00[0m% | Trades: 0 | Candidates: 3
1970-01-01 | Balance: [91m0.00[0m | W/L Ratio: [95m0.00%[0m | Profit/Loss Ratio: [94m0.00[0m | Positions: 0/10 | Cash: [93m100.00[0m% | Trades: 0 | Candidates: 3
1970-01-01 | Balance: [91m0.00[0m | W/L Ratio: [95m0.00%[0m | Profit/Loss Ratio: [94m0.00[0m | Positions: 0/10 | Cash: [93m100.00[0m% | Trades: 0 | Candidates: 3
1970-01-01 | Balance: [91m0.00[0m | W/L Ratio: [95m0.00%[0m | Profit/Loss Ratio: [94m0.00[0m | Positions: 0/10 | Cash: [93m100.00[0m% | Trades: 0 | Candidates: 3
1970-01-01 | Balance: [91m0.00[0m | W/L Ratio: [95m0.00%[0m | Profit/Loss Ratio: [94m0.00[0m | Positions: 0/10 | Cash: [93m100.00[0m% | Trades: 0 | Candidates: 3
1970-01-01 | Balance: [91m0.00[0m | W/L Ratio: [95m0.00%[0m | Profit/Loss Ratio: [94m0.00[0m | Positions: 0/10 | Cash: [93m100.00[0m% | Trades: 0 | Candidates: 3
1970-01-01 | Balance: [91m0.00[0m | W/L Ratio: [95m0.00%[0m | Profit/Loss Ratio: [94m0.00[0m | Positions: 0/10 | Cash: [93m100.00[0m% | Trades: 0 | Candidates: 3
1970-01-01 | Balance: [91m0.00[0m | W/L Ratio: [95m0.00%[0m | Profit/Loss Ratio: [94m0.00[0m | Positions: 0/10 | Cash: [93m100.00[0m% | Trades: 0 | Candidates: 3
1970-01-01 | Balance: [91m0.00[0m | W/L Ratio: [95m0.00%[0m | Profit/Loss Ratio: [94m0.00[0m | Positions: 0/10 | Cash: [93m100.00[0m% | Trades: 0 | Candidates: 3
1970-01-01 | Balance: [91m0.00[0m | W/L Ratio: [95m0.00%[0m | Profit/Loss Ratio: [94m0.00[0m | Positions: 0/10 | Cash: [93m100.00[0m% | Trades: 0 | Candidates: 3
1970-01-01 | Balance: [91m0.00[0m | W/L Ratio: [95m0.00%[0m | Profit/Loss Ratio: [94m0.00[0m | Positions: 0/10 | Cash: [93m100.00[0m% | Trades: 0 | Candidates: 3
1970-01-01 | Balance: [91m0.00[0m | W/L Ratio: [95m0.00%[0m | Profit/Loss Ratio: [94m0.00[0m | Positions: 0/10 | Cash: [93m100.00[0m% | Trades: 0 | Candidates: 3
1970-01-01 | Balance: [91m0.00[0m | W/L Ratio: [95m0.00%[0m | Profit/Loss Ratio: [94m0.00[0m | Positions: 0/10 | Cash: [93m100.00[0m% | Trades: 0 | Candidates: 3
1970-01-01 | Balance: [91m0.00[0m | W/L Ratio: [95m0.00%[0m | Profit/Loss Ratio: [94m0.00[0m | Positions: 0/10 | Cash: [93m100.00[0m% | Trades: 0 | Candidates: 3
1970-01-01 | Balance: [91m0.00[0m | W/L Ratio: [95m0.00%[0m | Profit/Loss Ratio: [94m0.00[0m | Positions: 0/10 | Cash: [93m100.00[0m% | Trades: 0 | Candidates: 3
1970-01-01 | Balance: [91m0.00[0m | W/L Ratio: [95m0.00%[0m | Profit/Loss Ratio: [94m0.00[0m | Positions: 0/10 | Cash: [93m100.00[0m% | Trades: 0 | Candidates: 3
1970-01-01 | Balance: [91m0.00[0m | W/L Ratio: [95m0.00%[0m | Profit/Loss Ratio: [94m0.00[0m | Positions: 0/10 | Cash: [93m100.00[0m% | Trades: 0 | Candidates: 3
1970-01-01 | Balance: [91m0.00[0m | W/L Ratio: [95m0.00%[0m | Profit/Loss Ratio: [94m0.00[0m | Positions: 0/10 | Cash: [93m100.00[0m% | Trades: 0 | Candidates: 3
1970-01-01 | Balance: [91m0.00[0m | W/L Ratio: [95m0.00%[0m | Profit/Loss Ratio: [94m0.00[0m | Positions: 0/10 | Cash: [93m100.00[0m% | Trades: 0 | Candidates: 3
1970-01-01 | Balance: [91m0.00[0m | W/L Ratio: [95m0.00%[0m | Profit/Loss Ratio: [94m0.00[0m | Positions: 0/10 | Cash: [93m100.00[0m% | Trades: 0 | Candidates: 3
1970-01-01 | Balance: [91m0.00[0m | W/L Ratio: [95m0.00%[0m | Profit/Loss Ratio: [94m0.00[0m | Positions: 0/10 | Cash: [93m100.00[0m% | Trades: 0 | Candidates: 3
1970-01-01 | Balance: [91m0.00[0m | W/L Ratio: [95m0.00%[0m | Profit/Loss Ratio: [94m0.00[0m | Positions: 0/10 | Cash: [93m100.00[0m% | Trades: 0 | Candidates: 3
1970-01-01 | Balance: [91m0.00[0m | W/L Ratio: [95m0.00%[0m | Profit/Loss Ratio: [94m0.00[0m | Positions: 0/10 | Cash: [93m100.00[0m% | Trades: 0 | Candidates: 3
1970-01-01 | Balance: [91m0.00[0m | W/L Ratio: [95m0.00%[0m | Profit/Loss Ratio: [94m0.00[0m | Positions: 0/10 | Cash: [93m100.00[0m% | Trades: 0 | Candidates: 3
1970-01-01 | Balance: [91m0.00[0m | W/L Ratio: [95m0.00%[0m | Profit/Loss Ratio: [94m0.00[0m | Positions: 0/10 | Cash: [93m100.00[0m% | Trades: 0 | Candidates: 3
1970-01-01 | Balance: [91m0.00[0m | W/L Ratio: [95m0.00%[0m | Profit/Loss Ratio: [94m0.00[0m | Positions: 0/10 | Cash: [93m100.00[0m% | Trades: 0 | Candidates: 3
1970-01-01 | Balance: [91m0.00[0m | W/L Ratio: [95m0.00%[0m | Profit/Loss Ratio: [94m0.00[0m | Positions: 0/10 | Cash: [93m100.00[0m% | Trades: 0 | Candidates: 3
1970-01-01 | Balance: [91m0.00[0m | W/L Ratio: [95m0.00%[0m | Profit/Loss Ratio: [94m0.00[0m | Positions: 0/10 | Cash: [93m100.00[0m% | Trades: 0 | Candidates: 3
1970-01-01 | Balance: [91m0.00[0m | W/L Ratio: [95m0.00%[0m | Profit/Loss Ratio: [94m0.00[0m | Positions: 0/10 | Cash: [93m100.00[0m% | Trades: 0 | Candidates: 3
1970-01-01 | Balance: [91m0.00[0m | W/L Ratio: [95m0.00%[0m | Profit/Loss Ratio: [94m0.00[0m | Positions: 0/10 | Cash: [93m100.00[0m% | Trades: 0 | Candidates: 3
1970-01-01 | Balance: [91m0.00[0m | W/L Ratio: [95m0.00%[0m | Profit/Loss Ratio: [94m0.00[0m | Positions: 0/10 | Cash: [93m100.00[0m% | Trades: 0 | Candidates: 3
1970-01-01 | Balance: [91m0.00[0m | W/L Ratio: [95m0.00%[0m | Profit/Loss Ratio: [94m0.00[0m | Positions: 0/10 | Cash: [93m100.00[0m% | Trades: 0 | Candidates: 3
1970-01-01 | Balance: [91m0.00[0m | W/L Ratio: [95m0.00%[0m | Profit/Loss Ratio: [94m0.00[0m | Positions: 0/10 | Cash: [93m100.00[0m% | Trades: 0 | Candidates: 3
1970-01-01 | Balance: [91m0.00[0m | W/L Ratio: [95m0.00%[0m | Profit/Loss Ratio: [94m0.00[0m | Positions: 0/10 | Cash: [93m100.00[0m% | Trades: 0 | Candidates: 3
1970-01-01 | Balance: [91m0.00[0m | W/L Ratio: [95m0.00%[0m | Profit/Loss Ratio: [94m0.00[0m | Positions: 0/10 | Cash: [93m100.00[0m% | Trades: 0 | Candidates: 3
1970-01-01 | Balance: [91m0.00[0m | W/L Ratio: [95m0.00%[0m | Profit/Loss Ratio: [94m0.00[0m | Positions: 0/10 | Cash: [93m100.00[0m% | Trades: 0 | Candidates: 3
1970-01-01 | Balance: [91m0.00[0m | W/L Ratio: [95m0.00%[0m | Profit/Loss Ratio: [94m0.00[0m | Positions: 0/10 | Cash: [93m100.00[0m% | Trades: 0 | Candidates: 3
1970-01-01 | Balance: [91m0.00[0m | W/L Ratio: [95m0.00%[0m | Profit/Loss Ratio: [94m0.00[0m | Positions: 0/10 | Cash: [93m100.00[0m% | Trades: 0 | Candidates: 3
1970-01-01 | Balance: [91m0.00[0m | W/L Ratio: [95m0.00%[0m | Profit/Loss Ratio: [94m0.00[0m | Positions: 0/10 | Cash: [93m100.00[0m% | Trades: 0 | Candidates: 3
1970-01-01 | Balance: [91m0.00[0m | W/L Ratio: [95m0.00%[0m | Profit/Loss Ratio: [94m0.00[0m | Positions: 0/10 | Cash: [93m100.00[0m% | Trades: 0 | Candidates: 3
1970-01-01 | Balance: [91m0.00[0m | W/L Ratio: [95m0.00%[0m | Profit/Loss Ratio: [94m0.00[0m | Positions: 0/10 | Cash: [93m100.00[0m% | Trades: 0 | Candidates: 3
1970-01-01 | Balance: [91m0.00[0m | W/L Ratio: [95m0.00%[0m | Profit/Loss Ratio: [94m0.00[0m | Positions: 0/10 | Cash: [93m100.00[0m% | Trades: 0 | Candidates: 3
1970-01-01 | Balance: [91m0.00[0m | W/L Ratio: [95m0.00%[0m | Profit/Loss Ratio: [94m0.00[0m | Positions: 0/10 | Cash: [93m100.00[0m% | Trades: 0 | Candidates: 3
1970-01-01 | Balance: [91m0.00[0m | W/L Ratio: [95m0.00%[0m | Profit/Loss Ratio: [94m0.00[0m | Positions: 0/10 | Cash: [93m100.00[0m% | Trades: 0 | Candidates: 3
1970-01-01 | Balance: [91m0.00[0m | W/L Ratio: [95m0.00%[0m | Profit/Loss Ratio: [94m0.00[0m | Positions: 0/10 | Cash: [93m100.00[0m% | Trades: 0 | Candidates: 3
1970-01-01 | Balance: [91m0.00[0m | W/L Ratio: [95m0.00%[0m | Profit/Loss Ratio: [94m0.00[0m | Positions: 0/10 | Cash: [93m100.00[0m% | Trades: 0 | Candidates: 3
1970-01-01 | Balance: [91m0.00[0m | W/L Ratio: [95m0.00%[0m | Profit/Loss Ratio: [94m0.00[0m | Positions: 0/10 | Cash: [93m100.00[0m% | Trades: 0 | Candidates: 3
1970-01-01 | Balance: [91m0.00[0m | W/L Ratio: [95m0.00%[0m | Profit/Loss Ratio: [94m0.00[0m | Positions: 0/10 | Cash: [93m100.00[0m% | Trades: 0 | Candidates: 3
1970-01-01 | Balance: [91m0.00[0m | W/L Ratio: [95m0.00%[0m | Profit/Loss Ratio: [94m0.00[0m | Positions: 0/10 | Cash: [93m100.00[0m% | Trades: 0 | Candidates: 3
1970-01-01 | Balance: [91m0.00[0m | W/L Ratio: [95m0.00%[0m | Profit/Loss Ratio: [94m0.00[0m | Positions: 0/10 | Cash: [93m100.00[0m% | Trades: 0 | Candidates: 3
1970-01-01 | Balance: [91m0.00[0m | W/L Ratio: [95m0.00%[0m | Profit/Loss Ratio: [94m0.00[0m | Positions: 0/10 | Cash: [93m100.00[0m% | Trades: 0 | Candidates: 3
1970-01-01 | Balance: [91m0.00[0m | W/L Ratio: [95m0.00%[0m | Profit/Loss Ratio: [94m0.00[0m | Positions: 0/10 | Cash: [93m100.00[0m% | Trades: 0 | Candidates: 3
1970-01-01 | Balance: [91m0.00[0m | W/L Ratio: [95m0.00%[0m | Profit/Loss Ratio: [94m0.00[0m | Positions: 0/10 | Cash: [93m100.00[0m% | Trades: 0 | Candidates: 3
1970-01-01 | Balance: [91m0.00[0m | W/L Ratio: [95m0.00%[0m | Profit/Loss Ratio: [94m0.00[0m | Positions: 0/10 | Cash: [93m100.00[0m% | Trades: 0 | Candidates: 3
1970-01-01 | Balance: [91m0.00[0m | W/L Ratio: [95m0.00%[0m | Profit/Loss Ratio: [94m0.00[0m | Positions: 0/10 | Cash: [93m100.00[0m% | Trades: 0 | Candidates: 3
1970-01-01 | Balance: [91m0.00[0m | W/L Ratio: [95m0.00%[0m | Profit/Loss Ratio: [94m0.00[0m | Positions: 0/10 | Cash: [93m100.00[0m% | Trades: 0 | Candidates: 3
1970-01-01 | Balance: [91m0.00[0m | W/L Ratio: [95m0.00%[0m | Profit/Loss Ratio: [94m0.00[0m | Positions: 0/10 | Cash: [93m100.00[0m% | Trades: 0 | Candidates: 3
1970-01-01 | Balance: [91m0.00[0m | W/L Ratio: [95m0.00%[0m | Profit/Loss Ratio: [94m0.00[0m | Positions: 0/10 | Cash: [93m100.00[0m% | Trades: 0 | Candidates: 3
1970-01-01 | Balance: [91m0.00[0m | W/L Ratio: [95m0.00%[0m | Profit/Loss Ratio: [94m0.00[0m | Positions: 0/10 | Cash: [93m100.00[0m% | Trades: 0 | Candidates: 3
1970-01-01 | Balance: [91m0.00[0m | W/L Ratio: [95m0.00%[0m | Profit/Loss Ratio: [94m0.00[0m | Positions: 0/10 | Cash: [93m100.00[0m% | Trades: 0 | Candidates: 3
1970-01-01 | Balance: [91m0.00[0m | W/L Ratio: [95m0.00%[0m | Profit/Loss Ratio: [94m0.00[0m | Positions: 0/10 | Cash: [93m100.00[0m% | Trades: 0 | Candidates: 3
1970-01-01 | Balance: [91m0.00[0m | W/L Ratio: [95m0.00%[0m | Profit/Loss Ratio: [94m0.00[0m | Positions: 0/10 | Cash: [93m100.00[0m% | Trades: 0 | Candidates: 3
1970-01-01 | Balance: [91m0.00[0m | W/L Ratio: [95m0.00%[0m | Profit/Loss Ratio: [94m0.00[0m | Positions: 0/10 | Cash: [93m100.00[0m% | Trades: 0 | Candidates: 3
1970-01-01 | Balance: [91m0.00[0m | W/L Ratio: [95m0.00%[0m | Profit/Loss Ratio: [94m0.00[0m | Positions: 0/10 | Cash: [93m100.00[0m% | Trades: 0 | Candidates: 3
1970-01-01 | Balance: [91m0.00[0m | W/L Ratio: [95m0.00%[0m | Profit/Loss Ratio: [94m0.00[0m | Positions: 0/10 | Cash: [93m100.00[0m% | Trades: 0 | Candidates: 3
1970-01-01 | Balance: [91m0.00[0m | W/L Ratio: [95m0.00%[0m | Profit/Loss Ratio: [94m0.00[0m | Positions: 0/10 | Cash: [93m100.00[0m% | Trades: 0 | Candidates: 3
1970-01-01 | Balance: [91m0.00[0m | W/L Ratio: [95m0.00%[0m | Profit/Loss Ratio: [94m0.00[0m | Positions: 0/10 | Cash: [93m100.00[0m% | Trades: 0 | Candidates: 3
1970-01-01 | Balance: [91m0.00[0m | W/L Ratio: [95m0.00%[0m | Profit/Loss Ratio: [94m0.00[0m | Positions: 0/10 | Cash: [93m100.00[0m% | Trades: 0 | Candidates: 3
1970-01-01 | Balance: [91m0.00[0m | W/L Ratio: [95m0.00%[0m | Profit/Loss Ratio: [94m0.00[0m | Positions: 0/10 | Cash: [93m100.00[0m% | Trades: 0 | Candidates: 3
1970-01-01 | Balance: [91m0.00[0m | W/L Ratio: [95m0.00%[0m | Profit/Loss Ratio: [94m0.00[0m | Positions: 0/10 | Cash: [93m100.00[0m% | Trades: 0 | Candidates: 3
1970-01-01 | Balance: [91m0.00[0m | W/L Ratio: [95m0.00%[0m | Profit/Loss Ratio: [94m0.00[0m | Positions: 0/10 | Cash: [93m100.00[0m% | Trades: 0 | Candidates: 3
1970-01-01 | Balance: [91m0.00[0m | W/L Ratio: [95m0.00%[0m | Profit/Loss Ratio: [94m0.00[0m | Positions: 0/10 | Cash: [93m100.00[0m% | Trades: 0 | Candidates: 3
1970-01-01 | Balance: [91m0.00[0m | W/L Ratio: [95m0.00%[0m | Profit/Loss Ratio: [94m0.00[0m | Positions: 0/10 | Cash: [93m100.00[0m% | Trades: 0 | Candidates: 3
1970-01-01 | Balance: [91m0.00[0m | W/L Ratio: [95m0.00%[0m | Profit/Loss Ratio: [94m0.00[0m | Positions: 0/10 | Cash: [93m100.00[0m% | Trades: 0 | Candidates: 3
1970-01-01 | Balance: [91m0.00[0m | W/L Ratio: [95m0.00%[0m | Profit/Loss Ratio: [94m0.00[0m | Positions: 0/10 | Cash: [93m100.00[0m% | Trades: 0 | Candidates: 3
1970-01-01 | Balance: [91m0.00[0m | W/L Ratio: [95m0.00%[0m | Profit/Loss Ratio: [94m0.00[0m | Positions: 0/10 | Cash: [93m100.00[0m% | Trades: 0 | Candidates: 3
1970-01-01 | Balance: [91m0.00[0m | W/L Ratio: [95m0.00%[0m | Profit/Loss Ratio: [94m0.00[0m | Positions: 0/10 | Cash: [93m100.00[0m% | Trades: 0 | Candidates: 3
1970-01-01 | Balance: [91m0.00[0m | W/L Ratio: [95m0.00%[0m | Profit/Loss Ratio: [94m0.00[0m | Positions: 0/10 | Cash: [93m100.00[0m% | Trades: 0 | Candidates: 3
1970-01-01 | Balance: [91m0.00[0m | W/L Ratio: [95m0.00%[0m | Profit/Loss Ratio: [94m0.00[0m | Positions: 0/10 | Cash: [93m100.00[0m% | Trades: 0 | Candidates: 3
1970-01-01 | Balance: [91m0.00[0m | W/L Ratio: [95m0.00%[0m | Profit/Loss Ratio: [94m0.00[0m | Positions: 0/10 | Cash: [93m100.00[0m% | Trades: 0 | Candidates: 3
1970-01-01 | Balance: [91m0.00[0m | W/L Ratio: [95m0.00%[0m | Profit/Loss Ratio: [94m0.00[0m | Positions: 0/10 | Cash: [93m100.00[0m% | Trades: 0 | Candidates: 3
1970-01-01 | Balance: [91m0.00[0m | W/L Ratio: [95m0.00%[0m | Profit/Loss Ratio: [94m0.00[0m | Positions: 0/10 | Cash: [93m100.00[0m% | Trades: 0 | Candidates: 3
1970-01-01 | Balance: [91m0.00[0m | W/L Ratio: [95m0.00%[0m | Profit/Loss Ratio: [94m0.00[0m | Positions: 0/10 | Cash: [93m100.00[0m% | Trades: 0 | Candidates: 3
1970-01-01 | Balance: [91m0.00[0m | W/L Ratio: [95m0.00%[0m | Profit/Loss Ratio: [94m0.00[0m | Positions: 0/10 | Cash: [93m100.00[0m% | Trades: 0 | Candidates: 3
1970-01-01 | Balance: [91m0.00[0m | W/L Ratio: [95m0.00%[0m | Profit/Loss Ratio: [94m0.00[0m | Positions: 0/10 | Cash: [93m100.00[0m% | Trades: 0 | Candidates: 3
1970-01-01 | Balance: [91m0.00[0m | W/L Ratio: [95m0.00%[0m | Profit/Loss Ratio: [94m0.00[0m | Positions: 0/10 | Cash: [93m100.00[0m% | Trades: 0 | Candidates: 3
1970-01-01 | Balance: [91m0.00[0m | W/L Ratio: [95m0.00%[0m | Profit/Loss Ratio: [94m0.00[0m | Positions: 0/10 | Cash: [93m100.00[0m% | Trades: 0 | Candidates: 3
1970-01-01 | Balance: [91m0.00[0m | W/L Ratio: [95m0.00%[0m | Profit/Loss Ratio: [94m0.00[0m | Positions: 0/10 | Cash: [93m100.00[0m% | Trades: 0 | Candidates: 3
1970-01-01 | Balance: [91m0.00[0m | W/L Ratio: [95m0.00%[0m | Profit/Loss Ratio: [94m0.00[0m | Positions: 0/10 | Cash: [93m100.00[0m% | Trades: 0 | Candidates: 3
1970-01-01 | Balance: [91m0.00[0m | W/L Ratio: [95m0.00%[0m | Profit/Loss Ratio: [94m0.00[0m | Positions: 0/10 | Cash: [93m100.00[0m% | Trades: 0 | Candidates: 3
1970-01-01 | Balance: [91m0.00[0m | W/L Ratio: [95m0.00%[0m | Profit/Loss Ratio: [94m0.00[0m | Positions: 0/10 | Cash: [93m100.00[0m% | Trades: 0 | Candidates: 3
1970-01-01 | Balance: [91m0.00[0m | W/L Ratio: [95m0.00%[0m | Profit/Loss Ratio: [94m0.00[0m | Positions: 0/10 | Cash: [93m100.00[0m% | Trades: 0 | Candidates: 3
1970-01-01 | Balance: [91m0.00[0m | W/L Ratio: [95m0.00%[0m | Profit/Loss Ratio: [94m0.00[0m | Positions: 0/10 | Cash: [93m100.00[0m% | Trades: 0 | Candidates: 3
1970-01-01 | Balance: [91m0.00[0m | W/L Ratio: [95m0.00%[0m | Profit/Loss Ratio: [94m0.00[0m | Positions: 0/10 | Cash: [93m100.00[0m% | Trades: 0 | Candidates: 3
1970-01-01 | Balance: [91m0.00[0m | W/L Ratio: [95m0.00%[0m | Profit/Loss Ratio: [94m0.00[0m | Positions: 0/10 | Cash: [93m100.00[0m% | Trades: 0 | Candidates: 3
1970-01-01 | Balance: [91m0.00[0m | W/L Ratio: [95m0.00%[0m | Profit/Loss Ratio: [94m0.00[0m | Positions: 0/10 | Cash: [93m100.00[0m% | Trades: 0 | Candidates: 3
1970-01-01 | Balance: [91m0.00[0m | W/L Ratio: [95m0.00%[0m | Profit/Loss Ratio: [94m0.00[0m | Positions: 0/10 | Cash: [93m100.00[0m% | Trades: 0 | Candidates: 3
1970-01-01 | Balance: [91m0.00[0m | W/L Ratio: [95m0.00%[0m | Profit/Loss Ratio: [94m0.00[0m | Positions: 0/10 | Cash: [93m100.00[0m% | Trades: 0 | Candidates: 3
1970-01-01 | Balance: [91m0.00[0m | W/L Ratio: [95m0.00%[0m | Profit/Loss Ratio: [94m0.00[0m | Positions: 0/10 | Cash: [93m100.00[0m% | Trades: 0 | Candidates: 3
1970-01-01 | Balance: [91m0.00[0m | W/L Ratio: [95m0.00%[0m | Profit/Loss Ratio: [94m0.00[0m | Positions: 0/10 | Cash: [93m100.00[0m% | Trades: 0 | Candidates: 3
1970-01-01 | Balance: [91m0.00[0m | W/L Ratio: [95m0.00%[0m | Profit/Loss Ratio: [94m0.00[0m | Positions: 0/10 | Cash: [93m100.00[0m% | Trades: 0 | Candidates: 3
1970-01-01 | Balance: [91m0.00[0m | W/L Ratio: [95m0.00%[0m | Profit/Loss Ratio: [94m0.00[0m | Positions: 0/10 | Cash: [93m100.00[0m% | Trades: 0 | Candidates: 3
1970-01-01 | Balance: [91m0.00[0m | W/L Ratio: [95m0.00%[0m | Profit/Loss Ratio: [94m0.00[0m | Positions: 0/10 | Cash: [93m100.00[0m% | Trades: 0 | Candidates: 3
1970-01-01 | Balance: [91m0.00[0m | W/L Ratio: [95m0.00%[0m | Profit/Loss Ratio: [94m0.00[0m | Positions: 0/10 | Cash: [93m100.00[0m% | Trades: 0 | Candidates: 3
1970-01-01 | Balance: [91m0.00[0m | W/L Ratio: [95m0.00%[0m | Profit/Loss Ratio: [94m0.00[0m | Positions: 0/10 | Cash: [93m100.00[0m% | Trades: 0 | Candidates: 3
1970-01-01 | Balance: [91m0.00[0m | W/L Ratio: [95m0.00%[0m | Profit/Loss Ratio: [94m0.00[0m | Positions: 0/10 | Cash: [93m100.00[0m% | Trades: 0 | Candidates: 3
1970-01-01 | Balance: [91m0.00[0m | W/L Ratio: [95m0.00%[0m | Profit/Loss Ratio: [94m0.00[0m | Positions: 0/10 | Cash: [93m100.00[0m% | Trades: 0 | Candidates: 3
1970-01-01 | Balance: [91m0.00[0m | W/L Ratio: [95m0.00%[0m | Profit/Loss Ratio: [94m0.00[0m | Positions: 0/10 | Cash: [93m100.00[0m% | Trades: 0 | Candidates: 3
1970-01-01 | Balance: [91m0.00[0m | W/L Ratio: [95m0.00%[0m | Profit/Loss Ratio: [94m0.00[0m | Positions: 0/10 | Cash: [93m100.00[0m% | Trades: 0 | Candidates: 3
1970-01-01 | Balance: [91m0.00[0m | W/L Ratio: [95m0.00%[0m | Profit/Loss Ratio: [94m0.00[0m | Positions: 0/10 | Cash: [93m100.00[0m% | Trades: 0 | Candidates: 3
1970-01-01 | Balance: [91m0.00[0m | W/L Ratio: [95m0.00%[0m | Profit/Loss Ratio: [94m0.00[0m | Positions: 0/10 | Cash: [93m100.00[0m% | Trades: 0 | Candidates: 3
1970-01-01 | Balance: [91m0.00[0m | W/L Ratio: [95m0.00%[0m | Profit/Loss Ratio: [94m0.00[0m | Positions: 0/10 | Cash: [93m100.00[0m% | Trades: 0 | Candidates: 3
1970-01-01 | Balance: [91m0.00[0m | W/L Ratio: [95m0.00%[0m | Profit/Loss Ratio: [94m0.00[0m | Positions: 0/10 | Cash: [93m100.00[0m% | Trades: 0 | Candidates: 3
1970-01-01 | Balance: [91m0.00[0m | W/L Ratio: [95m0.00%[0m | Profit/Loss Ratio: [94m0.00[0m | Positions: 0/10 | Cash: [93m100.00[0m% | Trades: 0 | Candidates: 3
1970-01-01 | Balance: [91m0.00[0m | W/L Ratio: [95m0.00%[0m | Profit/Loss Ratio: [94m0.00[0m | Positions: 0/10 | Cash: [93m100.00[0m% | Trades: 0 | Candidates: 3
1970-01-01 | Balance: [91m0.00[0m | W/L Ratio: [95m0.00%[0m | Profit/Loss Ratio: [94m0.00[0m | Positions: 0/10 | Cash: [93m100.00[0m% | Trades: 0 | Candidates: 3
1970-01-01 | Balance: [91m0.00[0m | W/L Ratio: [95m0.00%[0m | Profit/Loss Ratio: [94m0.00[0m | Positions: 0/10 | Cash: [93m100.00[0m% | Trades: 0 | Candidates: 3
1970-01-01 | Balance: [91m0.00[0m | W/L Ratio: [95m0.00%[0m | Profit/Loss Ratio: [94m0.00[0m | Positions: 0/10 | Cash: [93m100.00[0m% | Trades: 0 | Candidates: 3
1970-01-01 | Balance: [91m0.00[0m | W/L Ratio: [95m0.00%[0m | Profit/Loss Ratio: [94m0.00[0m | Positions: 0/10 | Cash: [93m100.00[0m% | Trades: 0 | Candidates: 3
1970-01-01 | Balance: [91m0.00[0m | W/L Ratio: [95m0.00%[0m | Profit/Loss Ratio: [94m0.00[0m | Positions: 0/10 | Cash: [93m100.00[0m% | Trades: 0 | Candidates: 3
1970-01-01 | Balance: [91m0.00[0m | W/L Ratio: [95m0.00%[0m | Profit/Loss Ratio: [94m0.00[0m | Positions: 0/10 | Cash: [93m100.00[0m% | Trades: 0 | Candidates: 3
1970-01-01 | Balance: [91m0.00[0m | W/L Ratio: [95m0.00%[0m | Profit/Loss Ratio: [94m0.00[0m | Positions: 0/10 | Cash: [93m100.00[0m% | Trades: 0 | Candidates: 3
1970-01-01 | Balance: [91m0.00[0m | W/L Ratio: [95m0.00%[0m | Profit/Loss Ratio: [94m0.00[0m | Positions: 0/10 | Cash: [93m100.00[0m% | Trades: 0 | Candidates: 3
1970-01-01 | Balance: [91m0.00[0m | W/L Ratio: [95m0.00%[0m | Profit/Loss Ratio: [94m0.00[0m | Positions: 0/10 | Cash: [93m100.00[0m% | Trades: 0 | Candidates: 3
1970-01-01 | Balance: [91m0.00[0m | W/L Ratio: [95m0.00%[0m | Profit/Loss Ratio: [94m0.00[0m | Positions: 0/10 | Cash: [93m100.00[0m% | Trades: 0 | Candidates: 3
1970-01-01 | Balance: [91m0.00[0m | W/L Ratio: [95m0.00%[0m | Profit/Loss Ratio: [94m0.00[0m | Positions: 0/10 | Cash: [93m100.00[0m% | Trades: 0 | Candidates: 3
1970-01-01 | Balance: [91m0.00[0m | W/L Ratio: [95m0.00%[0m | Profit/Loss Ratio: [94m0.00[0m | Positions: 0/10 | Cash: [93m100.00[0m% | Trades: 0 | Candidates: 3
1970-01-01 | Balance: [91m0.00[0m | W/L Ratio: [95m0.00%[0m | Profit/Loss Ratio: [94m0.00[0m | Positions: 0/10 | Cash: [93m100.00[0m% | Trades: 0 | Candidates: 3
1970-01-01 | Balance: [91m0.00[0m | W/L Ratio: [95m0.00%[0m | Profit/Loss Ratio: [94m0.00[0m | Positions: 0/10 | Cash: [93m100.00[0m% | Trades: 0 | Candidates: 3
1970-01-01 | Balance: [91m0.00[0m | W/L Ratio: [95m0.00%[0m | Profit/Loss Ratio: [94m0.00[0m | Positions: 0/10 | Cash: [93m100.00[0m% | Trades: 0 | Candidates: 3
1970-01-01 | Balance: [91m0.00[0m | W/L Ratio: [95m0.00%[0m | Profit/Loss Ratio: [94m0.00[0m | Positions: 0/10 | Cash: [93m100.00[0m% | Trades: 0 | Candidates: 3
1970-01-01 | Balance: [91m0.00[0m | W/L Ratio: [95m0.00%[0m | Profit/Loss Ratio: [94m0.00[0m | Positions: 0/10 | Cash: [93m100.00[0m% | Trades: 0 | Candidates: 3
1970-01-01 | Balance: [91m0.00[0m | W/L Ratio: [95m0.00%[0m | Profit/Loss Ratio: [94m0.00[0m | Positions: 0/10 | Cash: [93m100.00[0m% | Trades: 0 | Candidates: 3
1970-01-01 | Balance: [91m0.00[0m | W/L Ratio: [95m0.00%[0m | Profit/Loss Ratio: [94m0.00[0m | Positions: 0/10 | Cash: [93m100.00[0m% | Trades: 0 | Candidates: 3
1970-01-01 | Balance: [91m0.00[0m | W/L Ratio: [95m0.00%[0m | Profit/Loss Ratio: [94m0.00[0m | Positions: 0/10 | Cash: [93m100.00[0m% | Trades: 0 | Candidates: 3
1970-01-01 | Balance: [91m0.00[0m | W/L Ratio: [95m0.00%[0m | Profit/Loss Ratio: [94m0.00[0m | Positions: 0/10 | Cash: [93m100.00[0m% | Trades: 0 | Candidates: 3
1970-01-01 | Balance: [91m0.00[0m | W/L Ratio: [95m0.00%[0m | Profit/Loss Ratio: [94m0.00[0m | Positions: 0/10 | Cash: [93m100.00[0m% | Trades: 0 | Candidates: 3
1970-01-01 | Balance: [91m0.00[0m | W/L Ratio: [95m0.00%[0m | Profit/Loss Ratio: [94m0.00[0m | Positions: 0/10 | Cash: [93m100.00[0m% | Trades: 0 | Candidates: 3
1970-01-01 | Balance: [91m0.00[0m | W/L Ratio: [95m0.00%[0m | Profit/Loss Ratio: [94m0.00[0m | Positions: 0/10 | Cash: [93m100.00[0m% | Trades: 0 | Candidates: 3
1970-01-01 | Balance: [91m0.00[0m | W/L Ratio: [95m0.00%[0m | Profit/Loss Ratio: [94m0.00[0m | Positions: 0/10 | Cash: [93m100.00[0m% | Trades: 0 | Candidates: 3
1970-01-01 | Balance: [91m0.00[0m | W/L Ratio: [95m0.00%[0m | Profit/Loss Ratio: [94m0.00[0m | Positions: 0/10 | Cash: [93m100.00[0m% | Trades: 0 | Candidates: 3
1970-01-01 | Balance: [91m0.00[0m | W/L Ratio: [95m0.00%[0m | Profit/Loss Ratio: [94m0.00[0m | Positions: 0/10 | Cash: [93m100.00[0m% | Trades: 0 | Candidates: 3
1970-01-01 | Balance: [91m0.00[0m | W/L Ratio: [95m0.00%[0m | Profit/Loss Ratio: [94m0.00[0m | Positions: 0/10 | Cash: [93m100.00[0m% | Trades: 0 | Candidates: 3
1970-01-01 | Balance: [91m0.00[0m | W/L Ratio: [95m0.00%[0m | Profit/Loss Ratio: [94m0.00[0m | Positions: 0/10 | Cash: [93m100.00[0m% | Trades: 0 | Candidates: 3
1970-01-01 | Balance: [91m0.00[0m | W/L Ratio: [95m0.00%[0m | Profit/Loss Ratio: [94m0.00[0m | Positions: 0/10 | Cash: [93m100.00[0m% | Trades: 0 | Candidates: 3
1970-01-01 | Balance: [91m0.00[0m | W/L Ratio: [95m0.00%[0m | Profit/Loss Ratio: [94m0.00[0m | Positions: 0/10 | Cash: [93m100.00[0m% | Trades: 0 | Candidates: 3
1970-01-01 | Balance: [91m0.00[0m | W/L Ratio: [95m0.00%[0m | Profit/Loss Ratio: [94m0.00[0m | Positions: 0/10 | Cash: [93m100.00[0m% | Trades: 0 | Candidates: 3
1970-01-01 | Balance: [91m0.00[0m | W/L Ratio: [95m0.00%[0m | Profit/Loss Ratio: [94m0.00[0m | Positions: 0/10 | Cash: [93m100.00[0m% | Trades: 0 | Candidates: 3
1970-01-01 | Balance: [91m0.00[0m | W/L Ratio: [95m0.00%[0m | Profit/Loss Ratio: [94m0.00[0m | Positions: 0/10 | Cash: [93m100.00[0m% | Trades: 0 | Candidates: 3
1970-01-01 | Balance: [91m0.00[0m | W/L Ratio: [95m0.00%[0m | Profit/Loss Ratio: [94m0.00[0m | Positions: 0/10 | Cash: [93m100.00[0m% | Trades: 0 | Candidates: 3
1970-01-01 | Balance: [91m0.00[0m | W/L Ratio: [95m0.00%[0m | Profit/Loss Ratio: [94m0.00[0m | Positions: 0/10 | Cash: [93m100.00[0m% | Trades: 0 | Candidates: 3
1970-01-01 | Balance: [91m0.00[0m | W/L Ratio: [95m0.00%[0m | Profit/Loss Ratio: [94m0.00[0m | Positions: 0/10 | Cash: [93m100.00[0m% | Trades: 0 | Candidates: 3
1970-01-01 | Balance: [91m0.00[0m | W/L Ratio: [95m0.00%[0m | Profit/Loss Ratio: [94m0.00[0m | Positions: 0/10 | Cash: [93m100.00[0m% | Trades: 0 | Candidates: 3
1970-01-01 | Balance: [91m0.00[0m | W/L Ratio: [95m0.00%[0m | Profit/Loss Ratio: [94m0.00[0m | Positions: 0/10 | Cash: [93m100.00[0m% | Trades: 0 | Candidates: 3
1970-01-01 | Balance: [91m0.00[0m | W/L Ratio: [95m0.00%[0m | Profit/Loss Ratio: [94m0.00[0m | Positions: 0/10 | Cash: [93m100.00[0m% | Trades: 0 | Candidates: 3
1970-01-01 | Balance: [91m0.00[0m | W/L Ratio: [95m0.00%[0m | Profit/Loss Ratio: [94m0.00[0m | Positions: 0/10 | Cash: [93m100.00[0m% | Trades: 0 | Candidates: 3
1970-01-01 | Balance: [91m0.00[0m | W/L Ratio: [95m0.00%[0m | Profit/Loss Ratio: [94m0.00[0m | Positions: 0/10 | Cash: [93m100.00[0m% | Trades: 0 | Candidates: 3
1970-01-01 | Balance: [91m0.00[0m | W/L Ratio: [95m0.00%[0m | Profit/Loss Ratio: [94m0.00[0m | Positions: 0/10 | Cash: [93m100.00[0m% | Trades: 0 | Candidates: 3
1970-01-01 | Balance: [91m0.00[0m | W/L Ratio: [95m0.00%[0m | Profit/Loss Ratio: [94m0.00[0m | Positions: 0/10 | Cash: [93m100.00[0m% | Trades: 0 | Candidates: 3
1970-01-01 | Balance: [91m0.00[0m | W/L Ratio: [95m0.00%[0m | Profit/Loss Ratio: [94m0.00[0m | Positions: 0/10 | Cash: [93m100.00[0m% | Trades: 0 | Candidates: 3
1970-01-01 | Balance: [91m0.00[0m | W/L Ratio: [95m0.00%[0m | Profit/Loss Ratio: [94m0.00[0m | Positions: 0/10 | Cash: [93m100.00[0m% | Trades: 0 | Candidates: 3
1970-01-01 | Balance: [91m0.00[0m | W/L Ratio: [95m0.00%[0m | Profit/Loss Ratio: [94m0.00[0m | Positions: 0/10 | Cash: [93m100.00[0m% | Trades: 0 | Candidates: 3
1970-01-01 | Balance: [91m0.00[0m | W/L Ratio: [95m0.00%[0m | Profit/Loss Ratio: [94m0.00[0m | Positions: 0/10 | Cash: [93m100.00[0m% | Trades: 0 | Candidates: 3
1970-01-01 | Balance: [91m0.00[0m | W/L Ratio: [95m0.00%[0m | Profit/Loss Ratio: [94m0.00[0m | Positions: 0/10 | Cash: [93m100.00[0m% | Trades: 0 | Candidates: 3
1970-01-01 | Balance: [91m0.00[0m | W/L Ratio: [95m0.00%[0m | Profit/Loss Ratio: [94m0.00[0m | Positions: 0/10 | Cash: [93m100.00[0m% | Trades: 0 | Candidates: 3
1970-01-01 | Balance: [91m0.00[0m | W/L Ratio: [95m0.00%[0m | Profit/Loss Ratio: [94m0.00[0m | Positions: 0/10 | Cash: [93m100.00[0m% | Trades: 0 | Candidates: 3
1970-01-01 | Balance: [91m0.00[0m | W/L Ratio: [95m0.00%[0m | Profit/Loss Ratio: [94m0.00[0m | Positions: 0/10 | Cash: [93m100.00[0m% | Trades: 0 | Candidates: 3
1970-01-01 | Balance: [91m0.00[0m | W/L Ratio: [95m0.00%[0m | Profit/Loss Ratio: [94m0.00[0m | Positions: 0/10 | Cash: [93m100.00[0m% | Trades: 0 | Candidates: 3
1970-01-01 | Balance: [91m0.00[0m | W/L Ratio: [95m0.00%[0m | Profit/Loss Ratio: [94m0.00[0m | Positions: 0/10 | Cash: [93m100.00[0m% | Trades: 0 | Candidates: 3
1970-01-01 | Balance: [91m0.00[0m | W/L Ratio: [95m0.00%[0m | Profit/Loss Ratio: [94m0.00[0m | Positions: 0/10 | Cash: [93m100.00[0m% | Trades: 0 | Candidates: 3
1970-01-01 | Balance: [91m0.00[0m | W/L Ratio: [95m0.00%[0m | Profit/Loss Ratio: [94m0.00[0m | Positions: 0/10 | Cash: [93m100.00[0m% | Trades: 0 | Candidates: 3
1970-01-01 | Balance: [91m0.00[0m | W/L Ratio: [95m0.00%[0m | Profit/Loss Ratio: [94m0.00[0m | Positions: 0/10 | Cash: [93m100.00[0m% | Trades: 0 | Candidates: 3
1970-01-01 | Balance: [91m0.00[0m | W/L Ratio: [95m0.00%[0m | Profit/Loss Ratio: [94m0.00[0m | Positions: 0/10 | Cash: [93m100.00[0m% | Trades: 0 | Candidates: 3
1970-01-01 | Balance: [91m0.00[0m | W/L Ratio: [95m0.00%[0m | Profit/Loss Ratio: [94m0.00[0m | Positions: 0/10 | Cash: [93m100.00[0m% | Trades: 0 | Candidates: 3
1970-01-01 | Balance: [91m0.00[0m | W/L Ratio: [95m0.00%[0m | Profit/Loss Ratio: [94m0.00[0m | Positions: 0/10 | Cash: [93m100.00[0m% | Trades: 0 | Candidates: 3
1970-01-01 | Balance: [91m0.00[0m | W/L Ratio: [95m0.00%[0m | Profit/Loss Ratio: [94m0.00[0m | Positions: 0/10 | Cash: [93m100.00[0m% | Trades: 0 | Candidates: 3
1970-01-01 | Balance: [91m0.00[0m | W/L Ratio: [95m0.00%[0m | Profit/Loss Ratio: [94m0.00[0m | Positions: 0/10 | Cash: [93m100.00[0m% | Trades: 0 | Candidates: 3
1970-01-01 | Balance: [91m0.00[0m | W/L Ratio: [95m0.00%[0m | Profit/Loss Ratio: [94m0.00[0m | Positions: 0/10 | Cash: [93m100.00[0m% | Trades: 0 | Candidates: 3
1970-01-01 | Balance: [91m0.00[0m | W/L Ratio: [95m0.00%[0m | Profit/Loss Ratio: [94m0.00[0m | Positions: 0/10 | Cash: [93m100.00[0m% | Trades: 0 | Candidates: 3
1970-01-01 | Balance: [91m0.00[0m | W/L Ratio: [95m0.00%[0m | Profit/Loss Ratio: [94m0.00[0m | Positions: 0/10 | Cash: [93m100.00[0m% | Trades: 0 | Candidates: 3
1970-01-01 | Balance: [91m0.00[0m | W/L Ratio: [95m0.00%[0m | Profit/Loss Ratio: [94m0.00[0m | Positions: 0/10 | Cash: [93m100.00[0m% | Trades: 0 | Candidates: 3
1970-01-01 | Balance: [91m0.00[0m | W/L Ratio: [95m0.00%[0m | Profit/Loss Ratio: [94m0.00[0m | Positions: 0/10 | Cash: [93m100.00[0m% | Trades: 0 | Candidates: 3
1970-01-01 | Balance: [91m0.00[0m | W/L Ratio: [95m0.00%[0m | Profit/Loss Ratio: [94m0.00[0m | Positions: 0/10 | Cash: [93m100.00[0m% | Trades: 0 | Candidates: 3
1970-01-01 | Balance: [91m0.00[0m | W/L Ratio: [95m0.00%[0m | Profit/Loss Ratio: [94m0.00[0m | Positions: 0/10 | Cash: [93m100.00[0m% | Trades: 0 | Candidates: 3
1970-01-01 | Balance: [91m0.00[0m | W/L Ratio: [95m0.00%[0m | Profit/Loss Ratio: [94m0.00[0m | Positions: 0/10 | Cash: [93m100.00[0m% | Trades: 0 | Candidates: 3
1970-01-01 | Balance: [91m0.00[0m | W/L Ratio: [95m0.00%[0m | Profit/Loss Ratio: [94m0.00[0m | Positions: 0/10 | Cash: [93m100.00[0m% | Trades: 0 | Candidates: 3
1970-01-01 | Balance: [91m0.00[0m | W/L Ratio: [95m0.00%[0m | Profit/Loss Ratio: [94m0.00[0m | Positions: 0/10 | Cash: [93m100.00[0m% | Trades: 0 | Candidates: 3
1970-01-01 | Balance: [91m0.00[0m | W/L Ratio: [95m0.00%[0m | Profit/Loss Ratio: [94m0.00[0m | Positions: 0/10 | Cash: [93m100.00[0m% | Trades: 0 | Candidates: 3
1970-01-01 | Balance: [91m0.00[0m | W/L Ratio: [95m0.00%[0m | Profit/Loss Ratio: [94m0.00[0m | Positions: 0/10 | Cash: [93m100.00[0m% | Trades: 0 | Candidates: 3
1970-01-01 | Balance: [91m0.00[0m | W/L Ratio: [95m0.00%[0m | Profit/Loss Ratio: [94m0.00[0m | Positions: 0/10 | Cash: [93m100.00[0m% | Trades: 0 | Candidates: 3
1970-01-01 | Balance: [91m0.00[0m | W/L Ratio: [95m0.00%[0m | Profit/Loss Ratio: [94m0.00[0m | Positions: 0/10 | Cash: [93m100.00[0m% | Trades: 0 | Candidates: 3
1970-01-01 | Balance: [91m0.00[0m | W/L Ratio: [95m0.00%[0m | Profit/Loss Ratio: [94m0.00[0m | Positions: 0/10 | Cash: [93m100.00[0m% | Trades: 0 | Candidates: 3
1970-01-01 | Balance: [91m0.00[0m | W/L Ratio: [95m0.00%[0m | Profit/Loss Ratio: [94m0.00[0m | Positions: 0/10 | Cash: [93m100.00[0m% | Trades: 0 | Candidates: 3
1970-01-01 | Balance: [91m0.00[0m | W/L Ratio: [95m0.00%[0m | Profit/Loss Ratio: [94m0.00[0m | Positions: 0/10 | Cash: [93m100.00[0m% | Trades: 0 | Candidates: 3
1970-01-01 | Balance: [91m0.00[0m | W/L Ratio: [95m0.00%[0m | Profit/Loss Ratio: [94m0.00[0m | Positions: 0/10 | Cash: [93m100.00[0m% | Trades: 0 | Candidates: 3
1970-01-01 | Balance: [91m0.00[0m | W/L Ratio: [95m0.00%[0m | Profit/Loss Ratio: [94m0.00[0m | Positions: 0/10 | Cash: [93m100.00[0m% | Trades: 0 | Candidates: 3
1970-01-01 | Balance: [91m0.00[0m | W/L Ratio: [95m0.00%[0m | Profit/Loss Ratio: [94m0.00[0m | Positions: 0/10 | Cash: [93m100.00[0m% | Trades: 0 | Candidates: 3
1970-01-01 | Balance: [91m0.00[0m | W/L Ratio: [95m0.00%[0m | Profit/Loss Ratio: [94m0.00[0m | Positions: 0/10 | Cash: [93m100.00[0m% | Trades: 0 | Candidates: 3
1970-01-01 | Balance: [91m0.00[0m | W/L Ratio: [95m0.00%[0m | Profit/Loss Ratio: [94m0.00[0m | Positions: 0/10 | Cash: [93m100.00[0m% | Trades: 0 | Candidates: 3
1970-01-01 | Balance: [91m0.00[0m | W/L Ratio: [95m0.00%[0m | Profit/Loss Ratio: [94m0.00[0m | Positions: 0/10 | Cash: [93m100.00[0m% | Trades: 0 | Candidates: 3
1970-01-01 | Balance: [91m0.00[0m | W/L Ratio: [95m0.00%[0m | Profit/Loss Ratio: [94m0.00[0m | Positions: 0/10 | Cash: [93m100.00[0m% | Trades: 0 | Candidates: 3
1970-01-01 | Balance: [91m0.00[0m | W/L Ratio: [95m0.00%[0m | Profit/Loss Ratio: [94m0.00[0m | Positions: 0/10 | Cash: [93m100.00[0m% | Trades: 0 | Candidates: 3
1970-01-01 | Balance: [91m0.00[0m | W/L Ratio: [95m0.00%[0m | Profit/Loss Ratio: [94m0.00[0m | Positions: 0/10 | Cash: [93m100.00[0m% | Trades: 0 | Candidates: 3
1970-01-01 | Balance: [91m0.00[0m | W/L Ratio: [95m0.00%[0m | Profit/Loss Ratio: [94m0.00[0m | Positions: 0/10 | Cash: [93m100.00[0m% | Trades: 0 | Candidates: 3
1970-01-01 | Balance: [91m0.00[0m | W/L Ratio: [95m0.00%[0m | Profit/Loss Ratio: [94m0.00[0m | Positions: 0/10 | Cash: [93m100.00[0m% | Trades: 0 | Candidates: 3
1970-01-01 | Balance: [91m0.00[0m | W/L Ratio: [95m0.00%[0m | Profit/Loss Ratio: [94m0.00[0m | Positions: 0/10 | Cash: [93m100.00[0m% | Trades: 0 | Candidates: 3
1970-01-01 | Balance: [91m0.00[0m | W/L Ratio: [95m0.00%[0m | Profit/Loss Ratio: [94m0.00[0m | Positions: 0/10 | Cash: [93m100.00[0m% | Trades: 0 | Candidates: 3
1970-01-01 | Balance: [91m0.00[0m | W/L Ratio: [95m0.00%[0m | Profit/Loss Ratio: [94m0.00[0m | Positions: 0/10 | Cash: [93m100.00[0m% | Trades: 0 | Candidates: 3
1970-01-01 | Balance: [91m0.00[0m | W/L Ratio: [95m0.00%[0m | Profit/Loss Ratio: [94m0.00[0m | Positions: 0/10 | Cash: [93m100.00[0m% | Trades: 0 | Candidates: 3
1970-01-01 | Balance: [91m0.00[0m | W/L Ratio: [95m0.00%[0m | Profit/Loss Ratio: [94m0.00[0m | Positions: 0/10 | Cash: [93m100.00[0m% | Trades: 0 | Candidates: 3
1970-01-01 | Balance: [91m0.00[0m | W/L Ratio: [95m0.00%[0m | Profit/Loss Ratio: [94m0.00[0m | Positions: 0/10 | Cash: [93m100.00[0m% | Trades: 0 | Candidates: 3
1970-01-01 | Balance: [91m0.00[0m | W/L Ratio: [95m0.00%[0m | Profit/Loss Ratio: [94m0.00[0m | Positions: 0/10 | Cash: [93m100.00[0m% | Trades: 0 | Candidates: 3
1970-01-01 | Balance: [91m0.00[0m | W/L Ratio: [95m0.00%[0m | Profit/Loss Ratio: [94m0.00[0m | Positions: 0/10 | Cash: [93m100.00[0m% | Trades: 0 | Candidates: 3
1970-01-01 | Balance: [91m0.00[0m | W/L Ratio: [95m0.00%[0m | Profit/Loss Ratio: [94m0.00[0m | Positions: 0/10 | Cash: [93m100.00[0m% | Trades: 0 | Candidates: 3
1970-01-01 | Balance: [91m0.00[0m | W/L Ratio: [95m0.00%[0m | Profit/Loss Ratio: [94m0.00[0m | Positions: 0/10 | Cash: [93m100.00[0m% | Trades: 0 | Candidates: 3
1970-01-01 | Balance: [91m0.00[0m | W/L Ratio: [95m0.00%[0m | Profit/Loss Ratio: [94m0.00[0m | Positions: 0/10 | Cash: [93m100.00[0m% | Trades: 0 | Candidates: 3
1970-01-01 | Balance: [91m0.00[0m | W/L Ratio: [95m0.00%[0m | Profit/Loss Ratio: [94m0.00[0m | Positions: 0/10 | Cash: [93m100.00[0m% | Trades: 0 | Candidates: 3
1970-01-01 | Balance: [91m0.00[0m | W/L Ratio: [95m0.00%[0m | Profit/Loss Ratio: [94m0.00[0m | Positions: 0/10 | Cash: [93m100.00[0m% | Trades: 0 | Candidates: 3
1970-01-01 | Balance: [91m0.00[0m | W/L Ratio: [95m0.00%[0m | Profit/Loss Ratio: [94m0.00[0m | Positions: 0/10 | Cash: [93m100.00[0m% | Trades: 0 | Candidates: 3
1970-01-01 | Balance: [91m0.00[0m | W/L Ratio: [95m0.00%[0m | Profit/Loss Ratio: [94m0.00[0m | Positions: 0/10 | Cash: [93m100.00[0m% | Trades: 0 | Candidates: 3
1970-01-01 | Balance: [91m0.00[0m | W/L Ratio: [95m0.00%[0m | Profit/Loss Ratio: [94m0.00[0m | Positions: 0/10 | Cash: [93m100.00[0m% | Trades: 0 | Candidates: 3
1970-01-01 | Balance: [91m0.00[0m | W/L Ratio: [95m0.00%[0m | Profit/Loss Ratio: [94m0.00[0m | Positions: 0/10 | Cash: [93m100.00[0m% | Trades: 0 | Candidates: 3
1970-01-01 | Balance: [91m0.00[0m | W/L Ratio: [95m0.00%[0m | Profit/Loss Ratio: [94m0.00[0m | Positions: 0/10 | Cash: [93m100.00[0m% | Trades: 0 | Candidates: 3
1970-01-01 | Balance: [91m0.00[0m | W/L Ratio: [95m0.00%[0m | Profit/Loss Ratio: [94m0.00[0m | Positions: 0/10 | Cash: [93m100.00[0m% | Trades: 0 | Candidates: 3
1970-01-01 | Balance: [91m0.00[0m | W/L Ratio: [95m0.00%[0m | Profit/Loss Ratio: [94m0.00[0m | Positions: 0/10 | Cash: [93m100.00[0m% | Trades: 0 | Candidates: 3
1970-01-01 | Balance: [91m0.00[0m | W/L Ratio: [95m0.00%[0m | Profit/Loss Ratio: [94m0.00[0m | Positions: 0/10 | Cash: [93m100.00[0m% | Trades: 0 | Candidates: 3
1970-01-01 | Balance: [91m0.00[0m | W/L Ratio: [95m0.00%[0m | Profit/Loss Ratio: [94m0.00[0m | Positions: 0/10 | Cash: [93m100.00[0m% | Trades: 0 | Candidates: 3
1970-01-01 | Balance: [91m0.00[0m | W/L Ratio: [95m0.00%[0m | Profit/Loss Ratio: [94m0.00[0m | Positions: 0/10 | Cash: [93m100.00[0m% | Trades: 0 | Candidates: 3
1970-01-01 | Balance: [91m0.00[0m | W/L Ratio: [95m0.00%[0m | Profit/Loss Ratio: [94m0.00[0m | Positions: 0/10 | Cash: [93m100.00[0m% | Trades: 0 | Candidates: 3
1970-01-01 | Balance: [91m0.00[0m | W/L Ratio: [95m0.00%[0m | Profit/Loss Ratio: [94m0.00[0m | Positions: 0/10 | Cash: [93m100.00[0m% | Trades: 0 | Candidates: 3
1970-01-01 | Balance: [91m0.00[0m | W/L Ratio: [95m0.00%[0m | Profit/Loss Ratio: [94m0.00[0m | Positions: 0/10 | Cash: [93m100.00[0m% | Trades: 0 | Candidates: 3
1970-01-01 | Balance: [91m0.00[0m | W/L Ratio: [95m0.00%[0m | Profit/Loss Ratio: [94m0.00[0m | Positions: 0/10 | Cash: [93m100.00[0m% | Trades: 0 | Candidates: 3
1970-01-01 | Balance: [91m0.00[0m | W/L Ratio: [95m0.00%[0m | Profit/Loss Ratio: [94m0.00[0m | Positions: 0/10 | Cash: [93m100.00[0m% | Trades: 0 | Candidates: 3
1970-01-01 | Balance: [91m0.00[0m | W/L Ratio: [95m0.00%[0m | Profit/Loss Ratio: [94m0.00[0m | Positions: 0/10 | Cash: [93m100.00[0m% | Trades: 0 | Candidates: 3
1970-01-01 | Balance: [91m0.00[0m | W/L Ratio: [95m0.00%[0m | Profit/Loss Ratio: [94m0.00[0m | Positions: 0/10 | Cash: [93m100.00[0m% | Trades: 0 | Candidates: 3
1970-01-01 | Balance: [91m0.00[0m | W/L Ratio: [95m0.00%[0m | Profit/Loss Ratio: [94m0.00[0m | Positions: 0/10 | Cash: [93m100.00[0m% | Trades: 0 | Candidates: 3
1970-01-01 | Balance: [91m0.00[0m | W/L Ratio: [95m0.00%[0m | Profit/Loss Ratio: [94m0.00[0m | Positions: 0/10 | Cash: [93m100.00[0m% | Trades: 0 | Candidates: 3
1970-01-01 | Balance: [91m0.00[0m | W/L Ratio: [95m0.00%[0m | Profit/Loss Ratio: [94m0.00[0m | Positions: 0/10 | Cash: [93m100.00[0m% | Trades: 0 | Candidates: 3
1970-01-01 | Balance: [91m0.00[0m | W/L Ratio: [95m0.00%[0m | Profit/Loss Ratio: [94m0.00[0m | Positions: 0/10 | Cash: [93m100.00[0m% | Trades: 0 | Candidates: 3
1970-01-01 | Balance: [91m0.00[0m | W/L Ratio: [95m0.00%[0m | Profit/Loss Ratio: [94m0.00[0m | Positions: 0/10 | Cash: [93m100.00[0m% | Trades: 0 | Candidates: 3
1970-01-01 | Balance: [91m0.00[0m | W/L Ratio: [95m0.00%[0m | Profit/Loss Ratio: [94m0.00[0m | Positions: 0/10 | Cash: [93m100.00[0m% | Trades: 0 | Candidates: 3
1970-01-01 | Balance: [91m0.00[0m | W/L Ratio: [95m0.00%[0m | Profit/Loss Ratio: [94m0.00[0m | Positions: 0/10 | Cash: [93m100.00[0m% | Trades: 0 | Candidates: 3
1970-01-01 | Balance: [91m0.00[0m | W/L Ratio: [95m0.00%[0m | Profit/Loss Ratio: [94m0.00[0m | Positions: 0/10 | Cash: [93m100.00[0m% | Trades: 0 | Candidates: 3
1970-01-01 | Balance: [91m0.00[0m | W/L Ratio: [95m0.00%[0m | Profit/Loss Ratio: [94m0.00[0m | Positions: 0/10 | Cash: [93m100.00[0m% | Trades: 0 | Candidates: 3
1970-01-01 | Balance: [91m0.00[0m | W/L Ratio: [95m0.00%[0m | Profit/Loss Ratio: [94m0.00[0m | Positions: 0/10 | Cash: [93m100.00[0m% | Trades: 0 | Candidates: 3
1970-01-01 | Balance: [91m0.00[0m | W/L Ratio: [95m0.00%[0m | Profit/Loss Ratio: [94m0.00[0m | Positions: 0/10 | Cash: [93m100.00[0m% | Trades: 0 | Candidates: 3
1970-01-01 | Balance: [91m0.00[0m | W/L Ratio: [95m0.00%[0m | Profit/Loss Ratio: [94m0.00[0m | Positions: 0/10 | Cash: [93m100.00[0m% | Trades: 0 | Candidates: 3
1970-01-01 | Balance: [91m0.00[0m | W/L Ratio: [95m0.00%[0m | Profit/Loss Ratio: [94m0.00[0m | Positions: 0/10 | Cash: [93m100.00[0m% | Trades: 0 | Candidates: 3
1970-01-01 | Balance: [91m0.00[0m | W/L Ratio: [95m0.00%[0m | Profit/Loss Ratio: [94m0.00[0m | Positions: 0/10 | Cash: [93m100.00[0m% | Trades: 0 | Candidates: 3
1970-01-01 | Balance: [91m0.00[0m | W/L Ratio: [95m0.00%[0m | Profit/Loss Ratio: [94m0.00[0m | Positions: 0/10 | Cash: [93m100.00[0m% | Trades: 0 | Candidates: 3
1970-01-01 | Balance: [91m0.00[0m | W/L Ratio: [95m0.00%[0m | Profit/Loss Ratio: [94m0.00[0m | Positions: 0/10 | Cash: [93m100.00[0m% | Trades: 0 | Candidates: 3
1970-01-01 | Balance: [91m0.00[0m | W/L Ratio: [95m0.00%[0m | Profit/Loss Ratio: [94m0.00[0m | Positions: 0/10 | Cash: [93m100.00[0m% | Trades: 0 | Candidates: 3
1970-01-01 | Balance: [91m0.00[0m | W/L Ratio: [95m0.00%[0m | Profit/Loss Ratio: [94m0.00[0m | Positions: 0/10 | Cash: [93m100.00[0m% | Trades: 0 | Candidates: 3
1970-01-01 | Balance: [91m0.00[0m | W/L Ratio: [95m0.00%[0m | Profit/Loss Ratio: [94m0.00[0m | Positions: 0/10 | Cash: [93m100.00[0m% | Trades: 0 | Candidates: 3
1970-01-01 | Balance: [91m0.00[0m | W/L Ratio: [95m0.00%[0m | Profit/Loss Ratio: [94m0.00[0m | Positions: 0/10 | Cash: [93m100.00[0m% | Trades: 0 | Candidates: 3
1970-01-01 | Balance: [91m0.00[0m | W/L Ratio: [95m0.00%[0m | Profit/Loss Ratio: [94m0.00[0m | Positions: 0/10 | Cash: [93m100.00[0m% | Trades: 0 | Candidates: 3
1970-01-01 | Balance: [91m0.00[0m | W/L Ratio: [95m0.00%[0m | Profit/Loss Ratio: [94m0.00[0m | Positions: 0/10 | Cash: [93m100.00[0m% | Trades: 0 | Candidates: 3
1970-01-01 | Balance: [91m0.00[0m | W/L Ratio: [95m0.00%[0m | Profit/Loss Ratio: [94m0.00[0m | Positions: 0/10 | Cash: [93m100.00[0m% | Trades: 0 | Candidates: 3
1970-01-01 | Balance: [91m0.00[0m | W/L Ratio: [95m0.00%[0m | Profit/Loss Ratio: [94m0.00[0m | Positions: 0/10 | Cash: [93m100.00[0m% | Trades: 0 | Candidates: 3
1970-01-01 | Balance: [91m0.00[0m | W/L Ratio: [95m0.00%[0m | Profit/Loss Ratio: [94m0.00[0m | Positions: 0/10 | Cash: [93m100.00[0m% | Trades: 0 | Candidates: 3
1970-01-01 | Balance: [91m0.00[0m | W/L Ratio: [95m0.00%[0m | Profit/Loss Ratio: [94m0.00[0m | Positions: 0/10 | Cash: [93m100.00[0m% | Trades: 0 | Candidates: 3
1970-01-01 | Balance: [91m0.00[0m | W/L Ratio: [95m0.00%[0m | Profit/Loss Ratio: [94m0.00[0m | Positions: 0/10 | Cash: [93m100.00[0m% | Trades: 0 | Candidates: 3
1970-01-01 | Balance: [91m0.00[0m | W/L Ratio: [95m0.00%[0m | Profit/Loss Ratio: [94m0.00[0m | Positions: 0/10 | Cash: [93m100.00[0m% | Trades: 0 | Candidates: 3
1970-01-01 | Balance: [91m0.00[0m | W/L Ratio: [95m0.00%[0m | Profit/Loss Ratio: [94m0.00[0m | Positions: 0/10 | Cash: [93m100.00[0m% | Trades: 0 | Candidates: 3
1970-01-01 | Balance: [91m0.00[0m | W/L Ratio: [95m0.00%[0m | Profit/Loss Ratio: [94m0.00[0m | Positions: 0/10 | Cash: [93m100.00[0m% | Trades: 0 | Candidates: 3
1970-01-01 | Balance: [91m0.00[0m | W/L Ratio: [95m0.00%[0m | Profit/Loss Ratio: [94m0.00[0m | Positions: 0/10 | Cash: [93m100.00[0m% | Trades: 0 | Candidates: 3
1970-01-01 | Balance: [91m0.00[0m | W/L Ratio: [95m0.00%[0m | Profit/Loss Ratio: [94m0.00[0m | Positions: 0/10 | Cash: [93m100.00[0m% | Trades: 0 | Candidates: 3
1970-01-01 | Balance: [91m0.00[0m | W/L Ratio: [95m0.00%[0m | Profit/Loss Ratio: [94m0.00[0m | Positions: 0/10 | Cash: [93m100.00[0m% | Trades: 0 | Candidates: 3
1970-01-01 | Balance: [91m0.00[0m | W/L Ratio: [95m0.00%[0m | Profit/Loss Ratio: [94m0.00[0m | Positions: 0/10 | Cash: [93m100.00[0m% | Trades: 0 | Candidates: 3
1970-01-01 | Balance: [91m0.00[0m | W/L Ratio: [95m0.00%[0m | Profit/Loss Ratio: [94m0.00[0m | Positions: 0/10 | Cash: [93m100.00[0m% | Trades: 0 | Candidates: 3
1970-01-01 | Balance: [91m0.00[0m | W/L Ratio: [95m0.00%[0m | Profit/Loss Ratio: [94m0.00[0m | Positions: 0/10 | Cash: [93m100.00[0m% | Trades: 0 | Candidates: 3
1970-01-01 | Balance: [91m0.00[0m | W/L Ratio: [95m0.00%[0m | Profit/Loss Ratio: [94m0.00[0m | Positions: 0/10 | Cash: [93m100.00[0m% | Trades: 0 | Candidates: 3
1970-01-01 | Balance: [91m0.00[0m | W/L Ratio: [95m0.00%[0m | Profit/Loss Ratio: [94m0.00[0m | Positions: 0/10 | Cash: [93m100.00[0m% | Trades: 0 | Candidates: 3
1970-01-01 | Balance: [91m0.00[0m | W/L Ratio: [95m0.00%[0m | Profit/Loss Ratio: [94m0.00[0m | Positions: 0/10 | Cash: [93m100.00[0m% | Trades: 0 | Candidates: 3
1970-01-01 | Balance: [91m0.00[0m | W/L Ratio: [95m0.00%[0m | Profit/Loss Ratio: [94m0.00[0m | Positions: 0/10 | Cash: [93m100.00[0m% | Trades: 0 | Candidates: 3
1970-01-01 | Balance: [91m0.00[0m | W/L Ratio: [95m0.00%[0m | Profit/Loss Ratio: [94m0.00[0m | Positions: 0/10 | Cash: [93m100.00[0m% | Trades: 0 | Candidates: 3
1970-01-01 | Balance: [91m0.00[0m | W/L Ratio: [95m0.00%[0m | Profit/Loss Ratio: [94m0.00[0m | Positions: 0/10 | Cash: [93m100.00[0m% | Trades: 0 | Candidates: 3
1970-01-01 | Balance: [91m0.00[0m | W/L Ratio: [95m0.00%[0m | Profit/Loss Ratio: [94m0.00[0m | Positions: 0/10 | Cash: [93m100.00[0m% | Trades: 0 | Candidates: 3
1970-01-01 | Balance: [91m0.00[0m | W/L Ratio: [95m0.00%[0m | Profit/Loss Ratio: [94m0.00[0m | Positions: 0/10 | Cash: [93m100.00[0m% | Trades: 0 | Candidates: 3
1970-01-01 | Balance: [91m0.00[0m | W/L Ratio: [95m0.00%[0m | Profit/Loss Ratio: [94m0.00[0m | Positions: 0/10 | Cash: [93m100.00[0m% | Trades: 0 | Candidates: 3
1970-01-01 | Balance: [91m0.00[0m | W/L Ratio: [95m0.00%[0m | Profit/Loss Ratio: [94m0.00[0m | Positions: 0/10 | Cash: [93m100.00[0m% | Trades: 0 | Candidates: 3
1970-01-01 | Balance: [91m0.00[0m | W/L Ratio: [95m0.00%[0m | Profit/Loss Ratio: [94m0.00[0m | Positions: 0/10 | Cash: [93m100.00[0m% | Trades: 0 | Candidates: 3
1970-01-01 | Balance: [91m0.00[0m | W/L Ratio: [95m0.00%[0m | Profit/Loss Ratio: [94m0.00[0m | Positions: 0/10 | Cash: [93m100.00[0m% | Trades: 0 | Candidates: 3
1970-01-01 | Balance: [91m0.00[0m | W/L Ratio: [95m0.00%[0m | Profit/Loss Ratio: [94m0.00[0m | Positions: 0/10 | Cash: [93m100.00[0m% | Trades: 0 | Candidates: 3
1970-01-01 | Balance: [91m0.00[0m | W/L Ratio: [95m0.00%[0m | Profit/Loss Ratio: [94m0.00[0m | Positions: 0/10 | Cash: [93m100.00[0m% | Trades: 0 | Candidates: 3
1970-01-01 | Balance: [91m0.00[0m | W/L Ratio: [95m0.00%[0m | Profit/Loss Ratio: [94m0.00[0m | Positions: 0/10 | Cash: [93m100.00[0m% | Trades: 0 | Candidates: 3
1970-01-01 | Balance: [91m0.00[0m | W/L Ratio: [95m0.00%[0m | Profit/Loss Ratio: [94m0.00[0m | Positions: 0/10 | Cash: [93m100.00[0m% | Trades: 0 | Candidates: 3
1970-01-01 | Balance: [91m0.00[0m | W/L Ratio: [95m0.00%[0m | Profit/Loss Ratio: [94m0.00[0m | Positions: 0/10 | Cash: [93m100.00[0m% | Trades: 0 | Candidates: 3
1970-01-01 | Balance: [91m0.00[0m | W/L Ratio: [95m0.00%[0m | Profit/Loss Ratio: [94m0.00[0m | Positions: 0/10 | Cash: [93m100.00[0m% | Trades: 0 | Candidates: 3
1970-01-01 | Balance: [91m0.00[0m | W/L Ratio: [95m0.00%[0m | Profit/Loss Ratio: [94m0.00[0m | Positions: 0/10 | Cash: [93m100.00[0m% | Trades: 0 | Candidates: 3
1970-01-01 | Balance: [91m0.00[0m | W/L Ratio: [95m0.00%[0m | Profit/Loss Ratio: [94m0.00[0m | Positions: 0/10 | Cash: [93m100.00[0m% | Trades: 0 | Candidates: 3
1970-01-01 | Balance: [91m0.00[0m | W/L Ratio: [95m0.00%[0m | Profit/Loss Ratio: [94m0.00[0m | Positions: 0/10 | Cash: [93m100.00[0m% | Trades: 0 | Candidates: 3
1970-01-01 | Balance: [91m0.00[0m | W/L Ratio: [95m0.00%[0m | Profit/Loss Ratio: [94m0.00[0m | Positions: 0/10 | Cash: [93m100.00[0m% | Trades: 0 | Candidates: 3
1970-01-01 | Balance: [91m0.00[0m | W/L Ratio: [95m0.00%[0m | Profit/Loss Ratio: [94m0.00[0m | Positions: 0/10 | Cash: [93m100.00[0m% | Trades: 0 | Candidates: 3
1970-01-01 | Balance: [91m0.00[0m | W/L Ratio: [95m0.00%[0m | Profit/Loss Ratio: [94m0.00[0m | Positions: 0/10 | Cash: [93m100.00[0m% | Trades: 0 | Candidates: 3
1970-01-01 | Balance: [91m0.00[0m | W/L Ratio: [95m0.00%[0m | Profit/Loss Ratio: [94m0.00[0m | Positions: 0/10 | Cash: [93m100.00[0m% | Trades: 0 | Candidates: 3
1970-01-01 | Balance: [91m0.00[0m | W/L Ratio: [95m0.00%[0m | Profit/Loss Ratio: [94m0.00[0m | Positions: 0/10 | Cash: [93m100.00[0m% | Trades: 0 | Candidates: 3
1970-01-01 | Balance: [91m0.00[0m | W/L Ratio: [95m0.00%[0m | Profit/Loss Ratio: [94m0.00[0m | Positions: 0/10 | Cash: [93m100.00[0m% | Trades: 0 | Candidates: 3
1970-01-01 | Balance: [91m0.00[0m | W/L Ratio: [95m0.00%[0m | Profit/Loss Ratio: [94m0.00[0m | Positions: 0/10 | Cash: [93m100.00[0m% | Trades: 0 | Candidates: 3
1970-01-01 | Balance: [91m0.00[0m | W/L Ratio: [95m0.00%[0m | Profit/Loss Ratio: [94m0.00[0m | Positions: 0/10 | Cash: [93m100.00[0m% | Trades: 0 | Candidates: 3
1970-01-01 | Balance: [91m0.00[0m | W/L Ratio: [95m0.00%[0m | Profit/Loss Ratio: [94m0.00[0m | Positions: 0/10 | Cash: [93m100.00[0m% | Trades: 0 | Candidates: 3
1970-01-01 | Balance: [91m0.00[0m | W/L Ratio: [95m0.00%[0m | Profit/Loss Ratio: [94m0.00[0m | Positions: 0/10 | Cash: [93m100.00[0m% | Trades: 0 | Candidates: 3
1970-01-01 | Balance: [91m0.00[0m | W/L Ratio: [95m0.00%[0m | Profit/Loss Ratio: [94m0.00[0m | Positions: 0/10 | Cash: [93m100.00[0m% | Trades: 0 | Candidates: 3
1970-01-01 | Balance: [91m0.00[0m | W/L Ratio: [95m0.00%[0m | Profit/Loss Ratio: [94m0.00[0m | Positions: 0/10 | Cash: [93m100.00[0m% | Trades: 0 | Candidates: 3
1970-01-01 | Balance: [91m0.00[0m | W/L Ratio: [95m0.00%[0m | Profit/Loss Ratio: [94m0.00[0m | Positions: 0/10 | Cash: [93m100.00[0m% | Trades: 0 | Candidates: 3
1970-01-01 | Balance: [91m0.00[0m | W/L Ratio: [95m0.00%[0m | Profit/Loss Ratio: [94m0.00[0m | Positions: 0/10 | Cash: [93m100.00[0m% | Trades: 0 | Candidates: 3
1970-01-01 | Balance: [91m0.00[0m | W/L Ratio: [95m0.00%[0m | Profit/Loss Ratio: [94m0.00[0m | Positions: 0/10 | Cash: [93m100.00[0m% | Trades: 0 | Candidates: 3
1970-01-01 | Balance: [91m0.00[0m | W/L Ratio: [95m0.00%[0m | Profit/Loss Ratio: [94m0.00[0m | Positions: 0/10 | Cash: [93m100.00[0m% | Trades: 0 | Candidates: 3
1970-01-01 | Balance: [91m0.00[0m | W/L Ratio: [95m0.00%[0m | Profit/Loss Ratio: [94m0.00[0m | Positions: 0/10 | Cash: [93m100.00[0m% | Trades: 0 | Candidates: 3
1970-01-01 | Balance: [91m0.00[0m | W/L Ratio: [95m0.00%[0m | Profit/Loss Ratio: [94m0.00[0m | Positions: 0/10 | Cash: [93m100.00[0m% | Trades: 0 | Candidates: 3
1970-01-01 | Balance: [91m0.00[0m | W/L Ratio: [95m0.00%[0m | Profit/Loss Ratio: [94m0.00[0m | Positions: 0/10 | Cash: [93m100.00[0m% | Trades: 0 | Candidates: 3
1970-01-01 | Balance: [91m0.00[0m | W/L Ratio: [95m0.00%[0m | Profit/Loss Ratio: [94m0.00[0m | Positions: 0/10 | Cash: [93m100.00[0m% | Trades: 0 | Candidates: 3
1970-01-01 | Balance: [91m0.00[0m | W/L Ratio: [95m0.00%[0m | Profit/Loss Ratio: [94m0.00[0m | Positions: 0/10 | Cash: [93m100.00[0m% | Trades: 0 | Candidates: 3
1970-01-01 | Balance: [91m0.00[0m | W/L Ratio: [95m0.00%[0m | Profit/Loss Ratio: [94m0.00[0m | Positions: 0/10 | Cash: [93m100.00[0m% | Trades: 0 | Candidates: 3
1970-01-01 | Balance: [91m0.00[0m | W/L Ratio: [95m0.00%[0m | Profit/Loss Ratio: [94m0.00[0m | Positions: 0/10 | Cash: [93m100.00[0m% | Trades: 0 | Candidates: 3
1970-01-01 | Balance: [91m0.00[0m | W/L Ratio: [95m0.00%[0m | Profit/Loss Ratio: [94m0.00[0m | Positions: 0/10 | Cash: [93m100.00[0m% | Trades: 0 | Candidates: 3
1970-01-01 | Balance: [91m0.00[0m | W/L Ratio: [95m0.00%[0m | Profit/Loss Ratio: [94m0.00[0m | Positions: 0/10 | Cash: [93m100.00[0m% | Trades: 0 | Candidates: 3
1970-01-01 | Balance: [91m0.00[0m | W/L Ratio: [95m0.00%[0m | Profit/Loss Ratio: [94m0.00[0m | Positions: 0/10 | Cash: [93m100.00[0m% | Trades: 0 | Candidates: 3
1970-01-01 | Balance: [91m0.00[0m | W/L Ratio: [95m0.00%[0m | Profit/Loss Ratio: [94m0.00[0m | Positions: 0/10 | Cash: [93m100.00[0m% | Trades: 0 | Candidates: 3
1970-01-01 | Balance: [91m0.00[0m | W/L Ratio: [95m0.00%[0m | Profit/Loss Ratio: [94m0.00[0m | Positions: 0/10 | Cash: [93m100.00[0m% | Trades: 0 | Candidates: 3
1970-01-01 | Balance: [91m0.00[0m | W/L Ratio: [95m0.00%[0m | Profit/Loss Ratio: [94m0.00[0m | Positions: 0/10 | Cash: [93m100.00[0m% | Trades: 0 | Candidates: 3
1970-01-01 | Balance: [91m0.00[0m | W/L Ratio: [95m0.00%[0m | Profit/Loss Ratio: [94m0.00[0m | Positions: 0/10 | Cash: [93m100.00[0m% | Trades: 0 | Candidates: 3
1970-01-01 | Balance: [91m0.00[0m | W/L Ratio: [95m0.00%[0m | Profit/Loss Ratio: [94m0.00[0m | Positions: 0/10 | Cash: [93m100.00[0m% | Trades: 0 | Candidates: 3
1970-01-01 | Balance: [91m0.00[0m | W/L Ratio: [95m0.00%[0m | Profit/Loss Ratio: [94m0.00[0m | Positions: 0/10 | Cash: [93m100.00[0m% | Trades: 0 | Candidates: 3
1970-01-01 | Balance: [91m0.00[0m | W/L Ratio: [95m0.00%[0m | Profit/Loss Ratio: [94m0.00[0m | Positions: 0/10 | Cash: [93m100.00[0m% | Trades: 0 | Candidates: 3
1970-01-01 | Balance: [91m0.00[0m | W/L Ratio: [95m0.00%[0m | Profit/Loss Ratio: [94m0.00[0m | Positions: 0/10 | Cash: [93m100.00[0m% | Trades: 0 | Candidates: 3
1970-01-01 | Balance: [91m0.00[0m | W/L Ratio: [95m0.00%[0m | Profit/Loss Ratio: [94m0.00[0m | Positions: 0/10 | Cash: [93m100.00[0m% | Trades: 0 | Candidates: 3
1970-01-01 | Balance: [91m0.00[0m | W/L Ratio: [95m0.00%[0m | Profit/Loss Ratio: [94m0.00[0m | Positions: 0/10 | Cash: [93m100.00[0m% | Trades: 0 | Candidates: 3
1970-01-01 | Balance: [91m0.00[0m | W/L Ratio: [95m0.00%[0m | Profit/Loss Ratio: [94m0.00[0m | Positions: 0/10 | Cash: [93m100.00[0m% | Trades: 0 | Candidates: 3
1970-01-01 | Balance: [91m0.00[0m | W/L Ratio: [95m0.00%[0m | Profit/Loss Ratio: [94m0.00[0m | Positions: 0/10 | Cash: [93m100.00[0m% | Trades: 0 | Candidates: 3
1970-01-01 | Balance: [91m0.00[0m | W/L Ratio: [95m0.00%[0m | Profit/Loss Ratio: [94m0.00[0m | Positions: 0/10 | Cash: [93m100.00[0m% | Trades: 0 | Candidates: 3
1970-01-01 | Balance: [91m0.00[0m | W/L Ratio: [95m0.00%[0m | Profit/Loss Ratio: [94m0.00[0m | Positions: 0/10 | Cash: [93m100.00[0m% | Trades: 0 | Candidates: 3
1970-01-01 | Balance: [91m0.00[0m | W/L Ratio: [95m0.00%[0m | Profit/Loss Ratio: [94m0.00[0m | Positions: 0/10 | Cash: [93m100.00[0m% | Trades: 0 | Candidates: 3
1970-01-01 | Balance: [91m0.00[0m | W/L Ratio: [95m0.00%[0m | Profit/Loss Ratio: [94m0.00[0m | Positions: 0/10 | Cash: [93m100.00[0m% | Trades: 0 | Candidates: 3
1970-01-01 | Balance: [91m0.00[0m | W/L Ratio: [95m0.00%[0m | Profit/Loss Ratio: [94m0.00[0m | Positions: 0/10 | Cash: [93m100.00[0m% | Trades: 0 | Candidates: 3
1970-01-01 | Balance: [91m0.00[0m | W/L Ratio: [95m0.00%[0m | Profit/Loss Ratio: [94m0.00[0m | Positions: 0/10 | Cash: [93m100.00[0m% | Trades: 0 | Candidates: 3
1970-01-01 | Balance: [91m0.00[0m | W/L Ratio: [95m0.00%[0m | Profit/Loss Ratio: [94m0.00[0m | Positions: 0/10 | Cash: [93m100.00[0m% | Trades: 0 | Candidates: 3
1970-01-01 | Balance: [91m0.00[0m | W/L Ratio: [95m0.00%[0m | Profit/Loss Ratio: [94m0.00[0m | Positions: 0/10 | Cash: [93m100.00[0m% | Trades: 0 | Candidates: 3
1970-01-01 | Balance: [91m0.00[0m | W/L Ratio: [95m0.00%[0m | Profit/Loss Ratio: [94m0.00[0m | Positions: 0/10 | Cash: [93m100.00[0m% | Trades: 0 | Candidates: 3
1970-01-01 | Balance: [91m0.00[0m | W/L Ratio: [95m0.00%[0m | Profit/Loss Ratio: [94m0.00[0m | Positions: 0/10 | Cash: [93m100.00[0m% | Trades: 0 | Candidates: 3
1970-01-01 | Balance: [91m0.00[0m | W/L Ratio: [95m0.00%[0m | Profit/Loss Ratio: [94m0.00[0m | Positions: 0/10 | Cash: [93m100.00[0m% | Trades: 0 | Candidates: 3
1970-01-01 | Balance: [91m0.00[0m | W/L Ratio: [95m0.00%[0m | Profit/Loss Ratio: [94m0.00[0m | Positions: 0/10 | Cash: [93m100.00[0m% | Trades: 0 | Candidates: 3
1970-01-01 | Balance: [91m0.00[0m | W/L Ratio: [95m0.00%[0m | Profit/Loss Ratio: [94m0.00[0m | Positions: 0/10 | Cash: [93m100.00[0m% | Trades: 0 | Candidates: 3
1970-01-01 | Balance: [91m0.00[0m | W/L Ratio: [95m0.00%[0m | Profit/Loss Ratio: [94m0.00[0m | Positions: 0/10 | Cash: [93m100.00[0m% | Trades: 0 | Candidates: 3
1970-01-01 | Balance: [91m0.00[0m | W/L Ratio: [95m0.00%[0m | Profit/Loss Ratio: [94m0.00[0m | Positions: 0/10 | Cash: [93m100.00[0m% | Trades: 0 | Candidates: 3
1970-01-01 | Balance: [91m0.00[0m | W/L Ratio: [95m0.00%[0m | Profit/Loss Ratio: [94m0.00[0m | Positions: 0/10 | Cash: [93m100.00[0m% | Trades: 0 | Candidates: 3
1970-01-01 | Balance: [91m0.00[0m | W/L Ratio: [95m0.00%[0m | Profit/Loss Ratio: [94m0.00[0m | Positions: 0/10 | Cash: [93m100.00[0m% | Trades: 0 | Candidates: 3
1970-01-01 | Balance: [91m0.00[0m | W/L Ratio: [95m0.00%[0m | Profit/Loss Ratio: [94m0.00[0m | Positions: 0/10 | Cash: [93m100.00[0m% | Trades: 0 | Candidates: 3
1970-01-01 | Balance: [91m0.00[0m | W/L Ratio: [95m0.00%[0m | Profit/Loss Ratio: [94m0.00[0m | Positions: 0/10 | Cash: [93m100.00[0m% | Trades: 0 | Candidates: 3
1970-01-01 | Balance: [91m0.00[0m | W/L Ratio: [95m0.00%[0m | Profit/Loss Ratio: [94m0.00[0m | Positions: 0/10 | Cash: [93m100.00[0m% | Trades: 0 | Candidates: 3
1970-01-01 | Balance: [91m0.00[0m | W/L Ratio: [95m0.00%[0m | Profit/Loss Ratio: [94m0.00[0m | Positions: 0/10 | Cash: [93m100.00[0m% | Trades: 0 | Candidates: 3
1970-01-01 | Balance: [91m0.00[0m | W/L Ratio: [95m0.00%[0m | Profit/Loss Ratio: [94m0.00[0m | Positions: 0/10 | Cash: [93m100.00[0m% | Trades: 0 | Candidates: 3
1970-01-01 | Balance: [91m0.00[0m | W/L Ratio: [95m0.00%[0m | Profit/Loss Ratio: [94m0.00[0m | Positions: 0/10 | Cash: [93m100.00[0m% | Trades: 0 | Candidates: 3
1970-01-01 | Balance: [91m0.00[0m | W/L Ratio: [95m0.00%[0m | Profit/Loss Ratio: [94m0.00[0m | Positions: 0/10 | Cash: [93m100.00[0m% | Trades: 0 | Candidates: 3
1970-01-01 | Balance: [91m0.00[0m | W/L Ratio: [95m0.00%[0m | Profit/Loss Ratio: [94m0.00[0m | Positions: 0/10 | Cash: [93m100.00[0m% | Trades: 0 | Candidates: 3
1970-01-01 | Balance: [91m0.00[0m | W/L Ratio: [95m0.00%[0m | Profit/Loss Ratio: [94m0.00[0m | Positions: 0/10 | Cash: [93m100.00[0m% | Trades: 0 | Candidates: 3
1970-01-01 | Balance: [91m0.00[0m | W/L Ratio: [95m0.00%[0m | Profit/Loss Ratio: [94m0.00[0m | Positions: 0/10 | Cash: [93m100.00[0m% | Trades: 0 | Candidates: 3
1970-01-01 | Balance: [91m0.00[0m | W/L Ratio: [95m0.00%[0m | Profit/Loss Ratio: [94m0.00[0m | Positions: 0/10 | Cash: [93m100.00[0m% | Trades: 0 | Candidates: 3
1970-01-01 | Balance: [91m0.00[0m | W/L Ratio: [95m0.00%[0m | Profit/Loss Ratio: [94m0.00[0m | Positions: 0/10 | Cash: [93m100.00[0m% | Trades: 0 | Candidates: 3
1970-01-01 | Balance: [91m0.00[0m | W/L Ratio: [95m0.00%[0m | Profit/Loss Ratio: [94m0.00[0m | Positions: 0/10 | Cash: [93m100.00[0m% | Trades: 0 | Candidates: 3
1970-01-01 | Balance: [91m0.00[0m | W/L Ratio: [95m0.00%[0m | Profit/Loss Ratio: [94m0.00[0m | Positions: 0/10 | Cash: [93m100.00[0m% | Trades: 0 | Candidates: 3
1970-01-01 | Balance: [91m0.00[0m | W/L Ratio: [95m0.00%[0m | Profit/Loss Ratio: [94m0.00[0m | Positions: 0/10 | Cash: [93m100.00[0m% | Trades: 0 | Candidates: 3
1970-01-01 | Balance: [91m0.00[0m | W/L Ratio: [95m0.00%[0m | Profit/Loss Ratio: [94m0.00[0m | Positions: 0/10 | Cash: [93m100.00[0m% | Trades: 0 | Candidates: 3
1970-01-01 | Balance: [91m0.00[0m | W/L Ratio: [95m0.00%[0m | Profit/Loss Ratio: [94m0.00[0m | Positions: 0/10 | Cash: [93m100.00[0m% | Trades: 0 | Candidates: 3
1970-01-01 | Balance: [91m0.00[0m | W/L Ratio: [95m0.00%[0m | Profit/Loss Ratio: [94m0.00[0m | Positions: 0/10 | Cash: [93m100.00[0m% | Trades: 0 | Candidates: 3
1970-01-01 | Balance: [91m0.00[0m | W/L Ratio: [95m0.00%[0m | Profit/Loss Ratio: [94m0.00[0m | Positions: 0/10 | Cash: [93m100.00[0m% | Trades: 0 | Candidates: 3
1970-01-01 | Balance: [91m0.00[0m | W/L Ratio: [95m0.00%[0m | Profit/Loss Ratio: [94m0.00[0m | Positions: 0/10 | Cash: [93m100.00[0m% | Trades: 0 | Candidates: 3
1970-01-01 | Balance: [91m0.00[0m | W/L Ratio: [95m0.00%[0m | Profit/Loss Ratio: [94m0.00[0m | Positions: 0/10 | Cash: [93m100.00[0m% | Trades: 0 | Candidates: 3
1970-01-01 | Balance: [91m0.00[0m | W/L Ratio: [95m0.00%[0m | Profit/Loss Ratio: [94m0.00[0m | Positions: 0/10 | Cash: [93m100.00[0m% | Trades: 0 | Candidates: 3
1970-01-01 | Balance: [91m0.00[0m | W/L Ratio: [95m0.00%[0m | Profit/Loss Ratio: [94m0.00[0m | Positions: 0/10 | Cash: [93m100.00[0m% | Trades: 0 | Candidates: 3
1970-01-01 | Balance: [91m0.00[0m | W/L Ratio: [95m0.00%[0m | Profit/Loss Ratio: [94m0.00[0m | Positions: 0/10 | Cash: [93m100.00[0m% | Trades: 0 | Candidates: 3
1970-01-01 | Balance: [91m0.00[0m | W/L Ratio: [95m0.00%[0m | Profit/Loss Ratio: [94m0.00[0m | Positions: 0/10 | Cash: [93m100.00[0m% | Trades: 0 | Candidates: 3
1970-01-01 | Balance: [91m0.00[0m | W/L Ratio: [95m0.00%[0m | Profit/Loss Ratio: [94m0.00[0m | Positions: 0/10 | Cash: [93m100.00[0m% | Trades: 0 | Candidates: 3
1970-01-01 | Balance: [91m0.00[0m | W/L Ratio: [95m0.00%[0m | Profit/Loss Ratio: [94m0.00[0m | Positions: 0/10 | Cash: [93m100.00[0m% | Trades: 0 | Candidates: 3
1970-01-01 | Balance: [91m0.00[0m | W/L Ratio: [95m0.00%[0m | Profit/Loss Ratio: [94m0.00[0m | Positions: 0/10 | Cash: [93m100.00[0m% | Trades: 0 | Candidates: 3
1970-01-01 | Balance: [91m0.00[0m | W/L Ratio: [95m0.00%[0m | Profit/Loss Ratio: [94m0.00[0m | Positions: 0/10 | Cash: [93m100.00[0m% | Trades: 0 | Candidates: 3
1970-01-01 | Balance: [91m0.00[0m | W/L Ratio: [95m0.00%[0m | Profit/Loss Ratio: [94m0.00[0m | Positions: 0/10 | Cash: [93m100.00[0m% | Trades: 0 | Candidates: 3
1970-01-01 | Balance: [91m0.00[0m | W/L Ratio: [95m0.00%[0m | Profit/Loss Ratio: [94m0.00[0m | Positions: 0/10 | Cash: [93m100.00[0m% | Trades: 0 | Candidates: 3
1970-01-01 | Balance: [91m0.00[0m | W/L Ratio: [95m0.00%[0m | Profit/Loss Ratio: [94m0.00[0m | Positions: 0/10 | Cash: [93m100.00[0m% | Trades: 0 | Candidates: 3
1970-01-01 | Balance: [91m0.00[0m | W/L Ratio: [95m0.00%[0m | Profit/Loss Ratio: [94m0.00[0m | Positions: 0/10 | Cash: [93m100.00[0m% | Trades: 0 | Candidates: 3
1970-01-01 | Balance: [91m0.00[0m | W/L Ratio: [95m0.00%[0m | Profit/Loss Ratio: [94m0.00[0m | Positions: 0/10 | Cash: [93m100.00[0m% | Trades: 0 | Candidates: 3
1970-01-01 | Balance: [91m0.00[0m | W/L Ratio: [95m0.00%[0m | Profit/Loss Ratio: [94m0.00[0m | Positions: 0/10 | Cash: [93m100.00[0m% | Trades: 0 | Candidates: 3
1970-01-01 | Balance: [91m0.00[0m | W/L Ratio: [95m0.00%[0m | Profit/Loss Ratio: [94m0.00[0m | Positions: 0/10 | Cash: [93m100.00[0m% | Trades: 0 | Candidates: 3
1970-01-01 | Balance: [91m0.00[0m | W/L Ratio: [95m0.00%[0m | Profit/Loss Ratio: [94m0.00[0m | Positions: 0/10 | Cash: [93m100.00[0m% | Trades: 0 | Candidates: 3
1970-01-01 | Balance: [91m0.00[0m | W/L Ratio: [95m0.00%[0m | Profit/Loss Ratio: [94m0.00[0m | Positions: 0/10 | Cash: [93m100.00[0m% | Trades: 0 | Candidates: 3
1970-01-01 | Balance: [91m0.00[0m | W/L Ratio: [95m0.00%[0m | Profit/Loss Ratio: [94m0.00[0m | Positions: 0/10 | Cash: [93m100.00[0m% | Trades: 0 | Candidates: 3
1970-01-01 | Balance: [91m0.00[0m | W/L Ratio: [95m0.00%[0m | Profit/Loss Ratio: [94m0.00[0m | Positions: 0/10 | Cash: [93m100.00[0m% | Trades: 0 | Candidates: 3
1970-01-01 | Balance: [91m0.00[0m | W/L Ratio: [95m0.00%[0m | Profit/Loss Ratio: [94m0.00[0m | Positions: 0/10 | Cash: [93m100.00[0m% | Trades: 0 | Candidates: 3
1970-01-01 | Balance: [91m0.00[0m | W/L Ratio: [95m0.00%[0m | Profit/Loss Ratio: [94m0.00[0m | Positions: 0/10 | Cash: [93m100.00[0m% | Trades: 0 | Candidates: 3
1970-01-01 | Balance: [91m0.00[0m | W/L Ratio: [95m0.00%[0m | Profit/Loss Ratio: [94m0.00[0m | Positions: 0/10 | Cash: [93m100.00[0m% | Trades: 0 | Candidates: 3
1970-01-01 | Balance: [91m0.00[0m | W/L Ratio: [95m0.00%[0m | Profit/Loss Ratio: [94m0.00[0m | Positions: 0/10 | Cash: [93m100.00[0m% | Trades: 0 | Candidates: 3
1970-01-01 | Balance: [91m0.00[0m | W/L Ratio: [95m0.00%[0m | Profit/Loss Ratio: [94m0.00[0m | Positions: 0/10 | Cash: [93m100.00[0m% | Trades: 0 | Candidates: 3
1970-01-01 | Balance: [91m0.00[0m | W/L Ratio: [95m0.00%[0m | Profit/Loss Ratio: [94m0.00[0m | Positions: 0/10 | Cash: [93m100.00[0m% | Trades: 0 | Candidates: 3
1970-01-01 | Balance: [91m0.00[0m | W/L Ratio: [95m0.00%[0m | Profit/Loss Ratio: [94m0.00[0m | Positions: 0/10 | Cash: [93m100.00[0m% | Trades: 0 | Candidates: 3
1970-01-01 | Balance: [91m0.00[0m | W/L Ratio: [95m0.00%[0m | Profit/Loss Ratio: [94m0.00[0m | Positions: 0/10 | Cash: [93m100.00[0m% | Trades: 0 | Candidates: 3
1970-01-01 | Balance: [91m0.00[0m | W/L Ratio: [95m0.00%[0m | Profit/Loss Ratio: [94m0.00[0m | Positions: 0/10 | Cash: [93m100.00[0m% | Trades: 0 | Candidates: 3
1970-01-01 | Balance: [91m0.00[0m | W/L Ratio: [95m0.00%[0m | Profit/Loss Ratio: [94m0.00[0m | Positions: 0/10 | Cash: [93m100.00[0m% | Trades: 0 | Candidates: 3
1970-01-01 | Balance: [91m0.00[0m | W/L Ratio: [95m0.00%[0m | Profit/Loss Ratio: [94m0.00[0m | Positions: 0/10 | Cash: [93m100.00[0m% | Trades: 0 | Candidates: 3
1970-01-01 | Balance: [91m0.00[0m | W/L Ratio: [95m0.00%[0m | Profit/Loss Ratio: [94m0.00[0m | Positions: 0/10 | Cash: [93m100.00[0m% | Trades: 0 | Candidates: 3
1970-01-01 | Balance: [91m0.00[0m | W/L Ratio: [95m0.00%[0m | Profit/Loss Ratio: [94m0.00[0m | Positions: 0/10 | Cash: [93m100.00[0m% | Trades: 0 | Candidates: 3
1970-01-01 | Balance: [91m0.00[0m | W/L Ratio: [95m0.00%[0m | Profit/Loss Ratio: [94m0.00[0m | Positions: 0/10 | Cash: [93m100.00[0m% | Trades: 0 | Candidates: 3
1970-01-01 | Balance: [91m0.00[0m | W/L Ratio: [95m0.00%[0m | Profit/Loss Ratio: [94m0.00[0m | Positions: 0/10 | Cash: [93m100.00[0m% | Trades: 0 | Candidates: 3
1970-01-01 | Balance: [91m0.00[0m | W/L Ratio: [95m0.00%[0m | Profit/Loss Ratio: [94m0.00[0m | Positions: 0/10 | Cash: [93m100.00[0m% | Trades: 0 | Candidates: 3
1970-01-01 | Balance: [91m0.00[0m | W/L Ratio: [95m0.00%[0m | Profit/Loss Ratio: [94m0.00[0m | Positions: 0/10 | Cash: [93m100.00[0m% | Trades: 0 | Candidates: 3
1970-01-01 | Balance: [91m0.00[0m | W/L Ratio: [95m0.00%[0m | Profit/Loss Ratio: [94m0.00[0m | Positions: 0/10 | Cash: [93m100.00[0m% | Trades: 0 | Candidates: 3
1970-01-01 | Balance: [91m0.00[0m | W/L Ratio: [95m0.00%[0m | Profit/Loss Ratio: [94m0.00[0m | Positions: 0/10 | Cash: [93m100.00[0m% | Trades: 0 | Candidates: 3
1970-01-01 | Balance: [91m0.00[0m | W/L Ratio: [95m0.00%[0m | Profit/Loss Ratio: [94m0.00[0m | Positions: 0/10 | Cash: [93m100.00[0m% | Trades: 0 | Candidates: 3
1970-01-01 | Balance: [91m0.00[0m | W/L Ratio: [95m0.00%[0m | Profit/Loss Ratio: [94m0.00[0m | Positions: 0/10 | Cash: [93m100.00[0m% | Trades: 0 | Candidates: 3
1970-01-01 | Balance: [91m0.00[0m | W/L Ratio: [95m0.00%[0m | Profit/Loss Ratio: [94m0.00[0m | Positions: 0/10 | Cash: [93m100.00[0m% | Trades: 0 | Candidates: 3
1970-01-01 | Balance: [91m0.00[0m | W/L Ratio: [95m0.00%[0m | Profit/Loss Ratio: [94m0.00[0m | Positions: 0/10 | Cash: [93m100.00[0m% | Trades: 0 | Candidates: 3
1970-01-01 | Balance: [91m0.00[0m | W/L Ratio: [95m0.00%[0m | Profit/Loss Ratio: [94m0.00[0m | Positions: 0/10 | Cash: [93m100.00[0m% | Trades: 0 | Candidates: 3
1970-01-01 | Balance: [91m0.00[0m | W/L Ratio: [95m0.00%[0m | Profit/Loss Ratio: [94m0.00[0m | Positions: 0/10 | Cash: [93m100.00[0m% | Trades: 0 | Candidates: 3
1970-01-01 | Balance: [91m0.00[0m | W/L Ratio: [95m0.00%[0m | Profit/Loss Ratio: [94m0.00[0m | Positions: 0/10 | Cash: [93m100.00[0m% | Trades: 0 | Candidates: 3
1970-01-01 | Balance: [91m0.00[0m | W/L Ratio: [95m0.00%[0m | Profit/Loss Ratio: [94m0.00[0m | Positions: 0/10 | Cash: [93m100.00[0m% | Trades: 0 | Candidates: 3
1970-01-01 | Balance: [91m0.00[0m | W/L Ratio: [95m0.00%[0m | Profit/Loss Ratio: [94m0.00[0m | Positions: 0/10 | Cash: [93m100.00[0m% | Trades: 0 | Candidates: 3
1970-01-01 | Balance: [91m0.00[0m | W/L Ratio: [95m0.00%[0m | Profit/Loss Ratio: [94m0.00[0m | Positions: 0/10 | Cash: [93m100.00[0m% | Trades: 0 | Candidates: 3
1970-01-01 | Balance: [91m0.00[0m | W/L Ratio: [95m0.00%[0m | Profit/Loss Ratio: [94m0.00[0m | Positions: 0/10 | Cash: [93m100.00[0m% | Trades: 0 | Candidates: 3
1970-01-01 | Balance: [91m0.00[0m | W/L Ratio: [95m0.00%[0m | Profit/Loss Ratio: [94m0.00[0m | Positions: 0/10 | Cash: [93m100.00[0m% | Trades: 0 | Candidates: 3
1970-01-01 | Balance: [91m0.00[0m | W/L Ratio: [95m0.00%[0m | Profit/Loss Ratio: [94m0.00[0m | Positions: 0/10 | Cash: [93m100.00[0m% | Trades: 0 | Candidates: 3
1970-01-01 | Balance: [91m0.00[0m | W/L Ratio: [95m0.00%[0m | Profit/Loss Ratio: [94m0.00[0m | Positions: 0/10 | Cash: [93m100.00[0m% | Trades: 0 | Candidates: 3
1970-01-01 | Balance: [91m0.00[0m | W/L Ratio: [95m0.00%[0m | Profit/Loss Ratio: [94m0.00[0m | Positions: 0/10 | Cash: [93m100.00[0m% | Trades: 0 | Candidates: 3
1970-01-01 | Balance: [91m0.00[0m | W/L Ratio: [95m0.00%[0m | Profit/Loss Ratio: [94m0.00[0m | Positions: 0/10 | Cash: [93m100.00[0m% | Trades: 0 | Candidates: 3
1970-01-01 | Balance: [91m0.00[0m | W/L Ratio: [95m0.00%[0m | Profit/Loss Ratio: [94m0.00[0m | Positions: 0/10 | Cash: [93m100.00[0m% | Trades: 0 | Candidates: 3
1970-01-01 | Balance: [91m0.00[0m | W/L Ratio: [95m0.00%[0m | Profit/Loss Ratio: [94m0.00[0m | Positions: 0/10 | Cash: [93m100.00[0m% | Trades: 0 | Candidates: 3
1970-01-01 | Balance: [91m0.00[0m | W/L Ratio: [95m0.00%[0m | Profit/Loss Ratio: [94m0.00[0m | Positions: 0/10 | Cash: [93m100.00[0m% | Trades: 0 | Candidates: 3
1970-01-01 | Balance: [91m0.00[0m | W/L Ratio: [95m0.00%[0m | Profit/Loss Ratio: [94m0.00[0m | Positions: 0/10 | Cash: [93m100.00[0m% | Trades: 0 | Candidates: 3
1970-01-01 | Balance: [91m0.00[0m | W/L Ratio: [95m0.00%[0m | Profit/Loss Ratio: [94m0.00[0m | Positions: 0/10 | Cash: [93m100.00[0m% | Trades: 0 | Candidates: 3
1970-01-01 | Balance: [91m0.00[0m | W/L Ratio: [95m0.00%[0m | Profit/Loss Ratio: [94m0.00[0m | Positions: 0/10 | Cash: [93m100.00[0m% | Trades: 0 | Candidates: 3
1970-01-01 | Balance: [91m0.00[0m | W/L Ratio: [95m0.00%[0m | Profit/Loss Ratio: [94m0.00[0m | Positions: 0/10 | Cash: [93m100.00[0m% | Trades: 0 | Candidates: 3
1970-01-01 | Balance: [91m0.00[0m | W/L Ratio: [95m0.00%[0m | Profit/Loss Ratio: [94m0.00[0m | Positions: 0/10 | Cash: [93m100.00[0m% | Trades: 0 | Candidates: 3
1970-01-01 | Balance: [91m0.00[0m | W/L Ratio: [95m0.00%[0m | Profit/Loss Ratio: [94m0.00[0m | Positions: 0/10 | Cash: [93m100.00[0m% | Trades: 0 | Candidates: 3
1970-01-01 | Balance: [91m0.00[0m | W/L Ratio: [95m0.00%[0m | Profit/Loss Ratio: [94m0.00[0m | Positions: 0/10 | Cash: [93m100.00[0m% | Trades: 0 | Candidates: 3
1970-01-01 | Balance: [91m0.00[0m | W/L Ratio: [95m0.00%[0m | Profit/Loss Ratio: [94m0.00[0m | Positions: 0/10 | Cash: [93m100.00[0m% | Trades: 0 | Candidates: 3
1970-01-01 | Balance: [91m0.00[0m | W/L Ratio: [95m0.00%[0m | Profit/Loss Ratio: [94m0.00[0m | Positions: 0/10 | Cash: [93m100.00[0m% | Trades: 0 | Candidates: 3
1970-01-01 | Balance: [91m0.00[0m | W/L Ratio: [95m0.00%[0m | Profit/Loss Ratio: [94m0.00[0m | Positions: 0/10 | Cash: [93m100.00[0m% | Trades: 0 | Candidates: 3
1970-01-01 | Balance: [91m0.00[0m | W/L Ratio: [95m0.00%[0m | Profit/Loss Ratio: [94m0.00[0m | Positions: 0/10 | Cash: [93m100.00[0m% | Trades: 0 | Candidates: 3
1970-01-01 | Balance: [91m0.00[0m | W/L Ratio: [95m0.00%[0m | Profit/Loss Ratio: [94m0.00[0m | Positions: 0/10 | Cash: [93m100.00[0m% | Trades: 0 | Candidates: 3
1970-01-01 | Balance: [91m0.00[0m | W/L Ratio: [95m0.00%[0m | Profit/Loss Ratio: [94m0.00[0m | Positions: 0/10 | Cash: [93m100.00[0m% | Trades: 0 | Candidates: 3
1970-01-01 | Balance: [91m0.00[0m | W/L Ratio: [95m0.00%[0m | Profit/Loss Ratio: [94m0.00[0m | Positions: 0/10 | Cash: [93m100.00[0m% | Trades: 0 | Candidates: 3
1970-01-01 | Balance: [91m0.00[0m | W/L Ratio: [95m0.00%[0m | Profit/Loss Ratio: [94m0.00[0m | Positions: 0/10 | Cash: [93m100.00[0m% | Trades: 0 | Candidates: 3
1970-01-01 | Balance: [91m0.00[0m | W/L Ratio: [95m0.00%[0m | Profit/Loss Ratio: [94m0.00[0m | Positions: 0/10 | Cash: [93m100.00[0m% | Trades: 0 | Candidates: 3
1970-01-01 | Balance: [91m0.00[0m | W/L Ratio: [95m0.00%[0m | Profit/Loss Ratio: [94m0.00[0m | Positions: 0/10 | Cash: [93m100.00[0m% | Trades: 0 | Candidates: 3
1970-01-01 | Balance: [91m0.00[0m | W/L Ratio: [95m0.00%[0m | Profit/Loss Ratio: [94m0.00[0m | Positions: 0/10 | Cash: [93m100.00[0m% | Trades: 0 | Candidates: 3
1970-01-01 | Balance: [91m0.00[0m | W/L Ratio: [95m0.00%[0m | Profit/Loss Ratio: [94m0.00[0m | Positions: 0/10 | Cash: [93m100.00[0m% | Trades: 0 | Candidates: 3
1970-01-01 | Balance: [91m0.00[0m | W/L Ratio: [95m0.00%[0m | Profit/Loss Ratio: [94m0.00[0m | Positions: 0/10 | Cash: [93m100.00[0m% | Trades: 0 | Candidates: 3
1970-01-01 | Balance: [91m0.00[0m | W/L Ratio: [95m0.00%[0m | Profit/Loss Ratio: [94m0.00[0m | Positions: 0/10 | Cash: [93m100.00[0m% | Trades: 0 | Candidates: 3
1970-01-01 | Balance: [91m0.00[0m | W/L Ratio: [95m0.00%[0m | Profit/Loss Ratio: [94m0.00[0m | Positions: 0/10 | Cash: [93m100.00[0m% | Trades: 0 | Candidates: 3
1970-01-01 | Balance: [91m0.00[0m | W/L Ratio: [95m0.00%[0m | Profit/Loss Ratio: [94m0.00[0m | Positions: 0/10 | Cash: [93m100.00[0m% | Trades: 0 | Candidates: 3
1970-01-01 | Balance: [91m0.00[0m | W/L Ratio: [95m0.00%[0m | Profit/Loss Ratio: [94m0.00[0m | Positions: 0/10 | Cash: [93m100.00[0m% | Trades: 0 | Candidates: 3
1970-01-01 | Balance: [91m0.00[0m | W/L Ratio: [95m0.00%[0m | Profit/Loss Ratio: [94m0.00[0m | Positions: 0/10 | Cash: [93m100.00[0m% | Trades: 0 | Candidates: 3
1970-01-01 | Balance: [91m0.00[0m | W/L Ratio: [95m0.00%[0m | Profit/Loss Ratio: [94m0.00[0m | Positions: 0/10 | Cash: [93m100.00[0m% | Trades: 0 | Candidates: 3
1970-01-01 | Balance: [91m0.00[0m | W/L Ratio: [95m0.00%[0m | Profit/Loss Ratio: [94m0.00[0m | Positions: 0/10 | Cash: [93m100.00[0m% | Trades: 0 | Candidates: 3
1970-01-01 | Balance: [91m0.00[0m | W/L Ratio: [95m0.00%[0m | Profit/Loss Ratio: [94m0.00[0m | Positions: 0/10 | Cash: [93m100.00[0m% | Trades: 0 | Candidates: 3
1970-01-01 | Balance: [91m0.00[0m | W/L Ratio: [95m0.00%[0m | Profit/Loss Ratio: [94m0.00[0m | Positions: 0/10 | Cash: [93m100.00[0m% | Trades: 0 | Candidates: 3
1970-01-01 | Balance: [91m0.00[0m | W/L Ratio: [95m0.00%[0m | Profit/Loss Ratio: [94m0.00[0m | Positions: 0/10 | Cash: [93m100.00[0m% | Trades: 0 | Candidates: 3
1970-01-01 | Balance: [91m0.00[0m | W/L Ratio: [95m0.00%[0m | Profit/Loss Ratio: [94m0.00[0m | Positions: 0/10 | Cash: [93m100.00[0m% | Trades: 0 | Candidates: 3
1970-01-01 | Balance: [91m0.00[0m | W/L Ratio: [95m0.00%[0m | Profit/Loss Ratio: [94m0.00[0m | Positions: 0/10 | Cash: [93m100.00[0m% | Trades: 0 | Candidates: 3
1970-01-01 | Balance: [91m0.00[0m | W/L Ratio: [95m0.00%[0m | Profit/Loss Ratio: [94m0.00[0m | Positions: 0/10 | Cash: [93m100.00[0m% | Trades: 0 | Candidates: 3
1970-01-01 | Balance: [91m0.00[0m | W/L Ratio: [95m0.00%[0m | Profit/Loss Ratio: [94m0.00[0m | Positions: 0/10 | Cash: [93m100.00[0m% | Trades: 0 | Candidates: 3
1970-01-01 | Balance: [91m0.00[0m | W/L Ratio: [95m0.00%[0m | Profit/Loss Ratio: [94m0.00[0m | Positions: 0/10 | Cash: [93m100.00[0m% | Trades: 0 | Candidates: 3
1970-01-01 | Balance: [91m0.00[0m | W/L Ratio: [95m0.00%[0m | Profit/Loss Ratio: [94m0.00[0m | Positions: 0/10 | Cash: [93m100.00[0m% | Trades: 0 | Candidates: 3
1970-01-01 | Balance: [91m0.00[0m | W/L Ratio: [95m0.00%[0m | Profit/Loss Ratio: [94m0.00[0m | Positions: 0/10 | Cash: [93m100.00[0m% | Trades: 0 | Candidates: 3
1970-01-01 | Balance: [91m0.00[0m | W/L Ratio: [95m0.00%[0m | Profit/Loss Ratio: [94m0.00[0m | Positions: 0/10 | Cash: [93m100.00[0m% | Trades: 0 | Candidates: 3
1970-01-01 | Balance: [91m0.00[0m | W/L Ratio: [95m0.00%[0m | Profit/Loss Ratio: [94m0.00[0m | Positions: 0/10 | Cash: [93m100.00[0m% | Trades: 0 | Candidates: 3
1970-01-01 | Balance: [91m0.00[0m | W/L Ratio: [95m0.00%[0m | Profit/Loss Ratio: [94m0.00[0m | Positions: 0/10 | Cash: [93m100.00[0m% | Trades: 0 | Candidates: 3
1970-01-01 | Balance: [91m0.00[0m | W/L Ratio: [95m0.00%[0m | Profit/Loss Ratio: [94m0.00[0m | Positions: 0/10 | Cash: [93m100.00[0m% | Trades: 0 | Candidates: 3
1970-01-01 | Balance: [91m0.00[0m | W/L Ratio: [95m0.00%[0m | Profit/Loss Ratio: [94m0.00[0m | Positions: 0/10 | Cash: [93m100.00[0m% | Trades: 0 | Candidates: 3
1970-01-01 | Balance: [91m0.00[0m | W/L Ratio: [95m0.00%[0m | Profit/Loss Ratio: [94m0.00[0m | Positions: 0/10 | Cash: [93m100.00[0m% | Trades: 0 | Candidates: 3
1970-01-01 | Balance: [91m0.00[0m | W/L Ratio: [95m0.00%[0m | Profit/Loss Ratio: [94m0.00[0m | Positions: 0/10 | Cash: [93m100.00[0m% | Trades: 0 | Candidates: 3
1970-01-01 | Balance: [91m0.00[0m | W/L Ratio: [95m0.00%[0m | Profit/Loss Ratio: [94m0.00[0m | Positions: 0/10 | Cash: [93m100.00[0m% | Trades: 0 | Candidates: 3
1970-01-01 | Balance: [91m0.00[0m | W/L Ratio: [95m0.00%[0m | Profit/Loss Ratio: [94m0.00[0m | Positions: 0/10 | Cash: [93m100.00[0m% | Trades: 0 | Candidates: 3
1970-01-01 | Balance: [91m0.00[0m | W/L Ratio: [95m0.00%[0m | Profit/Loss Ratio: [94m0.00[0m | Positions: 0/10 | Cash: [93m100.00[0m% | Trades: 0 | Candidates: 3
1970-01-01 | Balance: [91m0.00[0m | W/L Ratio: [95m0.00%[0m | Profit/Loss Ratio: [94m0.00[0m | Positions: 0/10 | Cash: [93m100.00[0m% | Trades: 0 | Candidates: 3
1970-01-01 | Balance: [91m0.00[0m | W/L Ratio: [95m0.00%[0m | Profit/Loss Ratio: [94m0.00[0m | Positions: 0/10 | Cash: [93m100.00[0m% | Trades: 0 | Candidates: 3
1970-01-01 | Balance: [91m0.00[0m | W/L Ratio: [95m0.00%[0m | Profit/Loss Ratio: [94m0.00[0m | Positions: 0/10 | Cash: [93m100.00[0m% | Trades: 0 | Candidates: 3
1970-01-01 | Balance: [91m0.00[0m | W/L Ratio: [95m0.00%[0m | Profit/Loss Ratio: [94m0.00[0m | Positions: 0/10 | Cash: [93m100.00[0m% | Trades: 0 | Candidates: 3
1970-01-01 | Balance: [91m0.00[0m | W/L Ratio: [95m0.00%[0m | Profit/Loss Ratio: [94m0.00[0m | Positions: 0/10 | Cash: [93m100.00[0m% | Trades: 0 | Candidates: 3
1970-01-01 | Balance: [91m0.00[0m | W/L Ratio: [95m0.00%[0m | Profit/Loss Ratio: [94m0.00[0m | Positions: 0/10 | Cash: [93m100.00[0m% | Trades: 0 | Candidates: 3
1970-01-01 | Balance: [91m0.00[0m | W/L Ratio: [95m0.00%[0m | Profit/Loss Ratio: [94m0.00[0m | Positions: 0/10 | Cash: [93m100.00[0m% | Trades: 0 | Candidates: 3
1970-01-01 | Balance: [91m0.00[0m | W/L Ratio: [95m0.00%[0m | Profit/Loss Ratio: [94m0.00[0m | Positions: 0/10 | Cash: [93m100.00[0m% | Trades: 0 | Candidates: 3
1970-01-01 | Balance: [91m0.00[0m | W/L Ratio: [95m0.00%[0m | Profit/Loss Ratio: [94m0.00[0m | Positions: 0/10 | Cash: [93m100.00[0m% | Trades: 0 | Candidates: 3
1970-01-01 | Balance: [91m0.00[0m | W/L Ratio: [95m0.00%[0m | Profit/Loss Ratio: [94m0.00[0m | Positions: 0/10 | Cash: [93m100.00[0m% | Trades: 0 | Candidates: 3
1970-01-01 | Balance: [91m0.00[0m | W/L Ratio: [95m0.00%[0m | Profit/Loss Ratio: [94m0.00[0m | Positions: 0/10 | Cash: [93m100.00[0m% | Trades: 0 | Candidates: 3
1970-01-01 | Balance: [91m0.00[0m | W/L Ratio: [95m0.00%[0m | Profit/Loss Ratio: [94m0.00[0m | Positions: 0/10 | Cash: [93m100.00[0m% | Trades: 0 | Candidates: 3
1970-01-01 | Balance: [91m0.00[0m | W/L Ratio: [95m0.00%[0m | Profit/Loss Ratio: [94m0.00[0m | Positions: 0/10 | Cash: [93m100.00[0m% | Trades: 0 | Candidates: 3
1970-01-01 | Balance: [91m0.00[0m | W/L Ratio: [95m0.00%[0m | Profit/Loss Ratio: [94m0.00[0m | Positions: 0/10 | Cash: [93m100.00[0m% | Trades: 0 | Candidates: 3
1970-01-01 | Balance: [91m0.00[0m | W/L Ratio: [95m0.00%[0m | Profit/Loss Ratio: [94m0.00[0m | Positions: 0/10 | Cash: [93m100.00[0m% | Trades: 0 | Candidates: 3
1970-01-01 | Balance: [91m0.00[0m | W/L Ratio: [95m0.00%[0m | Profit/Loss Ratio: [94m0.00[0m | Positions: 0/10 | Cash: [93m100.00[0m% | Trades: 0 | Candidates: 3
1970-01-01 | Balance: [91m0.00[0m | W/L Ratio: [95m0.00%[0m | Profit/Loss Ratio: [94m0.00[0m | Positions: 0/10 | Cash: [93m100.00[0m% | Trades: 0 | Candidates: 3
1970-01-01 | Balance: [91m0.00[0m | W/L Ratio: [95m0.00%[0m | Profit/Loss Ratio: [94m0.00[0m | Positions: 0/10 | Cash: [93m100.00[0m% | Trades: 0 | Candidates: 3
1970-01-01 | Balance: [91m0.00[0m | W/L Ratio: [95m0.00%[0m | Profit/Loss Ratio: [94m0.00[0m | Positions: 0/10 | Cash: [93m100.00[0m% | Trades: 0 | Candidates: 3
1970-01-01 | Balance: [91m0.00[0m | W/L Ratio: [95m0.00%[0m | Profit/Loss Ratio: [94m0.00[0m | Positions: 0/10 | Cash: [93m100.00[0m% | Trades: 0 | Candidates: 3
1970-01-01 | Balance: [91m0.00[0m | W/L Ratio: [95m0.00%[0m | Profit/Loss Ratio: [94m0.00[0m | Positions: 0/10 | Cash: [93m100.00[0m% | Trades: 0 | Candidates: 3
1970-01-01 | Balance: [91m0.00[0m | W/L Ratio: [95m0.00%[0m | Profit/Loss Ratio: [94m0.00[0m | Positions: 0/10 | Cash: [93m100.00[0m% | Trades: 0 | Candidates: 3
1970-01-01 | Balance: [91m0.00[0m | W/L Ratio: [95m0.00%[0m | Profit/Loss Ratio: [94m0.00[0m | Positions: 0/10 | Cash: [93m100.00[0m% | Trades: 0 | Candidates: 3
1970-01-01 | Balance: [91m0.00[0m | W/L Ratio: [95m0.00%[0m | Profit/Loss Ratio: [94m0.00[0m | Positions: 0/10 | Cash: [93m100.00[0m% | Trades: 0 | Candidates: 3
1970-01-01 | Balance: [91m0.00[0m | W/L Ratio: [95m0.00%[0m | Profit/Loss Ratio: [94m0.00[0m | Positions: 0/10 | Cash: [93m100.00[0m% | Trades: 0 | Candidates: 3
1970-01-01 | Balance: [91m0.00[0m | W/L Ratio: [95m0.00%[0m | Profit/Loss Ratio: [94m0.00[0m | Positions: 0/10 | Cash: [93m100.00[0m% | Trades: 0 | Candidates: 3
1970-01-01 | Balance: [91m0.00[0m | W/L Ratio: [95m0.00%[0m | Profit/Loss Ratio: [94m0.00[0m | Positions: 0/10 | Cash: [93m100.00[0m% | Trades: 0 | Candidates: 3
1970-01-01 | Balance: [91m0.00[0m | W/L Ratio: [95m0.00%[0m | Profit/Loss Ratio: [94m0.00[0m | Positions: 0/10 | Cash: [93m100.00[0m% | Trades: 0 | Candidates: 3
1970-01-01 | Balance: [91m0.00[0m | W/L Ratio: [95m0.00%[0m | Profit/Loss Ratio: [94m0.00[0m | Positions: 0/10 | Cash: [93m100.00[0m% | Trades: 0 | Candidates: 3
1970-01-01 | Balance: [91m0.00[0m | W/L Ratio: [95m0.00%[0m | Profit/Loss Ratio: [94m0.00[0m | Positions: 0/10 | Cash: [93m100.00[0m% | Trades: 0 | Candidates: 3
1970-01-01 | Balance: [91m0.00[0m | W/L Ratio: [95m0.00%[0m | Profit/Loss Ratio: [94m0.00[0m | Positions: 0/10 | Cash: [93m100.00[0m% | Trades: 0 | Candidates: 3
1970-01-01 | Balance: [91m0.00[0m | W/L Ratio: [95m0.00%[0m | Profit/Loss Ratio: [94m0.00[0m | Positions: 0/10 | Cash: [93m100.00[0m% | Trades: 0 | Candidates: 3
1970-01-01 | Balance: [91m0.00[0m | W/L Ratio: [95m0.00%[0m | Profit/Loss Ratio: [94m0.00[0m | Positions: 0/10 | Cash: [93m100.00[0m% | Trades: 0 | Candidates: 3
1970-01-01 | Balance: [91m0.00[0m | W/L Ratio: [95m0.00%[0m | Profit/Loss Ratio: [94m0.00[0m | Positions: 0/10 | Cash: [93m100.00[0m% | Trades: 0 | Candidates: 3
1970-01-01 | Balance: [91m0.00[0m | W/L Ratio: [95m0.00%[0m | Profit/Loss Ratio: [94m0.00[0m | Positions: 0/10 | Cash: [93m100.00[0m% | Trades: 0 | Candidates: 3
1970-01-01 | Balance: [91m0.00[0m | W/L Ratio: [95m0.00%[0m | Profit/Loss Ratio: [94m0.00[0m | Positions: 0/10 | Cash: [93m100.00[0m% | Trades: 0 | Candidates: 3
1970-01-01 | Balance: [91m0.00[0m | W/L Ratio: [95m0.00%[0m | Profit/Loss Ratio: [94m0.00[0m | Positions: 0/10 | Cash: [93m100.00[0m% | Trades: 0 | Candidates: 3
1970-01-01 | Balance: [91m0.00[0m | W/L Ratio: [95m0.00%[0m | Profit/Loss Ratio: [94m0.00[0m | Positions: 0/10 | Cash: [93m100.00[0m% | Trades: 0 | Candidates: 3
1970-01-01 | Balance: [91m0.00[0m | W/L Ratio: [95m0.00%[0m | Profit/Loss Ratio: [94m0.00[0m | Positions: 0/10 | Cash: [93m100.00[0m% | Trades: 0 | Candidates: 3
1970-01-01 | Balance: [91m0.00[0m | W/L Ratio: [95m0.00%[0m | Profit/Loss Ratio: [94m0.00[0m | Positions: 0/10 | Cash: [93m100.00[0m% | Trades: 0 | Candidates: 3
1970-01-01 | Balance: [91m0.00[0m | W/L Ratio: [95m0.00%[0m | Profit/Loss Ratio: [94m0.00[0m | Positions: 0/10 | Cash: [93m100.00[0m% | Trades: 0 | Candidates: 3
1970-01-01 | Balance: [91m0.00[0m | W/L Ratio: [95m0.00%[0m | Profit/Loss Ratio: [94m0.00[0m | Positions: 0/10 | Cash: [93m100.00[0m% | Trades: 0 | Candidates: 3
1970-01-01 | Balance: [91m0.00[0m | W/L Ratio: [95m0.00%[0m | Profit/Loss Ratio: [94m0.00[0m | Positions: 0/10 | Cash: [93m100.00[0m% | Trades: 0 | Candidates: 3
1970-01-01 | Balance: [91m0.00[0m | W/L Ratio: [95m0.00%[0m | Profit/Loss Ratio: [94m0.00[0m | Positions: 0/10 | Cash: [93m100.00[0m% | Trades: 0 | Candidates: 3
1970-01-01 | Balance: [91m0.00[0m | W/L Ratio: [95m0.00%[0m | Profit/Loss Ratio: [94m0.00[0m | Positions: 0/10 | Cash: [93m100.00[0m% | Trades: 0 | Candidates: 3
1970-01-01 | Balance: [91m0.00[0m | W/L Ratio: [95m0.00%[0m | Profit/Loss Ratio: [94m0.00[0m | Positions: 0/10 | Cash: [93m100.00[0m% | Trades: 0 | Candidates: 3
1970-01-01 | Balance: [91m0.00[0m | W/L Ratio: [95m0.00%[0m | Profit/Loss Ratio: [94m0.00[0m | Positions: 0/10 | Cash: [93m100.00[0m% | Trades: 0 | Candidates: 3
1970-01-01 | Balance: [91m0.00[0m | W/L Ratio: [95m0.00%[0m | Profit/Loss Ratio: [94m0.00[0m | Positions: 0/10 | Cash: [93m100.00[0m% | Trades: 0 | Candidates: 3
1970-01-01 | Balance: [91m0.00[0m | W/L Ratio: [95m0.00%[0m | Profit/Loss Ratio: [94m0.00[0m | Positions: 0/10 | Cash: [93m100.00[0m% | Trades: 0 | Candidates: 3
1970-01-01 | Balance: [91m0.00[0m | W/L Ratio: [95m0.00%[0m | Profit/Loss Ratio: [94m0.00[0m | Positions: 0/10 | Cash: [93m100.00[0m% | Trades: 0 | Candidates: 3
1970-01-01 | Balance: [91m0.00[0m | W/L Ratio: [95m0.00%[0m | Profit/Loss Ratio: [94m0.00[0m | Positions: 0/10 | Cash: [93m100.00[0m% | Trades: 0 | Candidates: 3
1970-01-01 | Balance: [91m0.00[0m | W/L Ratio: [95m0.00%[0m | Profit/Loss Ratio: [94m0.00[0m | Positions: 0/10 | Cash: [93m100.00[0m% | Trades: 0 | Candidates: 3
1970-01-01 | Balance: [91m0.00[0m | W/L Ratio: [95m0.00%[0m | Profit/Loss Ratio: [94m0.00[0m | Positions: 0/10 | Cash: [93m100.00[0m% | Trades: 0 | Candidates: 3
1970-01-01 | Balance: [91m0.00[0m | W/L Ratio: [95m0.00%[0m | Profit/Loss Ratio: [94m0.00[0m | Positions: 0/10 | Cash: [93m100.00[0m% | Trades: 0 | Candidates: 3
1970-01-01 | Balance: [91m0.00[0m | W/L Ratio: [95m0.00%[0m | Profit/Loss Ratio: [94m0.00[0m | Positions: 0/10 | Cash: [93m100.00[0m% | Trades: 0 | Candidates: 3
1970-01-01 | Balance: [91m0.00[0m | W/L Ratio: [95m0.00%[0m | Profit/Loss Ratio: [94m0.00[0m | Positions: 0/10 | Cash: [93m100.00[0m% | Trades: 0 | Candidates: 3
1970-01-01 | Balance: [91m0.00[0m | W/L Ratio: [95m0.00%[0m | Profit/Loss Ratio: [94m0.00[0m | Positions: 0/10 | Cash: [93m100.00[0m% | Trades: 0 | Candidates: 3
1970-01-01 | Balance: [91m0.00[0m | W/L Ratio: [95m0.00%[0m | Profit/Loss Ratio: [94m0.00[0m | Positions: 0/10 | Cash: [93m100.00[0m% | Trades: 0 | Candidates: 3
1970-01-01 | Balance: [91m0.00[0m | W/L Ratio: [95m0.00%[0m | Profit/Loss Ratio: [94m0.00[0m | Positions: 0/10 | Cash: [93m100.00[0m% | Trades: 0 | Candidates: 3
1970-01-01 | Balance: [91m0.00[0m | W/L Ratio: [95m0.00%[0m | Profit/Loss Ratio: [94m0.00[0m | Positions: 0/10 | Cash: [93m100.00[0m% | Trades: 0 | Candidates: 3
1970-01-01 | Balance: [91m0.00[0m | W/L Ratio: [95m0.00%[0m | Profit/Loss Ratio: [94m0.00[0m | Positions: 0/10 | Cash: [93m100.00[0m% | Trades: 0 | Candidates: 3
1970-01-01 | Balance: [91m0.00[0m | W/L Ratio: [95m0.00%[0m | Profit/Loss Ratio: [94m0.00[0m | Positions: 0/10 | Cash: [93m100.00[0m% | Trades: 0 | Candidates: 3
1970-01-01 | Balance: [91m0.00[0m | W/L Ratio: [95m0.00%[0m | Profit/Loss Ratio: [94m0.00[0m | Positions: 0/10 | Cash: [93m100.00[0m% | Trades: 0 | Candidates: 3
1970-01-01 | Balance: [91m0.00[0m | W/L Ratio: [95m0.00%[0m | Profit/Loss Ratio: [94m0.00[0m | Positions: 0/10 | Cash: [93m100.00[0m% | Trades: 0 | Candidates: 3
1970-01-01 | Balance: [91m0.00[0m | W/L Ratio: [95m0.00%[0m | Profit/Loss Ratio: [94m0.00[0m | Positions: 0/10 | Cash: [93m100.00[0m% | Trades: 0 | Candidates: 3
1970-01-01 | Balance: [91m0.00[0m | W/L Ratio: [95m0.00%[0m | Profit/Loss Ratio: [94m0.00[0m | Positions: 0/10 | Cash: [93m100.00[0m% | Trades: 0 | Candidates: 3
1970-01-01 | Balance: [91m0.00[0m | W/L Ratio: [95m0.00%[0m | Profit/Loss Ratio: [94m0.00[0m | Positions: 0/10 | Cash: [93m100.00[0m% | Trades: 0 | Candidates: 3
1970-01-01 | Balance: [91m0.00[0m | W/L Ratio: [95m0.00%[0m | Profit/Loss Ratio: [94m0.00[0m | Positions: 0/10 | Cash: [93m100.00[0m% | Trades: 0 | Candidates: 3
1970-01-01 | Balance: [91m0.00[0m | W/L Ratio: [95m0.00%[0m | Profit/Loss Ratio: [94m0.00[0m | Positions: 0/10 | Cash: [93m100.00[0m% | Trades: 0 | Candidates: 3
1970-01-01 | Balance: [91m0.00[0m | W/L Ratio: [95m0.00%[0m | Profit/Loss Ratio: [94m0.00[0m | Positions: 0/10 | Cash: [93m100.00[0m% | Trades: 0 | Candidates: 3
1970-01-01 | Balance: [91m0.00[0m | W/L Ratio: [95m0.00%[0m | Profit/Loss Ratio: [94m0.00[0m | Positions: 0/10 | Cash: [93m100.00[0m% | Trades: 0 | Candidates: 3
1970-01-01 | Balance: [91m0.00[0m | W/L Ratio: [95m0.00%[0m | Profit/Loss Ratio: [94m0.00[0m | Positions: 0/10 | Cash: [93m100.00[0m% | Trades: 0 | Candidates: 3
1970-01-01 | Balance: [91m0.00[0m | W/L Ratio: [95m0.00%[0m | Profit/Loss Ratio: [94m0.00[0m | Positions: 0/10 | Cash: [93m100.00[0m% | Trades: 0 | Candidates: 3
1970-01-01 | Balance: [91m0.00[0m | W/L Ratio: [95m0.00%[0m | Profit/Loss Ratio: [94m0.00[0m | Positions: 0/10 | Cash: [93m100.00[0m% | Trades: 0 | Candidates: 3
1970-01-01 | Balance: [91m0.00[0m | W/L Ratio: [95m0.00%[0m | Profit/Loss Ratio: [94m0.00[0m | Positions: 0/10 | Cash: [93m100.00[0m% | Trades: 0 | Candidates: 3
1970-01-01 | Balance: [91m0.00[0m | W/L Ratio: [95m0.00%[0m | Profit/Loss Ratio: [94m0.00[0m | Positions: 0/10 | Cash: [93m100.00[0m% | Trades: 0 | Candidates: 3
1970-01-01 | Balance: [91m0.00[0m | W/L Ratio: [95m0.00%[0m | Profit/Loss Ratio: [94m0.00[0m | Positions: 0/10 | Cash: [93m100.00[0m% | Trades: 0 | Candidates: 3
1970-01-01 | Balance: [91m0.00[0m | W/L Ratio: [95m0.00%[0m | Profit/Loss Ratio: [94m0.00[0m | Positions: 0/10 | Cash: [93m100.00[0m% | Trades: 0 | Candidates: 3
1970-01-01 | Balance: [91m0.00[0m | W/L Ratio: [95m0.00%[0m | Profit/Loss Ratio: [94m0.00[0m | Positions: 0/10 | Cash: [93m100.00[0m% | Trades: 0 | Candidates: 3
1970-01-01 | Balance: [91m0.00[0m | W/L Ratio: [95m0.00%[0m | Profit/Loss Ratio: [94m0.00[0m | Positions: 0/10 | Cash: [93m100.00[0m% | Trades: 0 | Candidates: 3
1970-01-01 | Balance: [91m0.00[0m | W/L Ratio: [95m0.00%[0m | Profit/Loss Ratio: [94m0.00[0m | Positions: 0/10 | Cash: [93m100.00[0m% | Trades: 0 | Candidates: 3
1970-01-01 | Balance: [91m0.00[0m | W/L Ratio: [95m0.00%[0m | Profit/Loss Ratio: [94m0.00[0m | Positions: 0/10 | Cash: [93m100.00[0m% | Trades: 0 | Candidates: 3
1970-01-01 | Balance: [91m0.00[0m | W/L Ratio: [95m0.00%[0m | Profit/Loss Ratio: [94m0.00[0m | Positions: 0/10 | Cash: [93m100.00[0m% | Trades: 0 | Candidates: 3
1970-01-01 | Balance: [91m0.00[0m | W/L Ratio: [95m0.00%[0m | Profit/Loss Ratio: [94m0.00[0m | Positions: 0/10 | Cash: [93m100.00[0m% | Trades: 0 | Candidates: 3
1970-01-01 | Balance: [91m0.00[0m | W/L Ratio: [95m0.00%[0m | Profit/Loss Ratio: [94m0.00[0m | Positions: 0/10 | Cash: [93m100.00[0m% | Trades: 0 | Candidates: 3
1970-01-01 | Balance: [91m0.00[0m | W/L Ratio: [95m0.00%[0m | Profit/Loss Ratio: [94m0.00[0m | Positions: 0/10 | Cash: [93m100.00[0m% | Trades: 0 | Candidates: 3
1970-01-01 | Balance: [91m0.00[0m | W/L Ratio: [95m0.00%[0m | Profit/Loss Ratio: [94m0.00[0m | Positions: 0/10 | Cash: [93m100.00[0m% | Trades: 0 | Candidates: 3
1970-01-01 | Balance: [91m0.00[0m | W/L Ratio: [95m0.00%[0m | Profit/Loss Ratio: [94m0.00[0m | Positions: 0/10 | Cash: [93m100.00[0m% | Trades: 0 | Candidates: 3
1970-01-01 | Balance: [91m0.00[0m | W/L Ratio: [95m0.00%[0m | Profit/Loss Ratio: [94m0.00[0m | Positions: 0/10 | Cash: [93m100.00[0m% | Trades: 0 | Candidates: 3
1970-01-01 | Balance: [91m0.00[0m | W/L Ratio: [95m0.00%[0m | Profit/Loss Ratio: [94m0.00[0m | Positions: 0/10 | Cash: [93m100.00[0m% | Trades: 0 | Candidates: 3
1970-01-01 | Balance: [91m0.00[0m | W/L Ratio: [95m0.00%[0m | Profit/Loss Ratio: [94m0.00[0m | Positions: 0/10 | Cash: [93m100.00[0m% | Trades: 0 | Candidates: 3
1970-01-01 | Balance: [91m0.00[0m | W/L Ratio: [95m0.00%[0m | Profit/Loss Ratio: [94m0.00[0m | Positions: 0/10 | Cash: [93m100.00[0m% | Trades: 0 | Candidates: 3
1970-01-01 | Balance: [91m0.00[0m | W/L Ratio: [95m0.00%[0m | Profit/Loss Ratio: [94m0.00[0m | Positions: 0/10 | Cash: [93m100.00[0m% | Trades: 0 | Candidates: 3
1970-01-01 | Balance: [91m0.00[0m | W/L Ratio: [95m0.00%[0m | Profit/Loss Ratio: [94m0.00[0m | Positions: 0/10 | Cash: [93m100.00[0m% | Trades: 0 | Candidates: 3
1970-01-01 | Balance: [91m0.00[0m | W/L Ratio: [95m0.00%[0m | Profit/Loss Ratio: [94m0.00[0m | Positions: 0/10 | Cash: [93m100.00[0m% | Trades: 0 | Candidates: 3
1970-01-01 | Balance: [91m0.00[0m | W/L Ratio: [95m0.00%[0m | Profit/Loss Ratio: [94m0.00[0m | Positions: 0/10 | Cash: [93m100.00[0m% | Trades: 0 | Candidates: 3
1970-01-01 | Balance: [91m0.00[0m | W/L Ratio: [95m0.00%[0m | Profit/Loss Ratio: [94m0.00[0m | Positions: 0/10 | Cash: [93m100.00[0m% | Trades: 0 | Candidates: 3
1970-01-01 | Balance: [91m0.00[0m | W/L Ratio: [95m0.00%[0m | Profit/Loss Ratio: [94m0.00[0m | Positions: 0/10 | Cash: [93m100.00[0m% | Trades: 0 | Candidates: 3
1970-01-01 | Balance: [91m0.00[0m | W/L Ratio: [95m0.00%[0m | Profit/Loss Ratio: [94m0.00[0m | Positions: 0/10 | Cash: [93m100.00[0m% | Trades: 0 | Candidates: 3
1970-01-01 | Balance: [91m0.00[0m | W/L Ratio: [95m0.00%[0m | Profit/Loss Ratio: [94m0.00[0m | Positions: 0/10 | Cash: [93m100.00[0m% | Trades: 0 | Candidates: 3
1970-01-01 | Balance: [91m0.00[0m | W/L Ratio: [95m0.00%[0m | Profit/Loss Ratio: [94m0.00[0m | Positions: 0/10 | Cash: [93m100.00[0m% | Trades: 0 | Candidates: 3
1970-01-01 | Balance: [91m0.00[0m | W/L Ratio: [95m0.00%[0m | Profit/Loss Ratio: [94m0.00[0m | Positions: 0/10 | Cash: [93m100.00[0m% | Trades: 0 | Candidates: 3
1970-01-01 | Balance: [91m0.00[0m | W/L Ratio: [95m0.00%[0m | Profit/Loss Ratio: [94m0.00[0m | Positions: 0/10 | Cash: [93m100.00[0m% | Trades: 0 | Candidates: 3
1970-01-01 | Balance: [91m0.00[0m | W/L Ratio: [95m0.00%[0m | Profit/Loss Ratio: [94m0.00[0m | Positions: 0/10 | Cash: [93m100.00[0m% | Trades: 0 | Candidates: 3
1970-01-01 | Balance: [91m0.00[0m | W/L Ratio: [95m0.00%[0m | Profit/Loss Ratio: [94m0.00[0m | Positions: 0/10 | Cash: [93m100.00[0m% | Trades: 0 | Candidates: 3
1970-01-01 | Balance: [91m0.00[0m | W/L Ratio: [95m0.00%[0m | Profit/Loss Ratio: [94m0.00[0m | Positions: 0/10 | Cash: [93m100.00[0m% | Trades: 0 | Candidates: 3
1970-01-01 | Balance: [91m0.00[0m | W/L Ratio: [95m0.00%[0m | Profit/Loss Ratio: [94m0.00[0m | Positions: 0/10 | Cash: [93m100.00[0m% | Trades: 0 | Candidates: 3
1970-01-01 | Balance: [91m0.00[0m | W/L Ratio: [95m0.00%[0m | Profit/Loss Ratio: [94m0.00[0m | Positions: 0/10 | Cash: [93m100.00[0m% | Trades: 0 | Candidates: 3
1970-01-01 | Balance: [91m0.00[0m | W/L Ratio: [95m0.00%[0m | Profit/Loss Ratio: [94m0.00[0m | Positions: 0/10 | Cash: [93m100.00[0m% | Trades: 0 | Candidates: 3
1970-01-01 | Balance: [91m0.00[0m | W/L Ratio: [95m0.00%[0m | Profit/Loss Ratio: [94m0.00[0m | Positions: 0/10 | Cash: [93m100.00[0m% | Trades: 0 | Candidates: 3
1970-01-01 | Balance: [91m0.00[0m | W/L Ratio: [95m0.00%[0m | Profit/Loss Ratio: [94m0.00[0m | Positions: 0/10 | Cash: [93m100.00[0m% | Trades: 0 | Candidates: 3
1970-01-01 | Balance: [91m0.00[0m | W/L Ratio: [95m0.00%[0m | Profit/Loss Ratio: [94m0.00[0m | Positions: 0/10 | Cash: [93m100.00[0m% | Trades: 0 | Candidates: 3
1970-01-01 | Balance: [91m0.00[0m | W/L Ratio: [95m0.00%[0m | Profit/Loss Ratio: [94m0.00[0m | Positions: 0/10 | Cash: [93m100.00[0m% | Trades: 0 | Candidates: 3
1970-01-01 | Balance: [91m0.00[0m | W/L Ratio: [95m0.00%[0m | Profit/Loss Ratio: [94m0.00[0m | Positions: 0/10 | Cash: [93m100.00[0m% | Trades: 0 | Candidates: 3
1970-01-01 | Balance: [91m0.00[0m | W/L Ratio: [95m0.00%[0m | Profit/Loss Ratio: [94m0.00[0m | Positions: 0/10 | Cash: [93m100.00[0m% | Trades: 0 | Candidates: 3
1970-01-01 | Balance: [91m0.00[0m | W/L Ratio: [95m0.00%[0m | Profit/Loss Ratio: [94m0.00[0m | Positions: 0/10 | Cash: [93m100.00[0m% | Trades: 0 | Candidates: 3
1970-01-01 | Balance: [91m0.00[0m | W/L Ratio: [95m0.00%[0m | Profit/Loss Ratio: [94m0.00[0m | Positions: 0/10 | Cash: [93m100.00[0m% | Trades: 0 | Candidates: 3
1970-01-01 | Balance: [91m0.00[0m | W/L Ratio: [95m0.00%[0m | Profit/Loss Ratio: [94m0.00[0m | Positions: 0/10 | Cash: [93m100.00[0m% | Trades: 0 | Candidates: 3
1970-01-01 | Balance: [91m0.00[0m | W/L Ratio: [95m0.00%[0m | Profit/Loss Ratio: [94m0.00[0m | Positions: 0/10 | Cash: [93m100.00[0m% | Trades: 0 | Candidates: 3
1970-01-01 | Balance: [91m0.00[0m | W/L Ratio: [95m0.00%[0m | Profit/Loss Ratio: [94m0.00[0m | Positions: 0/10 | Cash: [93m100.00[0m% | Trades: 0 | Candidates: 3
1970-01-01 | Balance: [91m0.00[0m | W/L Ratio: [95m0.00%[0m | Profit/Loss Ratio: [94m0.00[0m | Positions: 0/10 | Cash: [93m100.00[0m% | Trades: 0 | Candidates: 3
1970-01-01 | Balance: [91m0.00[0m | W/L Ratio: [95m0.00%[0m | Profit/Loss Ratio: [94m0.00[0m | Positions: 0/10 | Cash: [93m100.00[0m% | Trades: 0 | Candidates: 3
1970-01-01 | Balance: [91m0.00[0m | W/L Ratio: [95m0.00%[0m | Profit/Loss Ratio: [94m0.00[0m | Positions: 0/10 | Cash: [93m100.00[0m% | Trades: 0 | Candidates: 3
1970-01-01 | Balance: [91m0.00[0m | W/L Ratio: [95m0.00%[0m | Profit/Loss Ratio: [94m0.00[0m | Positions: 0/10 | Cash: [93m100.00[0m% | Trades: 0 | Candidates: 3
1970-01-01 | Balance: [91m0.00[0m | W/L Ratio: [95m0.00%[0m | Profit/Loss Ratio: [94m0.00[0m | Positions: 0/10 | Cash: [93m100.00[0m% | Trades: 0 | Candidates: 3
1970-01-01 | Balance: [91m0.00[0m | W/L Ratio: [95m0.00%[0m | Profit/Loss Ratio: [94m0.00[0m | Positions: 0/10 | Cash: [93m100.00[0m% | Trades: 0 | Candidates: 3
1970-01-01 | Balance: [91m0.00[0m | W/L Ratio: [95m0.00%[0m | Profit/Loss Ratio: [94m0.00[0m | Positions: 0/10 | Cash: [93m100.00[0m% | Trades: 0 | Candidates: 3
1970-01-01 | Balance: [91m0.00[0m | W/L Ratio: [95m0.00%[0m | Profit/Loss Ratio: [94m0.00[0m | Positions: 0/10 | Cash: [93m100.00[0m% | Trades: 0 | Candidates: 3
1970-01-01 | Balance: [91m0.00[0m | W/L Ratio: [95m0.00%[0m | Profit/Loss Ratio: [94m0.00[0m | Positions: 0/10 | Cash: [93m100.00[0m% | Trades: 0 | Candidates: 3
1970-01-01 | Balance: [91m0.00[0m | W/L Ratio: [95m0.00%[0m | Profit/Loss Ratio: [94m0.00[0m | Positions: 0/10 | Cash: [93m100.00[0m% | Trades: 0 | Candidates: 3
1970-01-01 | Balance: [91m0.00[0m | W/L Ratio: [95m0.00%[0m | Profit/Loss Ratio: [94m0.00[0m | Positions: 0/10 | Cash: [93m100.00[0m% | Trades: 0 | Candidates: 3
1970-01-01 | Balance: [91m0.00[0m | W/L Ratio: [95m0.00%[0m | Profit/Loss Ratio: [94m0.00[0m | Positions: 0/10 | Cash: [93m100.00[0m% | Trades: 0 | Candidates: 3
1970-01-01 | Balance: [91m0.00[0m | W/L Ratio: [95m0.00%[0m | Profit/Loss Ratio: [94m0.00[0m | Positions: 0/10 | Cash: [93m100.00[0m% | Trades: 0 | Candidates: 3
1970-01-01 | Balance: [91m0.00[0m | W/L Ratio: [95m0.00%[0m | Profit/Loss Ratio: [94m0.00[0m | Positions: 0/10 | Cash: [93m100.00[0m% | Trades: 0 | Candidates: 3
1970-01-01 | Balance: [91m0.00[0m | W/L Ratio: [95m0.00%[0m | Profit/Loss Ratio: [94m0.00[0m | Positions: 0/10 | Cash: [93m100.00[0m% | Trades: 0 | Candidates: 3
1970-01-01 | Balance: [91m0.00[0m | W/L Ratio: [95m0.00%[0m | Profit/Loss Ratio: [94m0.00[0m | Positions: 0/10 | Cash: [93m100.00[0m% | Trades: 0 | Candidates: 3
1970-01-01 | Balance: [91m0.00[0m | W/L Ratio: [95m0.00%[0m | Profit/Loss Ratio: [94m0.00[0m | Positions: 0/10 | Cash: [93m100.00[0m% | Trades: 0 | Candidates: 3
1970-01-01 | Balance: [91m0.00[0m | W/L Ratio: [95m0.00%[0m | Profit/Loss Ratio: [94m0.00[0m | Positions: 0/10 | Cash: [93m100.00[0m% | Trades: 0 | Candidates: 3
1970-01-01 | Balance: [91m0.00[0m | W/L Ratio: [95m0.00%[0m | Profit/Loss Ratio: [94m0.00[0m | Positions: 0/10 | Cash: [93m100.00[0m% | Trades: 0 | Candidates: 3
1970-01-01 | Balance: [91m0.00[0m | W/L Ratio: [95m0.00%[0m | Profit/Loss Ratio: [94m0.00[0m | Positions: 0/10 | Cash: [93m100.00[0m% | Trades: 0 | Candidates: 3
1970-01-01 | Balance: [91m0.00[0m | W/L Ratio: [95m0.00%[0m | Profit/Loss Ratio: [94m0.00[0m | Positions: 0/10 | Cash: [93m100.00[0m% | Trades: 0 | Candidates: 3
1970-01-01 | Balance: [91m0.00[0m | W/L Ratio: [95m0.00%[0m | Profit/Loss Ratio: [94m0.00[0m | Positions: 0/10 | Cash: [93m100.00[0m% | Trades: 0 | Candidates: 3
1970-01-01 | Balance: [91m0.00[0m | W/L Ratio: [95m0.00%[0m | Profit/Loss Ratio: [94m0.00[0m | Positions: 0/10 | Cash: [93m100.00[0m% | Trades: 0 | Candidates: 3
1970-01-01 | Balance: [91m0.00[0m | W/L Ratio: [95m0.00%[0m | Profit/Loss Ratio: [94m0.00[0m | Positions: 0/10 | Cash: [93m100.00[0m% | Trades: 0 | Candidates: 3
1970-01-01 | Balance: [91m0.00[0m | W/L Ratio: [95m0.00%[0m | Profit/Loss Ratio: [94m0.00[0m | Positions: 0/10 | Cash: [93m100.00[0m% | Trades: 0 | Candidates: 3
1970-01-01 | Balance: [91m0.00[0m | W/L Ratio: [95m0.00%[0m | Profit/Loss Ratio: [94m0.00[0m | Positions: 0/10 | Cash: [93m100.00[0m% | Trades: 0 | Candidates: 3
1970-01-01 | Balance: [91m0.00[0m | W/L Ratio: [95m0.00%[0m | Profit/Loss Ratio: [94m0.00[0m | Positions: 0/10 | Cash: [93m100.00[0m% | Trades: 0 | Candidates: 3
1970-01-01 | Balance: [91m0.00[0m | W/L Ratio: [95m0.00%[0m | Profit/Loss Ratio: [94m0.00[0m | Positions: 0/10 | Cash: [93m100.00[0m% | Trades: 0 | Candidates: 3
1970-01-01 | Balance: [91m0.00[0m | W/L Ratio: [95m0.00%[0m | Profit/Loss Ratio: [94m0.00[0m | Positions: 0/10 | Cash: [93m100.00[0m% | Trades: 0 | Candidates: 3
1970-01-01 | Balance: [91m0.00[0m | W/L Ratio: [95m0.00%[0m | Profit/Loss Ratio: [94m0.00[0m | Positions: 0/10 | Cash: [93m100.00[0m% | Trades: 0 | Candidates: 3
1970-01-01 | Balance: [91m0.00[0m | W/L Ratio: [95m0.00%[0m | Profit/Loss Ratio: [94m0.00[0m | Positions: 0/10 | Cash: [93m100.00[0m% | Trades: 0 | Candidates: 3
1970-01-01 | Balance: [91m0.00[0m | W/L Ratio: [95m0.00%[0m | Profit/Loss Ratio: [94m0.00[0m | Positions: 0/10 | Cash: [93m100.00[0m% | Trades: 0 | Candidates: 3
1970-01-01 | Balance: [91m0.00[0m | W/L Ratio: [95m0.00%[0m | Profit/Loss Ratio: [94m0.00[0m | Positions: 0/10 | Cash: [93m100.00[0m% | Trades: 0 | Candidates: 3
1970-01-01 | Balance: [91m0.00[0m | W/L Ratio: [95m0.00%[0m | Profit/Loss Ratio: [94m0.00[0m | Positions: 0/10 | Cash: [93m100.00[0m% | Trades: 0 | Candidates: 3
1970-01-01 | Balance: [91m0.00[0m | W/L Ratio: [95m0.00%[0m | Profit/Loss Ratio: [94m0.00[0m | Positions: 0/10 | Cash: [93m100.00[0m% | Trades: 0 | Candidates: 3
1970-01-01 | Balance: [91m0.00[0m | W/L Ratio: [95m0.00%[0m | Profit/Loss Ratio: [94m0.00[0m | Positions: 0/10 | Cash: [93m100.00[0m% | Trades: 0 | Candidates: 3
1970-01-01 | Balance: [91m0.00[0m | W/L Ratio: [95m0.00%[0m | Profit/Loss Ratio: [94m0.00[0m | Positions: 0/10 | Cash: [93m100.00[0m% | Trades: 0 | Candidates: 3
1970-01-01 | Balance: [91m0.00[0m | W/L Ratio: [95m0.00%[0m | Profit/Loss Ratio: [94m0.00[0m | Positions: 0/10 | Cash: [93m100.00[0m% | Trades: 0 | Candidates: 3
1970-01-01 | Balance: [91m0.00[0m | W/L Ratio: [95m0.00%[0m | Profit/Loss Ratio: [94m0.00[0m | Positions: 0/10 | Cash: [93m100.00[0m% | Trades: 0 | Candidates: 3
1970-01-01 | Balance: [91m0.00[0m | W/L Ratio: [95m0.00%[0m | Profit/Loss Ratio: [94m0.00[0m | Positions: 0/10 | Cash: [93m100.00[0m% | Trades: 0 | Candidates: 3
1970-01-01 | Balance: [91m0.00[0m | W/L Ratio: [95m0.00%[0m | Profit/Loss Ratio: [94m0.00[0m | Positions: 0/10 | Cash: [93m100.00[0m% | Trades: 0 | Candidates: 3
1970-01-01 | Balance: [91m0.00[0m | W/L Ratio: [95m0.00%[0m | Profit/Loss Ratio: [94m0.00[0m | Positions: 0/10 | Cash: [93m100.00[0m% | Trades: 0 | Candidates: 3
1970-01-01 | Balance: [91m0.00[0m | W/L Ratio: [95m0.00%[0m | Profit/Loss Ratio: [94m0.00[0m | Positions: 0/10 | Cash: [93m100.00[0m% | Trades: 0 | Candidates: 3
1970-01-01 | Balance: [91m0.00[0m | W/L Ratio: [95m0.00%[0m | Profit/Loss Ratio: [94m0.00[0m | Positions: 0/10 | Cash: [93m100.00[0m% | Trades: 0 | Candidates: 3
1970-01-01 | Balance: [91m0.00[0m | W/L Ratio: [95m0.00%[0m | Profit/Loss Ratio: [94m0.00[0m | Positions: 0/10 | Cash: [93m100.00[0m% | Trades: 0 | Candidates: 3
1970-01-01 | Balance: [91m0.00[0m | W/L Ratio: [95m0.00%[0m | Profit/Loss Ratio: [94m0.00[0m | Positions: 0/10 | Cash: [93m100.00[0m% | Trades: 0 | Candidates: 3
1970-01-01 | Balance: [91m0.00[0m | W/L Ratio: [95m0.00%[0m | Profit/Loss Ratio: [94m0.00[0m | Positions: 0/10 | Cash: [93m100.00[0m% | Trades: 0 | Candidates: 3
1970-01-01 | Balance: [91m0.00[0m | W/L Ratio: [95m0.00%[0m | Profit/Loss Ratio: [94m0.00[0m | Positions: 0/10 | Cash: [93m100.00[0m% | Trades: 0 | Candidates: 3
1970-01-01 | Balance: [91m0.00[0m | W/L Ratio: [95m0.00%[0m | Profit/Loss Ratio: [94m0.00[0m | Positions: 0/10 | Cash: [93m100.00[0m% | Trades: 0 | Candidates: 3
1970-01-01 | Balance: [91m0.00[0m | W/L Ratio: [95m0.00%[0m | Profit/Loss Ratio: [94m0.00[0m | Positions: 0/10 | Cash: [93m100.00[0m% | Trades: 0 | Candidates: 3
1970-01-01 | Balance: [91m0.00[0m | W/L Ratio: [95m0.00%[0m | Profit/Loss Ratio: [94m0.00[0m | Positions: 0/10 | Cash: [93m100.00[0m% | Trades: 0 | Candidates: 3
1970-01-01 | Balance: [91m0.00[0m | W/L Ratio: [95m0.00%[0m | Profit/Loss Ratio: [94m0.00[0m | Positions: 0/10 | Cash: [93m100.00[0m% | Trades: 0 | Candidates: 3
1970-01-01 | Balance: [91m0.00[0m | W/L Ratio: [95m0.00%[0m | Profit/Loss Ratio: [94m0.00[0m | Positions: 0/10 | Cash: [93m100.00[0m% | Trades: 0 | Candidates: 3
1970-01-01 | Balance: [91m0.00[0m | W/L Ratio: [95m0.00%[0m | Profit/Loss Ratio: [94m0.00[0m | Positions: 0/10 | Cash: [93m100.00[0m% | Trades: 0 | Candidates: 3
1970-01-01 | Balance: [91m0.00[0m | W/L Ratio: [95m0.00%[0m | Profit/Loss Ratio: [94m0.00[0m | Positions: 0/10 | Cash: [93m100.00[0m% | Trades: 0 | Candidates: 3
1970-01-01 | Balance: [91m0.00[0m | W/L Ratio: [95m0.00%[0m | Profit/Loss Ratio: [94m0.00[0m | Positions: 0/10 | Cash: [93m100.00[0m% | Trades: 0 | Candidates: 3
1970-01-01 | Balance: [91m0.00[0m | W/L Ratio: [95m0.00%[0m | Profit/Loss Ratio: [94m0.00[0m | Positions: 0/10 | Cash: [93m100.00[0m% | Trades: 0 | Candidates: 3
1970-01-01 | Balance: [91m0.00[0m | W/L Ratio: [95m0.00%[0m | Profit/Loss Ratio: [94m0.00[0m | Positions: 0/10 | Cash: [93m100.00[0m% | Trades: 0 | Candidates: 3
1970-01-01 | Balance: [91m0.00[0m | W/L Ratio: [95m0.00%[0m | Profit/Loss Ratio: [94m0.00[0m | Positions: 0/10 | Cash: [93m100.00[0m% | Trades: 0 | Candidates: 3
1970-01-01 | Balance: [91m0.00[0m | W/L Ratio: [95m0.00%[0m | Profit/Loss Ratio: [94m0.00[0m | Positions: 0/10 | Cash: [93m100.00[0m% | Trades: 0 | Candidates: 3
1970-01-01 | Balance: [91m0.00[0m | W/L Ratio: [95m0.00%[0m | Profit/Loss Ratio: [94m0.00[0m | Positions: 0/10 | Cash: [93m100.00[0m% | Trades: 0 | Candidates: 3
1970-01-01 | Balance: [91m0.00[0m | W/L Ratio: [95m0.00%[0m | Profit/Loss Ratio: [94m0.00[0m | Positions: 0/10 | Cash: [93m100.00[0m% | Trades: 0 | Candidates: 3
1970-01-01 | Balance: [91m0.00[0m | W/L Ratio: [95m0.00%[0m | Profit/Loss Ratio: [94m0.00[0m | Positions: 0/10 | Cash: [93m100.00[0m% | Trades: 0 | Candidates: 3
1970-01-01 | Balance: [91m0.00[0m | W/L Ratio: [95m0.00%[0m | Profit/Loss Ratio: [94m0.00[0m | Positions: 0/10 | Cash: [93m100.00[0m% | Trades: 0 | Candidates: 3
1970-01-01 | Balance: [91m0.00[0m | W/L Ratio: [95m0.00%[0m | Profit/Loss Ratio: [94m0.00[0m | Positions: 0/10 | Cash: [93m100.00[0m% | Trades: 0 | Candidates: 3
1970-01-01 | Balance: [91m0.00[0m | W/L Ratio: [95m0.00%[0m | Profit/Loss Ratio: [94m0.00[0m | Positions: 0/10 | Cash: [93m100.00[0m% | Trades: 0 | Candidates: 3
1970-01-01 | Balance: [91m0.00[0m | W/L Ratio: [95m0.00%[0m | Profit/Loss Ratio: [94m0.00[0m | Positions: 0/10 | Cash: [93m100.00[0m% | Trades: 0 | Candidates: 3
1970-01-01 | Balance: [91m0.00[0m | W/L Ratio: [95m0.00%[0m | Profit/Loss Ratio: [94m0.00[0m | Positions: 0/10 | Cash: [93m100.00[0m% | Trades: 0 | Candidates: 3
1970-01-01 | Balance: [91m0.00[0m | W/L Ratio: [95m0.00%[0m | Profit/Loss Ratio: [94m0.00[0m | Positions: 0/10 | Cash: [93m100.00[0m% | Trades: 0 | Candidates: 3
1970-01-01 | Balance: [91m0.00[0m | W/L Ratio: [95m0.00%[0m | Profit/Loss Ratio: [94m0.00[0m | Positions: 0/10 | Cash: [93m100.00[0m% | Trades: 0 | Candidates: 3
1970-01-01 | Balance: [91m0.00[0m | W/L Ratio: [95m0.00%[0m | Profit/Loss Ratio: [94m0.00[0m | Positions: 0/10 | Cash: [93m100.00[0m% | Trades: 0 | Candidates: 3
1970-01-01 | Balance: [91m0.00[0m | W/L Ratio: [95m0.00%[0m | Profit/Loss Ratio: [94m0.00[0m | Positions: 0/10 | Cash: [93m100.00[0m% | Trades: 0 | Candidates: 3
1970-01-01 | Balance: [91m0.00[0m | W/L Ratio: [95m0.00%[0m | Profit/Loss Ratio: [94m0.00[0m | Positions: 0/10 | Cash: [93m100.00[0m% | Trades: 0 | Candidates: 3
1970-01-01 | Balance: [91m0.00[0m | W/L Ratio: [95m0.00%[0m | Profit/Loss Ratio: [94m0.00[0m | Positions: 0/10 | Cash: [93m100.00[0m% | Trades: 0 | Candidates: 3
1970-01-01 | Balance: [91m0.00[0m | W/L Ratio: [95m0.00%[0m | Profit/Loss Ratio: [94m0.00[0m | Positions: 0/10 | Cash: [93m100.00[0m% | Trades: 0 | Candidates: 3
1970-01-01 | Balance: [91m0.00[0m | W/L Ratio: [95m0.00%[0m | Profit/Loss Ratio: [94m0.00[0m | Positions: 0/10 | Cash: [93m100.00[0m% | Trades: 0 | Candidates: 3
1970-01-01 | Balance: [91m0.00[0m | W/L Ratio: [95m0.00%[0m | Profit/Loss Ratio: [94m0.00[0m | Positions: 0/10 | Cash: [93m100.00[0m% | Trades: 0 | Candidates: 3
1970-01-01 | Balance: [91m0.00[0m | W/L Ratio: [95m0.00%[0m | Profit/Loss Ratio: [94m0.00[0m | Positions: 0/10 | Cash: [93m100.00[0m% | Trades: 0 | Candidates: 3
1970-01-01 | Balance: [91m0.00[0m | W/L Ratio: [95m0.00%[0m | Profit/Loss Ratio: [94m0.00[0m | Positions: 0/10 | Cash: [93m100.00[0m% | Trades: 0 | Candidates: 3
1970-01-01 | Balance: [91m0.00[0m | W/L Ratio: [95m0.00%[0m | Profit/Loss Ratio: [94m0.00[0m | Positions: 0/10 | Cash: [93m100.00[0m% | Trades: 0 | Candidates: 3
1970-01-01 | Balance: [91m0.00[0m | W/L Ratio: [95m0.00%[0m | Profit/Loss Ratio: [94m0.00[0m | Positions: 0/10 | Cash: [93m100.00[0m% | Trades: 0 | Candidates: 3
1970-01-01 | Balance: [91m0.00[0m | W/L Ratio: [95m0.00%[0m | Profit/Loss Ratio: [94m0.00[0m | Positions: 0/10 | Cash: [93m100.00[0m% | Trades: 0 | Candidates: 3
1970-01-01 | Balance: [91m0.00[0m | W/L Ratio: [95m0.00%[0m | Profit/Loss Ratio: [94m0.00[0m | Positions: 0/10 | Cash: [93m100.00[0m% | Trades: 0 | Candidates: 3
1970-01-01 | Balance: [91m0.00[0m | W/L Ratio: [95m0.00%[0m | Profit/Loss Ratio: [94m0.00[0m | Positions: 0/10 | Cash: [93m100.00[0m% | Trades: 0 | Candidates: 3
1970-01-01 | Balance: [91m0.00[0m | W/L Ratio: [95m0.00%[0m | Profit/Loss Ratio: [94m0.00[0m | Positions: 0/10 | Cash: [93m100.00[0m% | Trades: 0 | Candidates: 3
1970-01-01 | Balance: [91m0.00[0m | W/L Ratio: [95m0.00%[0m | Profit/Loss Ratio: [94m0.00[0m | Positions: 0/10 | Cash: [93m100.00[0m% | Trades: 0 | Candidates: 3
1970-01-01 | Balance: [91m0.00[0m | W/L Ratio: [95m0.00%[0m | Profit/Loss Ratio: [94m0.00[0m | Positions: 0/10 | Cash: [93m100.00[0m% | Trades: 0 | Candidates: 3
1970-01-01 | Balance: [91m0.00[0m | W/L Ratio: [95m0.00%[0m | Profit/Loss Ratio: [94m0.00[0m | Positions: 0/10 | Cash: [93m100.00[0m% | Trades: 0 | Candidates: 3
1970-01-01 | Balance: [91m0.00[0m | W/L Ratio: [95m0.00%[0m | Profit/Loss Ratio: [94m0.00[0m | Positions: 0/10 | Cash: [93m100.00[0m% | Trades: 0 | Candidates: 3
1970-01-01 | Balance: [91m0.00[0m | W/L Ratio: [95m0.00%[0m | Profit/Loss Ratio: [94m0.00[0m | Positions: 0/10 | Cash: [93m100.00[0m% | Trades: 0 | Candidates: 3
1970-01-01 | Balance: [91m0.00[0m | W/L Ratio: [95m0.00%[0m | Profit/Loss Ratio: [94m0.00[0m | Positions: 0/10 | Cash: [93m100.00[0m% | Trades: 0 | Candidates: 3
1970-01-01 | Balance: [91m0.00[0m | W/L Ratio: [95m0.00%[0m | Profit/Loss Ratio: [94m0.00[0m | Positions: 0/10 | Cash: [93m100.00[0m% | Trades: 0 | Candidates: 3
1970-01-01 | Balance: [91m0.00[0m | W/L Ratio: [95m0.00%[0m | Profit/Loss Ratio: [94m0.00[0m | Positions: 0/10 | Cash: [93m100.00[0m% | Trades: 0 | Candidates: 3
1970-01-01 | Balance: [91m0.00[0m | W/L Ratio: [95m0.00%[0m | Profit/Loss Ratio: [94m0.00[0m | Positions: 0/10 | Cash: [93m100.00[0m% | Trades: 0 | Candidates: 3
1970-01-01 | Balance: [91m0.00[0m | W/L Ratio: [95m0.00%[0m | Profit/Loss Ratio: [94m0.00[0m | Positions: 0/10 | Cash: [93m100.00[0m% | Trades: 0 | Candidates: 3
1970-01-01 | Balance: [91m0.00[0m | W/L Ratio: [95m0.00%[0m | Profit/Loss Ratio: [94m0.00[0m | Positions: 0/10 | Cash: [93m100.00[0m% | Trades: 0 | Candidates: 3
1970-01-01 | Balance: [91m0.00[0m | W/L Ratio: [95m0.00%[0m | Profit/Loss Ratio: [94m0.00[0m | Positions: 0/10 | Cash: [93m100.00[0m% | Trades: 0 | Candidates: 3
1970-01-01 | Balance: [91m0.00[0m | W/L Ratio: [95m0.00%[0m | Profit/Loss Ratio: [94m0.00[0m | Positions: 0/10 | Cash: [93m100.00[0m% | Trades: 0 | Candidates: 3
1970-01-01 | Balance: [91m0.00[0m | W/L Ratio: [95m0.00%[0m | Profit/Loss Ratio: [94m0.00[0m | Positions: 0/10 | Cash: [93m100.00[0m% | Trades: 0 | Candidates: 3
1970-01-01 | Balance: [91m0.00[0m | W/L Ratio: [95m0.00%[0m | Profit/Loss Ratio: [94m0.00[0m | Positions: 0/10 | Cash: [93m100.00[0m% | Trades: 0 | Candidates: 3
1970-01-01 | Balance: [91m0.00[0m | W/L Ratio: [95m0.00%[0m | Profit/Loss Ratio: [94m0.00[0m | Positions: 0/10 | Cash: [93m100.00[0m% | Trades: 0 | Candidates: 3
1970-01-01 | Balance: [91m0.00[0m | W/L Ratio: [95m0.00%[0m | Profit/Loss Ratio: [94m0.00[0m | Positions: 0/10 | Cash: [93m100.00[0m% | Trades: 0 | Candidates: 3
1970-01-01 | Balance: [91m0.00[0m | W/L Ratio: [95m0.00%[0m | Profit/Loss Ratio: [94m0.00[0m | Positions: 0/10 | Cash: [93m100.00[0m% | Trades: 0 | Candidates: 3
1970-01-01 | Balance: [91m0.00[0m | W/L Ratio: [95m0.00%[0m | Profit/Loss Ratio: [94m0.00[0m | Positions: 0/10 | Cash: [93m100.00[0m% | Trades: 0 | Candidates: 3
1970-01-01 | Balance: [91m0.00[0m | W/L Ratio: [95m0.00%[0m | Profit/Loss Ratio: [94m0.00[0m | Positions: 0/10 | Cash: [93m100.00[0m% | Trades: 0 | Candidates: 3
1970-01-01 | Balance: [91m0.00[0m | W/L Ratio: [95m0.00%[0m | Profit/Loss Ratio: [94m0.00[0m | Positions: 0/10 | Cash: [93m100.00[0m% | Trades: 0 | Candidates: 3
1970-01-01 | Balance: [91m0.00[0m | W/L Ratio: [95m0.00%[0m | Profit/Loss Ratio: [94m0.00[0m | Positions: 0/10 | Cash: [93m100.00[0m% | Trades: 0 | Candidates: 3
1970-01-01 | Balance: [91m0.00[0m | W/L Ratio: [95m0.00%[0m | Profit/Loss Ratio: [94m0.00[0m | Positions: 0/10 | Cash: [93m100.00[0m% | Trades: 0 | Candidates: 3
1970-01-01 | Balance: [91m0.00[0m | W/L Ratio: [95m0.00%[0m | Profit/Loss Ratio: [94m0.00[0m | Positions: 0/10 | Cash: [93m100.00[0m% | Trades: 0 | Candidates: 3
1970-01-01 | Balance: [91m0.00[0m | W/L Ratio: [95m0.00%[0m | Profit/Loss Ratio: [94m0.00[0m | Positions: 0/10 | Cash: [93m100.00[0m% | Trades: 0 | Candidates: 3
1970-01-01 | Balance: [91m0.00[0m | W/L Ratio: [95m0.00%[0m | Profit/Loss Ratio: [94m0.00[0m | Positions: 0/10 | Cash: [93m100.00[0m% | Trades: 0 | Candidates: 3
1970-01-01 | Balance: [91m0.00[0m | W/L Ratio: [95m0.00%[0m | Profit/Loss Ratio: [94m0.00[0m | Positions: 0/10 | Cash: [93m100.00[0m% | Trades: 0 | Candidates: 3
1970-01-01 | Balance: [91m0.00[0m | W/L Ratio: [95m0.00%[0m | Profit/Loss Ratio: [94m0.00[0m | Positions: 0/10 | Cash: [93m100.00[0m% | Trades: 0 | Candidates: 3
1970-01-01 | Balance: [91m0.00[0m | W/L Ratio: [95m0.00%[0m | Profit/Loss Ratio: [94m0.00[0m | Positions: 0/10 | Cash: [93m100.00[0m% | Trades: 0 | Candidates: 3
1970-01-01 | Balance: [91m0.00[0m | W/L Ratio: [95m0.00%[0m | Profit/Loss Ratio: [94m0.00[0m | Positions: 0/10 | Cash: [93m100.00[0m% | Trades: 0 | Candidates: 3
1970-01-01 | Balance: [91m0.00[0m | W/L Ratio: [95m0.00%[0m | Profit/Loss Ratio: [94m0.00[0m | Positions: 0/10 | Cash: [93m100.00[0m% | Trades: 0 | Candidates: 3
1970-01-01 | Balance: [91m0.00[0m | W/L Ratio: [95m0.00%[0m | Profit/Loss Ratio: [94m0.00[0m | Positions: 0/10 | Cash: [93m100.00[0m% | Trades: 0 | Candidates: 3
1970-01-01 | Balance: [91m0.00[0m | W/L Ratio: [95m0.00%[0m | Profit/Loss Ratio: [94m0.00[0m | Positions: 0/10 | Cash: [93m100.00[0m% | Trades: 0 | Candidates: 3
1970-01-01 | Balance: [91m0.00[0m | W/L Ratio: [95m0.00%[0m | Profit/Loss Ratio: [94m0.00[0m | Positions: 0/10 | Cash: [93m100.00[0m% | Trades: 0 | Candidates: 3
1970-01-01 | Balance: [91m0.00[0m | W/L Ratio: [95m0.00%[0m | Profit/Loss Ratio: [94m0.00[0m | Positions: 0/10 | Cash: [93m100.00[0m% | Trades: 0 | Candidates: 3
1970-01-01 | Balance: [91m0.00[0m | W/L Ratio: [95m0.00%[0m | Profit/Loss Ratio: [94m0.00[0m | Positions: 0/10 | Cash: [93m100.00[0m% | Trades: 0 | Candidates: 3
1970-01-01 | Balance: [91m0.00[0m | W/L Ratio: [95m0.00%[0m | Profit/Loss Ratio: [94m0.00[0m | Positions: 0/10 | Cash: [93m100.00[0m% | Trades: 0 | Candidates: 3
1970-01-01 | Balance: [91m0.00[0m | W/L Ratio: [95m0.00%[0m | Profit/Loss Ratio: [94m0.00[0m | Positions: 0/10 | Cash: [93m100.00[0m% | Trades: 0 | Candidates: 3
1970-01-01 | Balance: [91m0.00[0m | W/L Ratio: [95m0.00%[0m | Profit/Loss Ratio: [94m0.00[0m | Positions: 0/10 | Cash: [93m100.00[0m% | Trades: 0 | Candidates: 3
1970-01-01 | Balance: [91m0.00[0m | W/L Ratio: [95m0.00%[0m | Profit/Loss Ratio: [94m0.00[0m | Positions: 0/10 | Cash: [93m100.00[0m% | Trades: 0 | Candidates: 3
1970-01-01 | Balance: [91m0.00[0m | W/L Ratio: [95m0.00%[0m | Profit/Loss Ratio: [94m0.00[0m | Positions: 0/10 | Cash: [93m100.00[0m% | Trades: 0 | Candidates: 3
1970-01-01 | Balance: [91m0.00[0m | W/L Ratio: [95m0.00%[0m | Profit/Loss Ratio: [94m0.00[0m | Positions: 0/10 | Cash: [93m100.00[0m% | Trades: 0 | Candidates: 3
1970-01-01 | Balance: [91m0.00[0m | W/L Ratio: [95m0.00%[0m | Profit/Loss Ratio: [94m0.00[0m | Positions: 0/10 | Cash: [93m100.00[0m% | Trades: 0 | Candidates: 3
1970-01-01 | Balance: [91m0.00[0m | W/L Ratio: [95m0.00%[0m | Profit/Loss Ratio: [94m0.00[0m | Positions: 0/10 | Cash: [93m100.00[0m% | Trades: 0 | Candidates: 3
1970-01-01 | Balance: [91m0.00[0m | W/L Ratio: [95m0.00%[0m | Profit/Loss Ratio: [94m0.00[0m | Positions: 0/10 | Cash: [93m100.00[0m% | Trades: 0 | Candidates: 3
1970-01-01 | Balance: [91m0.00[0m | W/L Ratio: [95m0.00%[0m | Profit/Loss Ratio: [94m0.00[0m | Positions: 0/10 | Cash: [93m100.00[0m% | Trades: 0 | Candidates: 3
1970-01-01 | Balance: [91m0.00[0m | W/L Ratio: [95m0.00%[0m | Profit/Loss Ratio: [94m0.00[0m | Positions: 0/10 | Cash: [93m100.00[0m% | Trades: 0 | Candidates: 3
1970-01-01 | Balance: [91m0.00[0m | W/L Ratio: [95m0.00%[0m | Profit/Loss Ratio: [94m0.00[0m | Positions: 0/10 | Cash: [93m100.00[0m% | Trades: 0 | Candidates: 3
1970-01-01 | Balance: [91m0.00[0m | W/L Ratio: [95m0.00%[0m | Profit/Loss Ratio: [94m0.00[0m | Positions: 0/10 | Cash: [93m100.00[0m% | Trades: 0 | Candidates: 3
1970-01-01 | Balance: [91m0.00[0m | W/L Ratio: [95m0.00%[0m | Profit/Loss Ratio: [94m0.00[0m | Positions: 0/10 | Cash: [93m100.00[0m% | Trades: 0 | Candidates: 3
1970-01-01 | Balance: [91m0.00[0m | W/L Ratio: [95m0.00%[0m | Profit/Loss Ratio: [94m0.00[0m | Positions: 0/10 | Cash: [93m100.00[0m% | Trades: 0 | Candidates: 3
1970-01-01 | Balance: [91m0.00[0m | W/L Ratio: [95m0.00%[0m | Profit/Loss Ratio: [94m0.00[0m | Positions: 0/10 | Cash: [93m100.00[0m% | Trades: 0 | Candidates: 3
1970-01-01 | Balance: [91m0.00[0m | W/L Ratio: [95m0.00%[0m | Profit/Loss Ratio: [94m0.00[0m | Positions: 0/10 | Cash: [93m100.00[0m% | Trades: 0 | Candidates: 3
1970-01-01 | Balance: [91m0.00[0m | W/L Ratio: [95m0.00%[0m | Profit/Loss Ratio: [94m0.00[0m | Positions: 0/10 | Cash: [93m100.00[0m% | Trades: 0 | Candidates: 3
1970-01-01 | Balance: [91m0.00[0m | W/L Ratio: [95m0.00%[0m | Profit/Loss Ratio: [94m0.00[0m | Positions: 0/10 | Cash: [93m100.00[0m% | Trades: 0 | Candidates: 3
1970-01-01 | Balance: [91m0.00[0m | W/L Ratio: [95m0.00%[0m | Profit/Loss Ratio: [94m0.00[0m | Positions: 0/10 | Cash: [93m100.00[0m% | Trades: 0 | Candidates: 3
1970-01-01 | Balance: [91m0.00[0m | W/L Ratio: [95m0.00%[0m | Profit/Loss Ratio: [94m0.00[0m | Positions: 0/10 | Cash: [93m100.00[0m% | Trades: 0 | Candidates: 3
1970-01-01 | Balance: [91m0.00[0m | W/L Ratio: [95m0.00%[0m | Profit/Loss Ratio: [94m0.00[0m | Positions: 0/10 | Cash: [93m100.00[0m% | Trades: 0 | Candidates: 3
1970-01-01 | Balance: [91m0.00[0m | W/L Ratio: [95m0.00%[0m | Profit/Loss Ratio: [94m0.00[0m | Positions: 0/10 | Cash: [93m100.00[0m% | Trades: 0 | Candidates: 3
1970-01-01 | Balance: [91m0.00[0m | W/L Ratio: [95m0.00%[0m | Profit/Loss Ratio: [94m0.00[0m | Positions: 0/10 | Cash: [93m100.00[0m% | Trades: 0 | Candidates: 3
1970-01-01 | Balance: [91m0.00[0m | W/L Ratio: [95m0.00%[0m | Profit/Loss Ratio: [94m0.00[0m | Positions: 0/10 | Cash: [93m100.00[0m% | Trades: 0 | Candidates: 3
1970-01-01 | Balance: [91m0.00[0m | W/L Ratio: [95m0.00%[0m | Profit/Loss Ratio: [94m0.00[0m | Positions: 0/10 | Cash: [93m100.00[0m% | Trades: 0 | Candidates: 3
1970-01-01 | Balance: [91m0.00[0m | W/L Ratio: [95m0.00%[0m | Profit/Loss Ratio: [94m0.00[0m | Positions: 0/10 | Cash: [93m100.00[0m% | Trades: 0 | Candidates: 3
1970-01-01 | Balance: [91m0.00[0m | W/L Ratio: [95m0.00%[0m | Profit/Loss Ratio: [94m0.00[0m | Positions: 0/10 | Cash: [93m100.00[0m% | Trades: 0 | Candidates: 2
1970-01-01 | Balance: [91m0.00[0m | W/L Ratio: [95m0.00%[0m | Profit/Loss Ratio: [94m0.00[0m | Positions: 0/10 | Cash: [93m100.00[0m% | Trades: 0 | Candidates: 2
1970-01-01 | Balance: [91m0.00[0m | W/L Ratio: [95m0.00%[0m | Profit/Loss Ratio: [94m0.00[0m | Positions: 0/10 | Cash: [93m100.00[0m% | Trades: 0 | Candidates: 2
1970-01-01 | Balance: [91m0.00[0m | W/L Ratio: [95m0.00%[0m | Profit/Loss Ratio: [94m0.00[0m | Positions: 0/10 | Cash: [93m100.00[0m% | Trades: 0 | Candidates: 2
1970-01-01 | Balance: [91m0.00[0m | W/L Ratio: [95m0.00%[0m | Profit/Loss Ratio: [94m0.00[0m | Positions: 0/10 | Cash: [93m100.00[0m% | Trades: 0 | Candidates: 2
1970-01-01 | Balance: [91m0.00[0m | W/L Ratio: [95m0.00%[0m | Profit/Loss Ratio: [94m0.00[0m | Positions: 0/10 | Cash: [93m100.00[0m% | Trades: 0 | Candidates: 2
1970-01-01 | Balance: [91m0.00[0m | W/L Ratio: [95m0.00%[0m | Profit/Loss Ratio: [94m0.00[0m | Positions: 0/10 | Cash: [93m100.00[0m% | Trades: 0 | Candidates: 2
1970-01-01 | Balance: [91m0.00[0m | W/L Ratio: [95m0.00%[0m | Profit/Loss Ratio: [94m0.00[0m | Positions: 0/10 | Cash: [93m100.00[0m% | Trades: 0 | Candidates: 2
1970-01-01 | Balance: [91m0.00[0m | W/L Ratio: [95m0.00%[0m | Profit/Loss Ratio: [94m0.00[0m | Positions: 0/10 | Cash: [93m100.00[0m% | Trades: 0 | Candidates: 2
1970-01-01 | Balance: [91m0.00[0m | W/L Ratio: [95m0.00%[0m | Profit/Loss Ratio: [94m0.00[0m | Positions: 0/10 | Cash: [93m100.00[0m% | Trades: 0 | Candidates: 2
1970-01-01 | Balance: [91m0.00[0m | W/L Ratio: [95m0.00%[0m | Profit/Loss Ratio: [94m0.00[0m | Positions: 0/10 | Cash: [93m100.00[0m% | Trades: 0 | Candidates: 2
1970-01-01 | Balance: [91m0.00[0m | W/L Ratio: [95m0.00%[0m | Profit/Loss Ratio: [94m0.00[0m | Positions: 0/10 | Cash: [93m100.00[0m% | Trades: 0 | Candidates: 2
1970-01-01 | Balance: [91m0.00[0m | W/L Ratio: [95m0.00%[0m | Profit/Loss Ratio: [94m0.00[0m | Positions: 0/10 | Cash: [93m100.00[0m% | Trades: 0 | Candidates: 2
1970-01-01 | Balance: [91m0.00[0m | W/L Ratio: [95m0.00%[0m | Profit/Loss Ratio: [94m0.00[0m | Positions: 0/10 | Cash: [93m100.00[0m% | Trades: 0 | Candidates: 2
1970-01-01 | Balance: [91m0.00[0m | W/L Ratio: [95m0.00%[0m | Profit/Loss Ratio: [94m0.00[0m | Positions: 0/10 | Cash: [93m100.00[0m% | Trades: 0 | Candidates: 2
1970-01-01 | Balance: [91m0.00[0m | W/L Ratio: [95m0.00%[0m | Profit/Loss Ratio: [94m0.00[0m | Positions: 0/10 | Cash: [93m100.00[0m% | Trades: 0 | Candidates: 2
1970-01-01 | Balance: [91m0.00[0m | W/L Ratio: [95m0.00%[0m | Profit/Loss Ratio: [94m0.00[0m | Positions: 0/10 | Cash: [93m100.00[0m% | Trades: 0 | Candidates: 2
1970-01-01 | Balance: [91m0.00[0m | W/L Ratio: [95m0.00%[0m | Profit/Loss Ratio: [94m0.00[0m | Positions: 0/10 | Cash: [93m100.00[0m% | Trades: 0 | Candidates: 2
1970-01-01 | Balance: [91m0.00[0m | W/L Ratio: [95m0.00%[0m | Profit/Loss Ratio: [94m0.00[0m | Positions: 0/10 | Cash: [93m100.00[0m% | Trades: 0 | Candidates: 2
1970-01-01 | Balance: [91m0.00[0m | W/L Ratio: [95m0.00%[0m | Profit/Loss Ratio: [94m0.00[0m | Positions: 0/10 | Cash: [93m100.00[0m% | Trades: 0 | Candidates: 2
1970-01-01 | Balance: [91m0.00[0m | W/L Ratio: [95m0.00%[0m | Profit/Loss Ratio: [94m0.00[0m | Positions: 0/10 | Cash: [93m100.00[0m% | Trades: 0 | Candidates: 2
1970-01-01 | Balance: [91m0.00[0m | W/L Ratio: [95m0.00%[0m | Profit/Loss Ratio: [94m0.00[0m | Positions: 0/10 | Cash: [93m100.00[0m% | Trades: 0 | Candidates: 2
1970-01-01 | Balance: [91m0.00[0m | W/L Ratio: [95m0.00%[0m | Profit/Loss Ratio: [94m0.00[0m | Positions: 0/10 | Cash: [93m100.00[0m% | Trades: 0 | Candidates: 2
1970-01-01 | Balance: [91m0.00[0m | W/L Ratio: [95m0.00%[0m | Profit/Loss Ratio: [94m0.00[0m | Positions: 0/10 | Cash: [93m100.00[0m% | Trades: 0 | Candidates: 2
1970-01-01 | Balance: [91m0.00[0m | W/L Ratio: [95m0.00%[0m | Profit/Loss Ratio: [94m0.00[0m | Positions: 0/10 | Cash: [93m100.00[0m% | Trades: 0 | Candidates: 2
1970-01-01 | Balance: [91m0.00[0m | W/L Ratio: [95m0.00%[0m | Profit/Loss Ratio: [94m0.00[0m | Positions: 0/10 | Cash: [93m100.00[0m% | Trades: 0 | Candidates: 2
1970-01-01 | Balance: [91m0.00[0m | W/L Ratio: [95m0.00%[0m | Profit/Loss Ratio: [94m0.00[0m | Positions: 0/10 | Cash: [93m100.00[0m% | Trades: 0 | Candidates: 2
1970-01-01 | Balance: [91m0.00[0m | W/L Ratio: [95m0.00%[0m | Profit/Loss Ratio: [94m0.00[0m | Positions: 0/10 | Cash: [93m100.00[0m% | Trades: 0 | Candidates: 2
1970-01-01 | Balance: [91m0.00[0m | W/L Ratio: [95m0.00%[0m | Profit/Loss Ratio: [94m0.00[0m | Positions: 0/10 | Cash: [93m100.00[0m% | Trades: 0 | Candidates: 2
1970-01-01 | Balance: [91m0.00[0m | W/L Ratio: [95m0.00%[0m | Profit/Loss Ratio: [94m0.00[0m | Positions: 0/10 | Cash: [93m100.00[0m% | Trades: 0 | Candidates: 2
1970-01-01 | Balance: [91m0.00[0m | W/L Ratio: [95m0.00%[0m | Profit/Loss Ratio: [94m0.00[0m | Positions: 0/10 | Cash: [93m100.00[0m% | Trades: 0 | Candidates: 2
1970-01-01 | Balance: [91m0.00[0m | W/L Ratio: [95m0.00%[0m | Profit/Loss Ratio: [94m0.00[0m | Positions: 0/10 | Cash: [93m100.00[0m% | Trades: 0 | Candidates: 2
1970-01-01 | Balance: [91m0.00[0m | W/L Ratio: [95m0.00%[0m | Profit/Loss Ratio: [94m0.00[0m | Positions: 0/10 | Cash: [93m100.00[0m% | Trades: 0 | Candidates: 2
1970-01-01 | Balance: [91m0.00[0m | W/L Ratio: [95m0.00%[0m | Profit/Loss Ratio: [94m0.00[0m | Positions: 0/10 | Cash: [93m100.00[0m% | Trades: 0 | Candidates: 2
1970-01-01 | Balance: [91m0.00[0m | W/L Ratio: [95m0.00%[0m | Profit/Loss Ratio: [94m0.00[0m | Positions: 0/10 | Cash: [93m100.00[0m% | Trades: 0 | Candidates: 2
1970-01-01 | Balance: [91m0.00[0m | W/L Ratio: [95m0.00%[0m | Profit/Loss Ratio: [94m0.00[0m | Positions: 0/10 | Cash: [93m100.00[0m% | Trades: 0 | Candidates: 2
1970-01-01 | Balance: [91m0.00[0m | W/L Ratio: [95m0.00%[0m | Profit/Loss Ratio: [94m0.00[0m | Positions: 0/10 | Cash: [93m100.00[0m% | Trades: 0 | Candidates: 2
1970-01-01 | Balance: [91m0.00[0m | W/L Ratio: [95m0.00%[0m | Profit/Loss Ratio: [94m0.00[0m | Positions: 0/10 | Cash: [93m100.00[0m% | Trades: 0 | Candidates: 2
1970-01-01 | Balance: [91m0.00[0m | W/L Ratio: [95m0.00%[0m | Profit/Loss Ratio: [94m0.00[0m | Positions: 0/10 | Cash: [93m100.00[0m% | Trades: 0 | Candidates: 2
1970-01-01 | Balance: [91m0.00[0m | W/L Ratio: [95m0.00%[0m | Profit/Loss Ratio: [94m0.00[0m | Positions: 0/10 | Cash: [93m100.00[0m% | Trades: 0 | Candidates: 2
1970-01-01 | Balance: [91m0.00[0m | W/L Ratio: [95m0.00%[0m | Profit/Loss Ratio: [94m0.00[0m | Positions: 0/10 | Cash: [93m100.00[0m% | Trades: 0 | Candidates: 2
1970-01-01 | Balance: [91m0.00[0m | W/L Ratio: [95m0.00%[0m | Profit/Loss Ratio: [94m0.00[0m | Positions: 0/10 | Cash: [93m100.00[0m% | Trades: 0 | Candidates: 2
1970-01-01 | Balance: [91m0.00[0m | W/L Ratio: [95m0.00%[0m | Profit/Loss Ratio: [94m0.00[0m | Positions: 0/10 | Cash: [93m100.00[0m% | Trades: 0 | Candidates: 2
1970-01-01 | Balance: [91m0.00[0m | W/L Ratio: [95m0.00%[0m | Profit/Loss Ratio: [94m0.00[0m | Positions: 0/10 | Cash: [93m100.00[0m% | Trades: 0 | Candidates: 2
1970-01-01 | Balance: [91m0.00[0m | W/L Ratio: [95m0.00%[0m | Profit/Loss Ratio: [94m0.00[0m | Positions: 0/10 | Cash: [93m100.00[0m% | Trades: 0 | Candidates: 2
1970-01-01 | Balance: [91m0.00[0m | W/L Ratio: [95m0.00%[0m | Profit/Loss Ratio: [94m0.00[0m | Positions: 0/10 | Cash: [93m100.00[0m% | Trades: 0 | Candidates: 2
1970-01-01 | Balance: [91m0.00[0m | W/L Ratio: [95m0.00%[0m | Profit/Loss Ratio: [94m0.00[0m | Positions: 0/10 | Cash: [93m100.00[0m% | Trades: 0 | Candidates: 2
1970-01-01 | Balance: [91m0.00[0m | W/L Ratio: [95m0.00%[0m | Profit/Loss Ratio: [94m0.00[0m | Positions: 0/10 | Cash: [93m100.00[0m% | Trades: 0 | Candidates: 2
1970-01-01 | Balance: [91m0.00[0m | W/L Ratio: [95m0.00%[0m | Profit/Loss Ratio: [94m0.00[0m | Positions: 0/10 | Cash: [93m100.00[0m% | Trades: 0 | Candidates: 2
1970-01-01 | Balance: [91m0.00[0m | W/L Ratio: [95m0.00%[0m | Profit/Loss Ratio: [94m0.00[0m | Positions: 0/10 | Cash: [93m100.00[0m% | Trades: 0 | Candidates: 2
1970-01-01 | Balance: [91m0.00[0m | W/L Ratio: [95m0.00%[0m | Profit/Loss Ratio: [94m0.00[0m | Positions: 0/10 | Cash: [93m100.00[0m% | Trades: 0 | Candidates: 2
1970-01-01 | Balance: [91m0.00[0m | W/L Ratio: [95m0.00%[0m | Profit/Loss Ratio: [94m0.00[0m | Positions: 0/10 | Cash: [93m100.00[0m% | Trades: 0 | Candidates: 2
1970-01-01 | Balance: [91m0.00[0m | W/L Ratio: [95m0.00%[0m | Profit/Loss Ratio: [94m0.00[0m | Positions: 0/10 | Cash: [93m100.00[0m% | Trades: 0 | Candidates: 2
1970-01-01 | Balance: [91m0.00[0m | W/L Ratio: [95m0.00%[0m | Profit/Loss Ratio: [94m0.00[0m | Positions: 0/10 | Cash: [93m100.00[0m% | Trades: 0 | Candidates: 2
1970-01-01 | Balance: [91m0.00[0m | W/L Ratio: [95m0.00%[0m | Profit/Loss Ratio: [94m0.00[0m | Positions: 0/10 | Cash: [93m100.00[0m% | Trades: 0 | Candidates: 2
1970-01-01 | Balance: [91m0.00[0m | W/L Ratio: [95m0.00%[0m | Profit/Loss Ratio: [94m0.00[0m | Positions: 0/10 | Cash: [93m100.00[0m% | Trades: 0 | Candidates: 2
1970-01-01 | Balance: [91m0.00[0m | W/L Ratio: [95m0.00%[0m | Profit/Loss Ratio: [94m0.00[0m | Positions: 0/10 | Cash: [93m100.00[0m% | Trades: 0 | Candidates: 2
1970-01-01 | Balance: [91m0.00[0m | W/L Ratio: [95m0.00%[0m | Profit/Loss Ratio: [94m0.00[0m | Positions: 0/10 | Cash: [93m100.00[0m% | Trades: 0 | Candidates: 2
1970-01-01 | Balance: [91m0.00[0m | W/L Ratio: [95m0.00%[0m | Profit/Loss Ratio: [94m0.00[0m | Positions: 0/10 | Cash: [93m100.00[0m% | Trades: 0 | Candidates: 2
1970-01-01 | Balance: [91m0.00[0m | W/L Ratio: [95m0.00%[0m | Profit/Loss Ratio: [94m0.00[0m | Positions: 0/10 | Cash: [93m100.00[0m% | Trades: 0 | Candidates: 2
1970-01-01 | Balance: [91m0.00[0m | W/L Ratio: [95m0.00%[0m | Profit/Loss Ratio: [94m0.00[0m | Positions: 0/10 | Cash: [93m100.00[0m% | Trades: 0 | Candidates: 2
1970-01-01 | Balance: [91m0.00[0m | W/L Ratio: [95m0.00%[0m | Profit/Loss Ratio: [94m0.00[0m | Positions: 0/10 | Cash: [93m100.00[0m% | Trades: 0 | Candidates: 2
1970-01-01 | Balance: [91m0.00[0m | W/L Ratio: [95m0.00%[0m | Profit/Loss Ratio: [94m0.00[0m | Positions: 0/10 | Cash: [93m100.00[0m% | Trades: 0 | Candidates: 2
1970-01-01 | Balance: [91m0.00[0m | W/L Ratio: [95m0.00%[0m | Profit/Loss Ratio: [94m0.00[0m | Positions: 0/10 | Cash: [93m100.00[0m% | Trades: 0 | Candidates: 2
1970-01-01 | Balance: [91m0.00[0m | W/L Ratio: [95m0.00%[0m | Profit/Loss Ratio: [94m0.00[0m | Positions: 0/10 | Cash: [93m100.00[0m% | Trades: 0 | Candidates: 2
1970-01-01 | Balance: [91m0.00[0m | W/L Ratio: [95m0.00%[0m | Profit/Loss Ratio: [94m0.00[0m | Positions: 0/10 | Cash: [93m100.00[0m% | Trades: 0 | Candidates: 2
1970-01-01 | Balance: [91m0.00[0m | W/L Ratio: [95m0.00%[0m | Profit/Loss Ratio: [94m0.00[0m | Positions: 0/10 | Cash: [93m100.00[0m% | Trades: 0 | Candidates: 2
1970-01-01 | Balance: [91m0.00[0m | W/L Ratio: [95m0.00%[0m | Profit/Loss Ratio: [94m0.00[0m | Positions: 0/10 | Cash: [93m100.00[0m% | Trades: 0 | Candidates: 2
1970-01-01 | Balance: [91m0.00[0m | W/L Ratio: [95m0.00%[0m | Profit/Loss Ratio: [94m0.00[0m | Positions: 0/10 | Cash: [93m100.00[0m% | Trades: 0 | Candidates: 2
1970-01-01 | Balance: [91m0.00[0m | W/L Ratio: [95m0.00%[0m | Profit/Loss Ratio: [94m0.00[0m | Positions: 0/10 | Cash: [93m100.00[0m% | Trades: 0 | Candidates: 2
1970-01-01 | Balance: [91m0.00[0m | W/L Ratio: [95m0.00%[0m | Profit/Loss Ratio: [94m0.00[0m | Positions: 0/10 | Cash: [93m100.00[0m% | Trades: 0 | Candidates: 2
1970-01-01 | Balance: [91m0.00[0m | W/L Ratio: [95m0.00%[0m | Profit/Loss Ratio: [94m0.00[0m | Positions: 0/10 | Cash: [93m100.00[0m% | Trades: 0 | Candidates: 2
1970-01-01 | Balance: [91m0.00[0m | W/L Ratio: [95m0.00%[0m | Profit/Loss Ratio: [94m0.00[0m | Positions: 0/10 | Cash: [93m100.00[0m% | Trades: 0 | Candidates: 2
1970-01-01 | Balance: [91m0.00[0m | W/L Ratio: [95m0.00%[0m | Profit/Loss Ratio: [94m0.00[0m | Positions: 0/10 | Cash: [93m100.00[0m% | Trades: 0 | Candidates: 2
1970-01-01 | Balance: [91m0.00[0m | W/L Ratio: [95m0.00%[0m | Profit/Loss Ratio: [94m0.00[0m | Positions: 0/10 | Cash: [93m100.00[0m% | Trades: 0 | Candidates: 2
1970-01-01 | Balance: [91m0.00[0m | W/L Ratio: [95m0.00%[0m | Profit/Loss Ratio: [94m0.00[0m | Positions: 0/10 | Cash: [93m100.00[0m% | Trades: 0 | Candidates: 2
1970-01-01 | Balance: [91m0.00[0m | W/L Ratio: [95m0.00%[0m | Profit/Loss Ratio: [94m0.00[0m | Positions: 0/10 | Cash: [93m100.00[0m% | Trades: 0 | Candidates: 2
1970-01-01 | Balance: [91m0.00[0m | W/L Ratio: [95m0.00%[0m | Profit/Loss Ratio: [94m0.00[0m | Positions: 0/10 | Cash: [93m100.00[0m% | Trades: 0 | Candidates: 2
1970-01-01 | Balance: [91m0.00[0m | W/L Ratio: [95m0.00%[0m | Profit/Loss Ratio: [94m0.00[0m | Positions: 0/10 | Cash: [93m100.00[0m% | Trades: 0 | Candidates: 2
1970-01-01 | Balance: [91m0.00[0m | W/L Ratio: [95m0.00%[0m | Profit/Loss Ratio: [94m0.00[0m | Positions: 0/10 | Cash: [93m100.00[0m% | Trades: 0 | Candidates: 2
1970-01-01 | Balance: [91m0.00[0m | W/L Ratio: [95m0.00%[0m | Profit/Loss Ratio: [94m0.00[0m | Positions: 0/10 | Cash: [93m100.00[0m% | Trades: 0 | Candidates: 2
1970-01-01 | Balance: [91m0.00[0m | W/L Ratio: [95m0.00%[0m | Profit/Loss Ratio: [94m0.00[0m | Positions: 0/10 | Cash: [93m100.00[0m% | Trades: 0 | Candidates: 2
1970-01-01 | Balance: [91m0.00[0m | W/L Ratio: [95m0.00%[0m | Profit/Loss Ratio: [94m0.00[0m | Positions: 0/10 | Cash: [93m100.00[0m% | Trades: 0 | Candidates: 2
1970-01-01 | Balance: [91m0.00[0m | W/L Ratio: [95m0.00%[0m | Profit/Loss Ratio: [94m0.00[0m | Positions: 0/10 | Cash: [93m100.00[0m% | Trades: 0 | Candidates: 2
1970-01-01 | Balance: [91m0.00[0m | W/L Ratio: [95m0.00%[0m | Profit/Loss Ratio: [94m0.00[0m | Positions: 0/10 | Cash: [93m100.00[0m% | Trades: 0 | Candidates: 2
1970-01-01 | Balance: [91m0.00[0m | W/L Ratio: [95m0.00%[0m | Profit/Loss Ratio: [94m0.00[0m | Positions: 0/10 | Cash: [93m100.00[0m% | Trades: 0 | Candidates: 2
1970-01-01 | Balance: [91m0.00[0m | W/L Ratio: [95m0.00%[0m | Profit/Loss Ratio: [94m0.00[0m | Positions: 0/10 | Cash: [93m100.00[0m% | Trades: 0 | Candidates: 2
1970-01-01 | Balance: [91m0.00[0m | W/L Ratio: [95m0.00%[0m | Profit/Loss Ratio: [94m0.00[0m | Positions: 0/10 | Cash: [93m100.00[0m% | Trades: 0 | Candidates: 2
1970-01-01 | Balance: [91m0.00[0m | W/L Ratio: [95m0.00%[0m | Profit/Loss Ratio: [94m0.00[0m | Positions: 0/10 | Cash: [93m100.00[0m% | Trades: 0 | Candidates: 2
1970-01-01 | Balance: [91m0.00[0m | W/L Ratio: [95m0.00%[0m | Profit/Loss Ratio: [94m0.00[0m | Positions: 0/10 | Cash: [93m100.00[0m% | Trades: 0 | Candidates: 2
1970-01-01 | Balance: [91m0.00[0m | W/L Ratio: [95m0.00%[0m | Profit/Loss Ratio: [94m0.00[0m | Positions: 0/10 | Cash: [93m100.00[0m% | Trades: 0 | Candidates: 2
1970-01-01 | Balance: [91m0.00[0m | W/L Ratio: [95m0.00%[0m | Profit/Loss Ratio: [94m0.00[0m | Positions: 0/10 | Cash: [93m100.00[0m% | Trades: 0 | Candidates: 2
1970-01-01 | Balance: [91m0.00[0m | W/L Ratio: [95m0.00%[0m | Profit/Loss Ratio: [94m0.00[0m | Positions: 0/10 | Cash: [93m100.00[0m% | Trades: 0 | Candidates: 2
1970-01-01 | Balance: [91m0.00[0m | W/L Ratio: [95m0.00%[0m | Profit/Loss Ratio: [94m0.00[0m | Positions: 0/10 | Cash: [93m100.00[0m% | Trades: 0 | Candidates: 2
1970-01-01 | Balance: [91m0.00[0m | W/L Ratio: [95m0.00%[0m | Profit/Loss Ratio: [94m0.00[0m | Positions: 0/10 | Cash: [93m100.00[0m% | Trades: 0 | Candidates: 2
1970-01-01 | Balance: [91m0.00[0m | W/L Ratio: [95m0.00%[0m | Profit/Loss Ratio: [94m0.00[0m | Positions: 0/10 | Cash: [93m100.00[0m% | Trades: 0 | Candidates: 2
1970-01-01 | Balance: [91m0.00[0m | W/L Ratio: [95m0.00%[0m | Profit/Loss Ratio: [94m0.00[0m | Positions: 0/10 | Cash: [93m100.00[0m% | Trades: 0 | Candidates: 2
1970-01-01 | Balance: [91m0.00[0m | W/L Ratio: [95m0.00%[0m | Profit/Loss Ratio: [94m0.00[0m | Positions: 0/10 | Cash: [93m100.00[0m% | Trades: 0 | Candidates: 2
1970-01-01 | Balance: [91m0.00[0m | W/L Ratio: [95m0.00%[0m | Profit/Loss Ratio: [94m0.00[0m | Positions: 0/10 | Cash: [93m100.00[0m% | Trades: 0 | Candidates: 2
1970-01-01 | Balance: [91m0.00[0m | W/L Ratio: [95m0.00%[0m | Profit/Loss Ratio: [94m0.00[0m | Positions: 0/10 | Cash: [93m100.00[0m% | Trades: 0 | Candidates: 2
1970-01-01 | Balance: [91m0.00[0m | W/L Ratio: [95m0.00%[0m | Profit/Loss Ratio: [94m0.00[0m | Positions: 0/10 | Cash: [93m100.00[0m% | Trades: 0 | Candidates: 2
1970-01-01 | Balance: [91m0.00[0m | W/L Ratio: [95m0.00%[0m | Profit/Loss Ratio: [94m0.00[0m | Positions: 0/10 | Cash: [93m100.00[0m% | Trades: 0 | Candidates: 2
1970-01-01 | Balance: [91m0.00[0m | W/L Ratio: [95m0.00%[0m | Profit/Loss Ratio: [94m0.00[0m | Positions: 0/10 | Cash: [93m100.00[0m% | Trades: 0 | Candidates: 2
1970-01-01 | Balance: [91m0.00[0m | W/L Ratio: [95m0.00%[0m | Profit/Loss Ratio: [94m0.00[0m | Positions: 0/10 | Cash: [93m100.00[0m% | Trades: 0 | Candidates: 2
1970-01-01 | Balance: [91m0.00[0m | W/L Ratio: [95m0.00%[0m | Profit/Loss Ratio: [94m0.00[0m | Positions: 0/10 | Cash: [93m100.00[0m% | Trades: 0 | Candidates: 2
1970-01-01 | Balance: [91m0.00[0m | W/L Ratio: [95m0.00%[0m | Profit/Loss Ratio: [94m0.00[0m | Positions: 0/10 | Cash: [93m100.00[0m% | Trades: 0 | Candidates: 2
1970-01-01 | Balance: [91m0.00[0m | W/L Ratio: [95m0.00%[0m | Profit/Loss Ratio: [94m0.00[0m | Positions: 0/10 | Cash: [93m100.00[0m% | Trades: 0 | Candidates: 2
1970-01-01 | Balance: [91m0.00[0m | W/L Ratio: [95m0.00%[0m | Profit/Loss Ratio: [94m0.00[0m | Positions: 0/10 | Cash: [93m100.00[0m% | Trades: 0 | Candidates: 2
1970-01-01 | Balance: [91m0.00[0m | W/L Ratio: [95m0.00%[0m | Profit/Loss Ratio: [94m0.00[0m | Positions: 0/10 | Cash: [93m100.00[0m% | Trades: 0 | Candidates: 2
1970-01-01 | Balance: [91m0.00[0m | W/L Ratio: [95m0.00%[0m | Profit/Loss Ratio: [94m0.00[0m | Positions: 0/10 | Cash: [93m100.00[0m% | Trades: 0 | Candidates: 2
1970-01-01 | Balance: [91m0.00[0m | W/L Ratio: [95m0.00%[0m | Profit/Loss Ratio: [94m0.00[0m | Positions: 0/10 | Cash: [93m100.00[0m% | Trades: 0 | Candidates: 2
1970-01-01 | Balance: [91m0.00[0m | W/L Ratio: [95m0.00%[0m | Profit/Loss Ratio: [94m0.00[0m | Positions: 0/10 | Cash: [93m100.00[0m% | Trades: 0 | Candidates: 2
INFO:project.service.daily_backtest_service:Backtest completed in 0.94s with 0 trades
1970-01-01 | Balance: [91m0.00[0m | W/L Ratio: [95m0.00%[0m | Profit/Loss Ratio: [94m0.00[0m | Positions: 0/10 | Cash: [93m100.00[0m% | Trades: 0 | Candidates: 2
1970-01-01 | Balance: [91m0.00[0m | W/L Ratio: [95m0.00%[0m | Profit/Loss Ratio: [94m0.00[0m | Positions: 0/10 | Cash: [93m100.00[0m% | Trades: 0 | Candidates: 2
1970-01-01 | Balance: [91m0.00[0m | W/L Ratio: [95m0.00%[0m | Profit/Loss Ratio: [94m0.00[0m | Positions: 0/10 | Cash: [93m100.00[0m% | Trades: 0 | Candidates: 2
1970-01-01 | Balance: [91m0.00[0m | W/L Ratio: [95m0.00%[0m | Profit/Loss Ratio: [94m0.00[0m | Positions: 0/10 | Cash: [93m100.00[0m% | Trades: 0 | Candidates: 2
1970-01-01 | Balance: [91m0.00[0m | W/L Ratio: [95m0.00%[0m | Profit/Loss Ratio: [94m0.00[0m | Positions: 0/10 | Cash: [93m100.00[0m% | Trades: 0 | Candidates: 2
1970-01-01 | Balance: [91m0.00[0m | W/L Ratio: [95m0.00%[0m | Profit/Loss Ratio: [94m0.00[0m | Positions: 0/10 | Cash: [93m100.00[0m% | Trades: 0 | Candidates: 2
1970-01-01 | Balance: [91m0.00[0m | W/L Ratio: [95m0.00%[0m | Profit/Loss Ratio: [94m0.00[0m | Positions: 0/10 | Cash: [93m100.00[0m% | Trades: 0 | Candidates: 2
1970-01-01 | Balance: [91m0.00[0m | W/L Ratio: [95m0.00%[0m | Profit/Loss Ratio: [94m0.00[0m | Positions: 0/10 | Cash: [93m100.00[0m% | Trades: 0 | Candidates: 2
1970-01-01 | Balance: [91m0.00[0m | W/L Ratio: [95m0.00%[0m | Profit/Loss Ratio: [94m0.00[0m | Positions: 0/10 | Cash: [93m100.00[0m% | Trades: 0 | Candidates: 2
1970-01-01 | Balance: [91m0.00[0m | W/L Ratio: [95m0.00%[0m | Profit/Loss Ratio: [94m0.00[0m | Positions: 0/10 | Cash: [93m100.00[0m% | Trades: 0 | Candidates: 2
1970-01-01 | Balance: [91m0.00[0m | W/L Ratio: [95m0.00%[0m | Profit/Loss Ratio: [94m0.00[0m | Positions: 0/10 | Cash: [93m100.00[0m% | Trades: 0 | Candidates: 2
1970-01-01 | Balance: [91m0.00[0m | W/L Ratio: [95m0.00%[0m | Profit/Loss Ratio: [94m0.00[0m | Positions: 0/10 | Cash: [93m100.00[0m% | Trades: 0 | Candidates: 2
1970-01-01 | Balance: [91m0.00[0m | W/L Ratio: [95m0.00%[0m | Profit/Loss Ratio: [94m0.00[0m | Positions: 0/10 | Cash: [93m100.00[0m% | Trades: 0 | Candidates: 2
1970-01-01 | Balance: [91m0.00[0m | W/L Ratio: [95m0.00%[0m | Profit/Loss Ratio: [94m0.00[0m | Positions: 0/10 | Cash: [93m100.00[0m% | Trades: 0 | Candidates: 2
1970-01-01 | Balance: [91m0.00[0m | W/L Ratio: [95m0.00%[0m | Profit/Loss Ratio: [94m0.00[0m | Positions: 0/10 | Cash: [93m100.00[0m% | Trades: 0 | Candidates: 2
1970-01-01 | Balance: [91m0.00[0m | W/L Ratio: [95m0.00%[0m | Profit/Loss Ratio: [94m0.00[0m | Positions: 0/10 | Cash: [93m100.00[0m% | Trades: 0 | Candidates: 2
1970-01-01 | Balance: [91m0.00[0m | W/L Ratio: [95m0.00%[0m | Profit/Loss Ratio: [94m0.00[0m | Positions: 0/10 | Cash: [93m100.00[0m% | Trades: 0 | Candidates: 2
1970-01-01 | Balance: [91m0.00[0m | W/L Ratio: [95m0.00%[0m | Profit/Loss Ratio: [94m0.00[0m | Positions: 0/10 | Cash: [93m100.00[0m% | Trades: 0 | Candidates: 2
1970-01-01 | Balance: [91m0.00[0m | W/L Ratio: [95m0.00%[0m | Profit/Loss Ratio: [94m0.00[0m | Positions: 0/10 | Cash: [93m100.00[0m% | Trades: 0 | Candidates: 2
1970-01-01 | Balance: [91m0.00[0m | W/L Ratio: [95m0.00%[0m | Profit/Loss Ratio: [94m0.00[0m | Positions: 0/10 | Cash: [93m100.00[0m% | Trades: 0 | Candidates: 2
1970-01-01 | Balance: [91m0.00[0m | W/L Ratio: [95m0.00%[0m | Profit/Loss Ratio: [94m0.00[0m | Positions: 0/10 | Cash: [93m100.00[0m% | Trades: 0 | Candidates: 2
1970-01-01 | Balance: [91m0.00[0m | W/L Ratio: [95m0.00%[0m | Profit/Loss Ratio: [94m0.00[0m | Positions: 0/10 | Cash: [93m100.00[0m% | Trades: 0 | Candidates: 2
1970-01-01 | Balance: [91m0.00[0m | W/L Ratio: [95m0.00%[0m | Profit/Loss Ratio: [94m0.00[0m | Positions: 0/10 | Cash: [93m100.00[0m% | Trades: 0 | Candidates: 2
1970-01-01 | Balance: [91m0.00[0m | W/L Ratio: [95m0.00%[0m | Profit/Loss Ratio: [94m0.00[0m | Positions: 0/10 | Cash: [93m100.00[0m% | Trades: 0 | Candidates: 2
1970-01-01 | Balance: [91m0.00[0m | W/L Ratio: [95m0.00%[0m | Profit/Loss Ratio: [94m0.00[0m | Positions: 0/10 | Cash: [93m100.00[0m% | Trades: 0 | Candidates: 2
1970-01-01 | Balance: [91m0.00[0m | W/L Ratio: [95m0.00%[0m | Profit/Loss Ratio: [94m0.00[0m | Positions: 0/10 | Cash: [93m100.00[0m% | Trades: 0 | Candidates: 2
1970-01-01 | Balance: [91m0.00[0m | W/L Ratio: [95m0.00%[0m | Profit/Loss Ratio: [94m0.00[0m | Positions: 0/10 | Cash: [93m100.00[0m% | Trades: 0 | Candidates: 2
1970-01-01 | Balance: [91m0.00[0m | W/L Ratio: [95m0.00%[0m | Profit/Loss Ratio: [94m0.00[0m | Positions: 0/10 | Cash: [93m100.00[0m% | Trades: 0 | Candidates: 2
1970-01-01 | Balance: [91m0.00[0m | W/L Ratio: [95m0.00%[0m | Profit/Loss Ratio: [94m0.00[0m | Positions: 0/10 | Cash: [93m100.00[0m% | Trades: 0 | Candidates: 2
1970-01-01 | Balance: [91m0.00[0m | W/L Ratio: [95m0.00%[0m | Profit/Loss Ratio: [94m0.00[0m | Positions: 0/10 | Cash: [93m100.00[0m% | Trades: 0 | Candidates: 2
1970-01-01 | Balance: [91m0.00[0m | W/L Ratio: [95m0.00%[0m | Profit/Loss Ratio: [94m0.00[0m | Positions: 0/10 | Cash: [93m100.00[0m% | Trades: 0 | Candidates: 2
1970-01-01 | Balance: [91m0.00[0m | W/L Ratio: [95m0.00%[0m | Profit/Loss Ratio: [94m0.00[0m | Positions: 0/10 | Cash: [93m100.00[0m% | Trades: 0 | Candidates: 2
1970-01-01 | Balance: [91m0.00[0m | W/L Ratio: [95m0.00%[0m | Profit/Loss Ratio: [94m0.00[0m | Positions: 0/10 | Cash: [93m100.00[0m% | Trades: 0 | Candidates: 2
1970-01-01 | Balance: [91m0.00[0m | W/L Ratio: [95m0.00%[0m | Profit/Loss Ratio: [94m0.00[0m | Positions: 0/10 | Cash: [93m100.00[0m% | Trades: 0 | Candidates: 2
1970-01-01 | Balance: [91m0.00[0m | W/L Ratio: [95m0.00%[0m | Profit/Loss Ratio: [94m0.00[0m | Positions: 0/10 | Cash: [93m100.00[0m% | Trades: 0 | Candidates: 2
1970-01-01 | Balance: [91m0.00[0m | W/L Ratio: [95m0.00%[0m | Profit/Loss Ratio: [94m0.00[0m | Positions: 0/10 | Cash: [93m100.00[0m% | Trades: 0 | Candidates: 2
1970-01-01 | Balance: [91m0.00[0m | W/L Ratio: [95m0.00%[0m | Profit/Loss Ratio: [94m0.00[0m | Positions: 0/10 | Cash: [93m100.00[0m% | Trades: 0 | Candidates: 2
1970-01-01 | Balance: [91m0.00[0m | W/L Ratio: [95m0.00%[0m | Profit/Loss Ratio: [94m0.00[0m | Positions: 0/10 | Cash: [93m100.00[0m% | Trades: 0 | Candidates: 2
1970-01-01 | Balance: [91m0.00[0m | W/L Ratio: [95m0.00%[0m | Profit/Loss Ratio: [94m0.00[0m | Positions: 0/10 | Cash: [93m100.00[0m% | Trades: 0 | Candidates: 2
1970-01-01 | Balance: [91m0.00[0m | W/L Ratio: [95m0.00%[0m | Profit/Loss Ratio: [94m0.00[0m | Positions: 0/10 | Cash: [93m100.00[0m% | Trades: 0 | Candidates: 2
1970-01-01 | Balance: [91m0.00[0m | W/L Ratio: [95m0.00%[0m | Profit/Loss Ratio: [94m0.00[0m | Positions: 0/10 | Cash: [93m100.00[0m% | Trades: 0 | Candidates: 2
1970-01-01 | Balance: [91m0.00[0m | W/L Ratio: [95m0.00%[0m | Profit/Loss Ratio: [94m0.00[0m | Positions: 0/10 | Cash: [93m100.00[0m% | Trades: 0 | Candidates: 2
1970-01-01 | Balance: [91m0.00[0m | W/L Ratio: [95m0.00%[0m | Profit/Loss Ratio: [94m0.00[0m | Positions: 0/10 | Cash: [93m100.00[0m% | Trades: 0 | Candidates: 2
1970-01-01 | Balance: [91m0.00[0m | W/L Ratio: [95m0.00%[0m | Profit/Loss Ratio: [94m0.00[0m | Positions: 0/10 | Cash: [93m100.00[0m% | Trades: 0 | Candidates: 2
1970-01-01 | Balance: [91m0.00[0m | W/L Ratio: [95m0.00%[0m | Profit/Loss Ratio: [94m0.00[0m | Positions: 0/10 | Cash: [93m100.00[0m% | Trades: 0 | Candidates: 2
1970-01-01 | Balance: [91m0.00[0m | W/L Ratio: [95m0.00%[0m | Profit/Loss Ratio: [94m0.00[0m | Positions: 0/10 | Cash: [93m100.00[0m% | Trades: 0 | Candidates: 2
1970-01-01 | Balance: [91m0.00[0m | W/L Ratio: [95m0.00%[0m | Profit/Loss Ratio: [94m0.00[0m | Positions: 0/10 | Cash: [93m100.00[0m% | Trades: 0 | Candidates: 2
INFO:project.database.mongodb_operations:MongoDB connection closed
1970-01-01 | Balance: [91m0.00[0m | W/L Ratio: [95m0.00%[0m | Profit/Loss Ratio: [94m0.00[0m | Positions: 0/10 | Cash: [93m100.00[0m% | Trades: 0 | Candidates: 2
1970-01-01 | Balance: [91m0.00[0m | W/L Ratio: [95m0.00%[0m | Profit/Loss Ratio: [94m0.00[0m | Positions: 0/10 | Cash: [93m100.00[0m% | Trades: 0 | Candidates: 2
1970-01-01 | Balance: [91m0.00[0m | W/L Ratio: [95m0.00%[0m | Profit/Loss Ratio: [94m0.00[0m | Positions: 0/10 | Cash: [93m100.00[0m% | Trades: 0 | Candidates: 2
1970-01-01 | Balance: [91m0.00[0m | W/L Ratio: [95m0.00%[0m | Profit/Loss Ratio: [94m0.00[0m | Positions: 0/10 | Cash: [93m100.00[0m% | Trades: 0 | Candidates: 2
1970-01-01 | Balance: [91m0.00[0m | W/L Ratio: [95m0.00%[0m | Profit/Loss Ratio: [94m0.00[0m | Positions: 0/10 | Cash: [93m100.00[0m% | Trades: 0 | Candidates: 2
1970-01-01 | Balance: [91m0.00[0m | W/L Ratio: [95m0.00%[0m | Profit/Loss Ratio: [94m0.00[0m | Positions: 0/10 | Cash: [93m100.00[0m% | Trades: 0 | Candidates: 2
1970-01-01 | Balance: [91m0.00[0m | W/L Ratio: [95m0.00%[0m | Profit/Loss Ratio: [94m0.00[0m | Positions: 0/10 | Cash: [93m100.00[0m% | Trades: 0 | Candidates: 2
1970-01-01 | Balance: [91m0.00[0m | W/L Ratio: [95m0.00%[0m | Profit/Loss Ratio: [94m0.00[0m | Positions: 0/10 | Cash: [93m100.00[0m% | Trades: 0 | Candidates: 2
1970-01-01 | Balance: [91m0.00[0m | W/L Ratio: [95m0.00%[0m | Profit/Loss Ratio: [94m0.00[0m | Positions: 0/10 | Cash: [93m100.00[0m% | Trades: 0 | Candidates: 2
1970-01-01 | Balance: [91m0.00[0m | W/L Ratio: [95m0.00%[0m | Profit/Loss Ratio: [94m0.00[0m | Positions: 0/10 | Cash: [93m100.00[0m% | Trades: 0 | Candidates: 2
1970-01-01 | Balance: [91m0.00[0m | W/L Ratio: [95m0.00%[0m | Profit/Loss Ratio: [94m0.00[0m | Positions: 0/10 | Cash: [93m100.00[0m% | Trades: 0 | Candidates: 2
1970-01-01 | Balance: [91m0.00[0m | W/L Ratio: [95m0.00%[0m | Profit/Loss Ratio: [94m0.00[0m | Positions: 0/10 | Cash: [93m100.00[0m% | Trades: 0 | Candidates: 2
1970-01-01 | Balance: [91m0.00[0m | W/L Ratio: [95m0.00%[0m | Profit/Loss Ratio: [94m0.00[0m | Positions: 0/10 | Cash: [93m100.00[0m% | Trades: 0 | Candidates: 2
1970-01-01 | Balance: [91m0.00[0m | W/L Ratio: [95m0.00%[0m | Profit/Loss Ratio: [94m0.00[0m | Positions: 0/10 | Cash: [93m100.00[0m% | Trades: 0 | Candidates: 2
1970-01-01 | Balance: [91m0.00[0m | W/L Ratio: [95m0.00%[0m | Profit/Loss Ratio: [94m0.00[0m | Positions: 0/10 | Cash: [93m100.00[0m% | Trades: 0 | Candidates: 2
1970-01-01 | Balance: [91m0.00[0m | W/L Ratio: [95m0.00%[0m | Profit/Loss Ratio: [94m0.00[0m | Positions: 0/10 | Cash: [93m100.00[0m% | Trades: 0 | Candidates: 2
1970-01-01 | Balance: [91m0.00[0m | W/L Ratio: [95m0.00%[0m | Profit/Loss Ratio: [94m0.00[0m | Positions: 0/10 | Cash: [93m100.00[0m% | Trades: 0 | Candidates: 2
1970-01-01 | Balance: [91m0.00[0m | W/L Ratio: [95m0.00%[0m | Profit/Loss Ratio: [94m0.00[0m | Positions: 0/10 | Cash: [93m100.00[0m% | Trades: 0 | Candidates: 2
1970-01-01 | Balance: [91m0.00[0m | W/L Ratio: [95m0.00%[0m | Profit/Loss Ratio: [94m0.00[0m | Positions: 0/10 | Cash: [93m100.00[0m% | Trades: 0 | Candidates: 2
1970-01-01 | Balance: [91m0.00[0m | W/L Ratio: [95m0.00%[0m | Profit/Loss Ratio: [94m0.00[0m | Positions: 0/10 | Cash: [93m100.00[0m% | Trades: 0 | Candidates: 2
1970-01-01 | Balance: [91m0.00[0m | W/L Ratio: [95m0.00%[0m | Profit/Loss Ratio: [94m0.00[0m | Positions: 0/10 | Cash: [93m100.00[0m% | Trades: 0 | Candidates: 2
1970-01-01 | Balance: [91m0.00[0m | W/L Ratio: [95m0.00%[0m | Profit/Loss Ratio: [94m0.00[0m | Positions: 0/10 | Cash: [93m100.00[0m% | Trades: 0 | Candidates: 2
1970-01-01 | Balance: [91m0.00[0m | W/L Ratio: [95m0.00%[0m | Profit/Loss Ratio: [94m0.00[0m | Positions: 0/10 | Cash: [93m100.00[0m% | Trades: 0 | Candidates: 2
1970-01-01 | Balance: [91m0.00[0m | W/L Ratio: [95m0.00%[0m | Profit/Loss Ratio: [94m0.00[0m | Positions: 0/10 | Cash: [93m100.00[0m% | Trades: 0 | Candidates: 2
1970-01-01 | Balance: [91m0.00[0m | W/L Ratio: [95m0.00%[0m | Profit/Loss Ratio: [94m0.00[0m | Positions: 0/10 | Cash: [93m100.00[0m% | Trades: 0 | Candidates: 2
1970-01-01 | Balance: [91m0.00[0m | W/L Ratio: [95m0.00%[0m | Profit/Loss Ratio: [94m0.00[0m | Positions: 0/10 | Cash: [93m100.00[0m% | Trades: 0 | Candidates: 2
1970-01-01 | Balance: [91m0.00[0m | W/L Ratio: [95m0.00%[0m | Profit/Loss Ratio: [94m0.00[0m | Positions: 0/10 | Cash: [93m100.00[0m% | Trades: 0 | Candidates: 2
1970-01-01 | Balance: [91m0.00[0m | W/L Ratio: [95m0.00%[0m | Profit/Loss Ratio: [94m0.00[0m | Positions: 0/10 | Cash: [93m100.00[0m% | Trades: 0 | Candidates: 2
1970-01-01 | Balance: [91m0.00[0m | W/L Ratio: [95m0.00%[0m | Profit/Loss Ratio: [94m0.00[0m | Positions: 0/10 | Cash: [93m100.00[0m% | Trades: 0 | Candidates: 2
1970-01-01 | Balance: [91m0.00[0m | W/L Ratio: [95m0.00%[0m | Profit/Loss Ratio: [94m0.00[0m | Positions: 0/10 | Cash: [93m100.00[0m% | Trades: 0 | Candidates: 2
1970-01-01 | Balance: [91m0.00[0m | W/L Ratio: [95m0.00%[0m | Profit/Loss Ratio: [94m0.00[0m | Positions: 0/10 | Cash: [93m100.00[0m% | Trades: 0 | Candidates: 2
1970-01-01 | Balance: [91m0.00[0m | W/L Ratio: [95m0.00%[0m | Profit/Loss Ratio: [94m0.00[0m | Positions: 0/10 | Cash: [93m100.00[0m% | Trades: 0 | Candidates: 2
1970-01-01 | Balance: [91m0.00[0m | W/L Ratio: [95m0.00%[0m | Profit/Loss Ratio: [94m0.00[0m | Positions: 0/10 | Cash: [93m100.00[0m% | Trades: 0 | Candidates: 2
1970-01-01 | Balance: [91m0.00[0m | W/L Ratio: [95m0.00%[0m | Profit/Loss Ratio: [94m0.00[0m | Positions: 0/10 | Cash: [93m100.00[0m% | Trades: 0 | Candidates: 2
1970-01-01 | Balance: [91m0.00[0m | W/L Ratio: [95m0.00%[0m | Profit/Loss Ratio: [94m0.00[0m | Positions: 0/10 | Cash: [93m100.00[0m% | Trades: 0 | Candidates: 2
1970-01-01 | Balance: [91m0.00[0m | W/L Ratio: [95m0.00%[0m | Profit/Loss Ratio: [94m0.00[0m | Positions: 0/10 | Cash: [93m100.00[0m% | Trades: 0 | Candidates: 2
1970-01-01 | Balance: [91m0.00[0m | W/L Ratio: [95m0.00%[0m | Profit/Loss Ratio: [94m0.00[0m | Positions: 0/10 | Cash: [93m100.00[0m% | Trades: 0 | Candidates: 2
1970-01-01 | Balance: [91m0.00[0m | W/L Ratio: [95m0.00%[0m | Profit/Loss Ratio: [94m0.00[0m | Positions: 0/10 | Cash: [93m100.00[0m% | Trades: 0 | Candidates: 2
1970-01-01 | Balance: [91m0.00[0m | W/L Ratio: [95m0.00%[0m | Profit/Loss Ratio: [94m0.00[0m | Positions: 0/10 | Cash: [93m100.00[0m% | Trades: 0 | Candidates: 2
1970-01-01 | Balance: [91m0.00[0m | W/L Ratio: [95m0.00%[0m | Profit/Loss Ratio: [94m0.00[0m | Positions: 0/10 | Cash: [93m100.00[0m% | Trades: 0 | Candidates: 2
1970-01-01 | Balance: [91m0.00[0m | W/L Ratio: [95m0.00%[0m | Profit/Loss Ratio: [94m0.00[0m | Positions: 0/10 | Cash: [93m100.00[0m% | Trades: 0 | Candidates: 2
1970-01-01 | Balance: [91m0.00[0m | W/L Ratio: [95m0.00%[0m | Profit/Loss Ratio: [94m0.00[0m | Positions: 0/10 | Cash: [93m100.00[0m% | Trades: 0 | Candidates: 2
1970-01-01 | Balance: [91m0.00[0m | W/L Ratio: [95m0.00%[0m | Profit/Loss Ratio: [94m0.00[0m | Positions: 0/10 | Cash: [93m100.00[0m% | Trades: 0 | Candidates: 2
1970-01-01 | Balance: [91m0.00[0m | W/L Ratio: [95m0.00%[0m | Profit/Loss Ratio: [94m0.00[0m | Positions: 0/10 | Cash: [93m100.00[0m% | Trades: 0 | Candidates: 2
1970-01-01 | Balance: [91m0.00[0m | W/L Ratio: [95m0.00%[0m | Profit/Loss Ratio: [94m0.00[0m | Positions: 0/10 | Cash: [93m100.00[0m% | Trades: 0 | Candidates: 2
1970-01-01 | Balance: [91m0.00[0m | W/L Ratio: [95m0.00%[0m | Profit/Loss Ratio: [94m0.00[0m | Positions: 0/10 | Cash: [93m100.00[0m% | Trades: 0 | Candidates: 2

================================================================================
¹éÅ×½ºÆ® ÃÖÁ¾ °á°ú
================================================================================

[¼º°ú ÁöÇ¥]
  ÃÑ ¼öÀÍ·ü: 0.00%
  ÃÖÁ¾ ÀÚ»ê: $0.00M
  ÃÖ´ë ¼Õ½Ç: 0.00%

[°Å·¡ Åë°è]
  ÃÑ °Å·¡ ¼ö: 0
  ½Â¸® È½¼ö: 0.0
  ¼Õ½Ç È½¼ö: 0.0
  ½Â·ü: 0.00%

[Æ÷Æ®Æú¸®¿À Åë°è]
  Æò±Õ Çö±Ý ºñÀ²: 100.00%
  ÃÖ´ë º¸À¯ Á¾¸ñ ¼ö: 0

[½ÇÇà Á¤º¸]
  ½ÇÇà ½Ã°£: 0.94ÃÊ

================================================================================
TEST COMPLETE
================================================================================
